<html>
<body>
<pre>
<h1>礦ision Build Log</h1>
<h2>Tool Versions:</h2>
IDE-Version: μVision V5.16a
Copyright (C) 2015 ARM Ltd and ARM Germany GmbH. All rights reserved.
License Information: ZGH Microsoft, Microsoft, LIC=8VR63-AH1E0-DK5BN-YTL71-YGS92-LL7LB
 
Tool Versions:
Toolchain:       MDK-ARM Standard  Version: 5.16a
Toolchain Path:  C:\Keil_v5\ARM\ARMCC\Bin
C Compiler:      Armcc.exe V5.06 (build 20)
Assembler:       Armasm.exe V5.06 (build 20)
Linker/Locator:  ArmLink.exe V5.06 (build 20)
Library Manager: ArmAr.exe V5.06 (build 20)
Hex Converter:   FromElf.exe V5.06 (build 20)
CPU DLL:         SARMCM3.DLL V5.16a
Dialog DLL:      DARMSTM.DLL V1.65.0.0
Target DLL:      Segger\JL2CM3.dll V2.99.15.2
Dialog DLL:      TARMSTM.DLL V1.64.0.0
 
<h2>Project:</h2>
E:\Work\四轴飞控项目\Reciever\USER\Receiver.uvprojx
Project File Date:  12/22/2015

<h2>Output:</h2>
*** Using Compiler 'V5.06 (build 20)', folder: 'C:\Keil_v5\ARM\ARMCC\Bin'
Build target 'Receiver'
compiling radiolink.c...
..\Application\inc\crtp.h(181): warning:  #1-D: last line of file ends without a newline
   #endif
..\Application\inc\radiolink.h(38): warning:  #1-D: last line of file ends without a newline
   #endif
..\Drivers\inc\stm32_qdcpt_exti.h(30): warning:  #1-D: last line of file ends without a newline
   #endif
..\Hardware\inc\nRF24L01.h(101): warning:  #1-D: last line of file ends without a newline
   #endif
..\Hardware\inc\OLED.h(56): warning:  #1-D: last line of file ends without a newline
  #endif
..\Application\src\radiolink.c(50): warning:  #550-D: variable "state" was set but never used
  }state;
..\Application\src\radiolink.c: 6 warnings, 0 errors
linking...
Program Size: Code=19828 RO-data=10652 RW-data=604 ZI-data=15020  
FromELF: creating hex file...
".\output\Receiver.axf" - 0 Error(s), 6 Warning(s).

<h2>Collection of Component include folders:</h2>
  E:\Work\四轴飞控项目\Reciever\USER\RTE
  C:\Keil_v5\ARM\PACK\Keil\STM32F1xx_DFP\1.1.0\Device\Include

<h2>Collection of Component Files used:</h2>
Build Time Elapsed:  00:00:08
</pre>
</body>
</html>
