<html>
<body>
<pre>
<h1>µVision Build Log</h1>
<h2>Project:</h2>
C:\Users\ZGH\Desktop\QuadCopter\Reciever\USER\Receiver.uvproj
Project File Date:  05/08/2015

<h2>Output:</h2>
Build target 'Receiver'
compiling system.c...
..\Application\inc\system.h(13): warning:  #1-D: last line of file ends without a newline
   #endif
..\Application\inc\console.h(48): warning:  #1-D: last line of file ends without a newline
   #endif
..\Application\inc\comm.h(14): warning:  #1-D: last line of file ends without a newline
   #endif
..\Application\inc\crtp.h(181): warning:  #1-D: last line of file ends without a newline
   #endif
..\Drivers\inc\stm32_qdcpt_exti.h(30): warning:  #1-D: last line of file ends without a newline
   #endif
..\Hardware\inc\nRF24L01.h(101): warning:  #1-D: last line of file ends without a newline
   #endif
..\Application\inc\radiolink.h(38): warning:  #1-D: last line of file ends without a newline
   #endif
..\Application\src\system.c(131): warning:  #1-D: last line of file ends without a newline
  }
..\Application\src\system.c(76): warning:  #550-D: variable "uartTaskName" was set but never used
        char *uartTaskName;
..\Application\src\system.c: 9 warnings, 0 errors
linking...
Program Size: Code=10660 RO-data=268 RW-data=640 ZI-data=19024  
FromELF: creating hex file...
".\output\Receiver.axf" - 0 Error(s), 9 Warning(s).
Load "C:\\Users\\ZGH\\Desktop\\QuadCopter\\Reciever\\USER\\output\\Receiver.axf" 
Set JLink Project File to "C:\Users\ZGH\Desktop\QuadCopter\Reciever\USER\JLinkSettings.ini"
* JLink Info: Device "STM32F103RB" selected (128 KB flash, 20 KB RAM).
 
JLink info:
------------
DLL: V4.72a, compiled Jun 26 2013 11:49:14
Firmware: J-Link ARM-OB STM32 compiled Aug 22 2012 19:52:04
Hardware: V7.00
S/N : 20090928 
Feature(s) : RDI,FlashDL,FlashBP,JFlash,GDBFull 
 
* JLink Info: Found SWD-DP with ID 0x1BA01477
* JLink Info: Found SWD-DP with ID 0x1BA01477
* JLink Info: TPIU fitted.
* JLink Info: FPUnit: 6 code (BP) slots and 2 literal slots
* JLink Info: Found Cortex-M3 r1p1, Little endian.
ROMTableAddr = 0xE00FF003
 
Target info:
------------
Device: STM32F103RB
VTarget = 3.300V
State of Pins: 
TCK: 0, TDI: 0, TDO: 1, TMS: 0, TRES: 1, TRST: 1
Hardware-Breakpoints: 6
Software-Breakpoints: 8192
Watchpoints:          4
JTAG speed: 4000 kHz
 
Erase Done.
Programming Done.
Verify OK.
Application running ...
</pre>
</body>
</html>
 
 
* JLink Info: Found SWD-DP with ID 0x1BA01477
* JLink Info: Found SWD-DP with ID 0x1BA01477
* JLink Info: TPIU fitted.
* JLink Info: FPUnit: 6 code (BP) slots and 2 literal slots
* JLink Info: Found Cortex-M3 r1p1, Little endian.
ROMTableAddr = 0xE00FF003
 
Target info:
------------
Device: STM32F103RB
VTarget = 3.300V
State of Pins: 
TCK: 0, TDI: 0, TDO: 1, TMS: 0, TRES: 1, TRST: 1
Hardware-Breakpoints: 6
Software-Breakpoints: 8192
Watchpoints:          4
JTAG speed: 4000 kHz
 
Erase Done.
Programming Done.
Verify OK.
Application running ...
: FPUnit: 6 code (BP) slots and 2 literal slots
* JLink Info: Found Cortex-M3 r1p1, Little endian.
ROMTableAddr = 0xE00FF003
 
Target info:
------------
Device: STM32F103RB
VTarget = 3.300V
State of Pins: 
TCK: 0, TDI: 0, TDO: 1, TMS: 0, TRES: 1, TRST: 1
Hardware-Breakpoints: 6
Software-Breakpoints: 8192
Watchpoints:          4
JTAG speed: 4000 kHz
 
Erase Done.
Programming Done.
Verify OK.
Application running ...
Load "C:\\Users\\ZGH\\Desktop\\QuadCopter\\Reciever\\USER\\output\\Receiver.axf" 
Set JLink Project File to "C:\Users\ZGH\Desktop\QuadCopter\Reciever\USER\JLinkSettings.ini"
* JLink Info: Device "STM32F103RB" selected (128 KB flash, 20 KB RAM).
 
JLink info:
------------
DLL: V4.72a, compiled Jun 26 2013 11:49:14
Firmware: J-Link ARM-OB STM32 compiled Aug 22 2012 19:52:04
Hardware: V7.00
S/N : 20090928 
Feature(s) : RDI,FlashDL,FlashBP,JFlash,GDBFull 
 
* JLink Info: Found SWD-DP with ID 0x1BA01477
* JLink Info: Found SWD-DP with ID 0x1BA01477
* JLink Info: TPIU fitted.
* JLink Info: FPUnit: 6 code (BP) slots and 2 literal slots
* JLink Info: Found Cortex-M3 r1p1, Little endian.
ROMTableAddr = 0xE00FF003
 
Target info:
------------
Device: STM32F103RB
VTarget = 3.300V
State of Pins: 
TCK: 0, TDI: 0, TDO: 1, TMS: 0, TRES: 1, TRST: 1
Hardware-Breakpoints: 6
Software-Breakpoints: 8192
Watchpoints:          4
JTAG speed: 4000 kHz
 
Erase Done.
Programming Done.
Verify OK.
Application running ...
