Component: ARM Compiler 5.06 (build 20) Tool: armlink [4d35a3]

==============================================================================

Section Cross References

    main.o(i.main) refers to ledseq.o(i.LedseqInit) for LedseqInit
    main.o(i.main) refers to oled.o(i.OLED_Init) for OLED_Init
    main.o(i.main) refers to stm32_qdcpt_adc.o(i.ADC_Configuration) for ADC_Configuration
    main.o(i.main) refers to key.o(i.KEY_Init) for KEY_Init
    main.o(i.main) refers to power.o(i.Power_Init) for Power_Init
    main.o(i.main) refers to interface.o(i.FlashOpen) for FlashOpen
    main.o(i.main) refers to interface.o(i.ReviseInterface) for ReviseInterface
    main.o(i.main) refers to system.o(i.systemLaunch) for systemLaunch
    main.o(i.main) refers to tasks.o(i.vTaskStartScheduler) for vTaskStartScheduler
    stm32f10x_it.o(i.DMA1_Channel4_IRQHandler) refers to stm32_qdcpt_usart.o(i.uartDmaIsr) for uartDmaIsr
    stm32f10x_it.o(i.EXTI4_IRQHandler) refers to stm32_qdcpt_exti.o(i.extiInterruptHandler) for extiInterruptHandler
    stm32f10x_it.o(i.USART1_IRQHandler) refers to stm32_qdcpt_usart.o(i.uartIsr) for uartIsr
    heap_4.o(i.prvHeapInit) refers to heap_4.o(.bss) for .bss
    heap_4.o(i.prvHeapInit) refers to heap_4.o(.data) for .data
    heap_4.o(i.prvInsertBlockIntoFreeList) refers to heap_4.o(.data) for .data
    heap_4.o(i.pvPortMalloc) refers to tasks.o(i.vTaskSuspendAll) for vTaskSuspendAll
    heap_4.o(i.pvPortMalloc) refers to heap_4.o(i.prvHeapInit) for prvHeapInit
    heap_4.o(i.pvPortMalloc) refers to heap_4.o(i.prvInsertBlockIntoFreeList) for prvInsertBlockIntoFreeList
    heap_4.o(i.pvPortMalloc) refers to tasks.o(i.xTaskResumeAll) for xTaskResumeAll
    heap_4.o(i.pvPortMalloc) refers to heap_4.o(.data) for .data
    heap_4.o(i.vPortFree) refers to tasks.o(i.vTaskSuspendAll) for vTaskSuspendAll
    heap_4.o(i.vPortFree) refers to heap_4.o(i.prvInsertBlockIntoFreeList) for prvInsertBlockIntoFreeList
    heap_4.o(i.vPortFree) refers to tasks.o(i.xTaskResumeAll) for xTaskResumeAll
    heap_4.o(i.vPortFree) refers to heap_4.o(.data) for .data
    heap_4.o(i.xPortGetFreeHeapSize) refers to heap_4.o(.data) for .data
    port.o(.emb_text) refers to tasks.o(i.vTaskSwitchContext) for vTaskSwitchContext
    port.o(.emb_text) refers to tasks.o(.data) for pxCurrentTCB
    port.o(i.vPortEnterCritical) refers to port.o(.emb_text) for ulPortSetInterruptMask
    port.o(i.vPortEnterCritical) refers to port.o(.data) for .data
    port.o(i.vPortExitCritical) refers to port.o(.emb_text) for vPortClearInterruptMask
    port.o(i.vPortExitCritical) refers to port.o(.data) for .data
    port.o(i.xPortStartScheduler) refers to port.o(i.vPortSetupTimerInterrupt) for vPortSetupTimerInterrupt
    port.o(i.xPortStartScheduler) refers to port.o(.emb_text) for __asm___6_port_c_39a90d8d__prvStartFirstTask
    port.o(i.xPortStartScheduler) refers to port.o(.data) for .data
    port.o(i.xPortSysTickHandler) refers to port.o(.emb_text) for ulPortSetInterruptMask
    port.o(i.xPortSysTickHandler) refers to tasks.o(i.xTaskIncrementTick) for xTaskIncrementTick
    croutine.o(i.prvCheckDelayedList) refers to tasks.o(i.xTaskGetTickCount) for xTaskGetTickCount
    croutine.o(i.prvCheckDelayedList) refers to port.o(.emb_text) for ulPortSetInterruptMask
    croutine.o(i.prvCheckDelayedList) refers to list.o(i.uxListRemove) for uxListRemove
    croutine.o(i.prvCheckDelayedList) refers to list.o(i.vListInsertEnd) for vListInsertEnd
    croutine.o(i.prvCheckDelayedList) refers to croutine.o(.data) for .data
    croutine.o(i.prvCheckDelayedList) refers to croutine.o(.bss) for .bss
    croutine.o(i.vCoRoutineAddToDelayedList) refers to list.o(i.uxListRemove) for uxListRemove
    croutine.o(i.vCoRoutineAddToDelayedList) refers to list.o(i.vListInsert) for vListInsert
    croutine.o(i.vCoRoutineAddToDelayedList) refers to croutine.o(.data) for .data
    croutine.o(i.vCoRoutineSchedule) refers to port.o(.emb_text) for ulPortSetInterruptMask
    croutine.o(i.vCoRoutineSchedule) refers to list.o(i.uxListRemove) for uxListRemove
    croutine.o(i.vCoRoutineSchedule) refers to list.o(i.vListInsertEnd) for vListInsertEnd
    croutine.o(i.vCoRoutineSchedule) refers to croutine.o(i.prvCheckDelayedList) for prvCheckDelayedList
    croutine.o(i.vCoRoutineSchedule) refers to croutine.o(.bss) for .bss
    croutine.o(i.vCoRoutineSchedule) refers to croutine.o(.data) for .data
    croutine.o(i.xCoRoutineCreate) refers to heap_4.o(i.pvPortMalloc) for pvPortMalloc
    croutine.o(i.xCoRoutineCreate) refers to list.o(i.vListInitialise) for vListInitialise
    croutine.o(i.xCoRoutineCreate) refers to list.o(i.vListInitialiseItem) for vListInitialiseItem
    croutine.o(i.xCoRoutineCreate) refers to list.o(i.vListInsertEnd) for vListInsertEnd
    croutine.o(i.xCoRoutineCreate) refers to croutine.o(.data) for .data
    croutine.o(i.xCoRoutineCreate) refers to croutine.o(.bss) for .bss
[...]
    prvInsertBlockIntoFreeList               0x08003bc1   Thumb Code    72  heap_4.o(i.prvInsertBlockIntoFreeList)
    i.prvInsertTimerInActiveList             0x08003c0c   Section        0  timers.o(i.prvInsertTimerInActiveList)
    prvInsertTimerInActiveList               0x08003c0d   Thumb Code    52  timers.o(i.prvInsertTimerInActiveList)
    i.prvProcessReceivedCommands             0x08003c44   Section        0  timers.o(i.prvProcessReceivedCommands)
    prvProcessReceivedCommands               0x08003c45   Thumb Code   140  timers.o(i.prvProcessReceivedCommands)
    i.prvProcessTimerOrBlockTask             0x08003cd4   Section        0  timers.o(i.prvProcessTimerOrBlockTask)
    prvProcessTimerOrBlockTask               0x08003cd5   Thumb Code   128  timers.o(i.prvProcessTimerOrBlockTask)
    i.prvSampleTimeNow                       0x08003d58   Section        0  timers.o(i.prvSampleTimeNow)
    prvSampleTimeNow                         0x08003d59   Thumb Code    36  timers.o(i.prvSampleTimeNow)
    i.prvSwitchTimerLists                    0x08003d80   Section        0  timers.o(i.prvSwitchTimerLists)
    prvSwitchTimerLists                      0x08003d81   Thumb Code    84  timers.o(i.prvSwitchTimerLists)
    i.prvTimerTask                           0x08003dd8   Section        0  timers.o(i.prvTimerTask)
    prvTimerTask                             0x08003dd9   Thumb Code    34  timers.o(i.prvTimerTask)
    i.prvUnlockQueue                         0x08003e00   Section        0  queue.o(i.prvUnlockQueue)
    prvUnlockQueue                           0x08003e01   Thumb Code   100  queue.o(i.prvUnlockQueue)
    i.pvPortMalloc                           0x08003e64   Section        0  heap_4.o(i.pvPortMalloc)
    i.pvTimerGetTimerID                      0x08003ef4   Section        0  timers.o(i.pvTimerGetTimerID)
    i.pxPortInitialiseStack                  0x08003ef8   Section        0  port.o(i.pxPortInitialiseStack)
    i.radioIsConnected                       0x08003f14   Section        0  radiolink.o(i.radioIsConnected)
    radioIsConnected                         0x08003f15   Thumb Code    26  radiolink.o(i.radioIsConnected)
    i.radioReceivePacket                     0x08003f34   Section        0  radiolink.o(i.radioReceivePacket)
    i.radioReset                             0x08003f50   Section        0  radiolink.o(i.radioReset)
    i.radioSendPacket                        0x08003f68   Section        0  radiolink.o(i.radioSendPacket)
    i.radioSetEnable                         0x08003f80   Section        0  radiolink.o(i.radioSetEnable)
    i.radiolinkInit                          0x08003f94   Section        0  radiolink.o(i.radiolinkInit)
    i.radiolinkInitNRF24L01P                 0x08004018   Section        0  radiolink.o(i.radiolinkInitNRF24L01P)
    radiolinkInitNRF24L01P                   0x08004019   Thumb Code   212  radiolink.o(i.radiolinkInitNRF24L01P)
    i.radiolinkTask                          0x080040f8   Section        0  radiolink.o(i.radiolinkTask)
    radiolinkTask                            0x080040f9   Thumb Code   100  radiolink.o(i.radiolinkTask)
    i.sqrt                                   0x08004164   Section        0  sqrt.o(i.sqrt)
    i.systemLaunch                           0x080041b0   Section        0  system.o(i.systemLaunch)
    i.systemTask                             0x080041dc   Section        0  system.o(i.systemTask)
    systemTask                               0x080041dd   Thumb Code    88  system.o(i.systemTask)
    i.uartDmaIsr                             0x08004250   Section        0  stm32_qdcpt_usart.o(i.uartDmaIsr)
    i.uartIsr                                0x08004284   Section        0  stm32_qdcpt_usart.o(i.uartIsr)
    i.uartReceiveCRTPPacket                  0x08004330   Section        0  stm32_qdcpt_usart.o(i.uartReceiveCRTPPacket)
    i.uartSendCRTPPacket                     0x08004354   Section        0  stm32_qdcpt_usart.o(i.uartSendCRTPPacket)
    i.uartSetEnable                          0x080043c0   Section        0  stm32_qdcpt_usart.o(i.uartSetEnable)
    uartSetEnable                            0x080043c1   Thumb Code     4  stm32_qdcpt_usart.o(i.uartSetEnable)
    i.uxListRemove                           0x080043c4   Section        0  list.o(i.uxListRemove)
    i.vListInitialise                        0x080043e8   Section        0  list.o(i.vListInitialise)
    i.vListInitialiseItem                    0x080043fe   Section        0  list.o(i.vListInitialiseItem)
    i.vListInsert                            0x08004404   Section        0  list.o(i.vListInsert)
    i.vListInsertEnd                         0x08004434   Section        0  list.o(i.vListInsertEnd)
    i.vPortEnterCritical                     0x0800444c   Section        0  port.o(i.vPortEnterCritical)
    i.vPortExitCritical                      0x08004468   Section        0  port.o(i.vPortExitCritical)
    i.vPortFree                              0x0800447c   Section        0  heap_4.o(i.vPortFree)
    i.vPortSetupTimerInterrupt               0x080044bc   Section        0  port.o(i.vPortSetupTimerInterrupt)
    i.vPortYield                             0x080044d0   Section        0  port.o(i.vPortYield)
    i.vQueueWaitForMessageRestricted         0x080044e8   Section        0  queue.o(i.vQueueWaitForMessageRestricted)
    i.vTaskDelay                             0x08004520   Section        0  tasks.o(i.vTaskDelay)
    i.vTaskDelayUntil                        0x08004554   Section        0  tasks.o(i.vTaskDelayUntil)
    i.vTaskMissedYield                       0x080045a4   Section        0  tasks.o(i.vTaskMissedYield)
    i.vTaskPlaceOnEventList                  0x080045b0   Section        0  tasks.o(i.vTaskPlaceOnEventList)
    i.vTaskPlaceOnEventListRestricted        0x080045ec   Section        0  tasks.o(i.vTaskPlaceOnEventListRestricted)
    i.vTaskSetTimeOutState                   0x08004614   Section        0  tasks.o(i.vTaskSetTimeOutState)
    i.vTaskStartScheduler                    0x08004624   Section        0  tasks.o(i.vTaskStartScheduler)
    i.vTaskSuspendAll                        0x08004670   Section        0  tasks.o(i.vTaskSuspendAll)
    i.vTaskSwitchContext                     0x08004680   Section        0  tasks.o(i.vTaskSwitchContext)
    i.xPortStartScheduler                    0x080046cc   Section        0  port.o(i.xPortStartScheduler)
    i.xPortSysTickHandler                    0x080046fc   Section        0  port.o(i.xPortSysTickHandler)
    i.xQueueGenericCreate                    0x08004720   Section        0  queue.o(i.xQueueGenericCreate)
    i.xQueueGenericReceive                   0x08004762   Section        0  queue.o(i.xQueueGenericReceive)
    i.xQueueGenericReset                     0x08004850   Section        0  queue.o(i.xQueueGenericReset)
    i.xQueueGenericSend                      0x080048b0   Section        0  queue.o(i.xQueueGenericSend)
    i.xQueueGenericSendFromISR               0x0800498c   Section        0  queue.o(i.xQueueGenericSendFromISR)
    i.xTaskCheckForTimeOut                   0x080049f0   Section        0  tasks.o(i.xTaskCheckForTimeOut)
    i.xTaskGenericCreate                     0x08004a38   Section        0  tasks.o(i.xTaskGenericCreate)
    i.xTaskGetSchedulerState                 0x08004bac   Section        0  tasks.o(i.xTaskGetSchedulerState)
    i.xTaskGetTickCount                      0x08004bc8   Section        0  tasks.o(i.xTaskGetTickCount)
    i.xTaskIncrementTick                     0x08004be0   Section        0  tasks.o(i.xTaskIncrementTick)
    i.xTaskRemoveFromEventList               0x08004ca0   Section        0  tasks.o(i.xTaskRemoveFromEventList)
    i.xTaskResumeAll                         0x08004cf8   Section        0  tasks.o(i.xTaskResumeAll)
    i.xTimerCreate                           0x08004d9c   Section        0  timers.o(i.xTimerCreate)
    i.xTimerCreateTimerTask                  0x08004dd8   Section        0  timers.o(i.xTimerCreateTimerTask)
    i.xTimerGenericCommand                   0x08004e18   Section        0  timers.o(i.xTimerGenericCommand)
    .constdata                               0x08004e60   Section    10240  oled.o(.constdata)
    .constdata                               0x08007660   Section      136  pow.o(.constdata)
    bp                                       0x08007660   Data          16  pow.o(.constdata)
    dp_h                                     0x08007670   Data          16  pow.o(.constdata)
    dp_l                                     0x08007680   Data          16  pow.o(.constdata)
    L                                        0x08007690   Data          48  pow.o(.constdata)
    P                                        0x080076c0   Data          40  pow.o(.constdata)
    .constdata                               0x080076e8   Section        8  qnan.o(.constdata)
    .data                                    0x20000000   Section       20  heap_4.o(.data)
    pxEnd                                    0x20000000   Data           4  heap_4.o(.data)
    xFreeBytesRemaining                      0x20000004   Data           4  heap_4.o(.data)
    xBlockAllocatedBit                       0x20000008   Data           4  heap_4.o(.data)
    xStart                                   0x2000000c   Data           8  heap_4.o(.data)
    .data                                    0x20000014   Section        4  port.o(.data)
    uxCriticalNesting                        0x20000014   Data           4  port.o(.data)
    .data                                    0x20000018   Section       56  tasks.o(.data)
    uxTasksDeleted                           0x2000001c   Data           4  tasks.o(.data)
    uxCurrentNumberOfTasks                   0x20000020   Data           4  tasks.o(.data)
    xTickCount                               0x20000024   Data           4  tasks.o(.data)
    uxTopReadyPriority                       0x20000028   Data           4  tasks.o(.data)
    xSchedulerRunning                        0x2000002c   Data           4  tasks.o(.data)
    uxSchedulerSuspended                     0x20000030   Data           4  tasks.o(.data)
    uxPendedTicks                            0x20000034   Data           4  tasks.o(.data)
    xYieldPending                            0x20000038   Data           4  tasks.o(.data)
    xNumOfOverflows                          0x2000003c   Data           4  tasks.o(.data)
    uxTaskNumber                             0x20000040   Data           4  tasks.o(.data)
    xNextTaskUnblockTime                     0x20000044   Data           4  tasks.o(.data)
    pxDelayedTaskList                        0x20000048   Data           4  tasks.o(.data)
    pxOverflowDelayedTaskList                0x2000004c   Data           4  tasks.o(.data)
    .data                                    0x20000050   Section       16  timers.o(.data)
    xTimerQueue                              0x20000050   Data           4  timers.o(.data)
    xLastTime                                0x20000054   Data           4  timers.o(.data)
    pxCurrentTimerList                       0x20000058   Data           4  timers.o(.data)
    pxOverflowTimerList                      0x2000005c   Data           4  timers.o(.data)
    .data                                    0x20000060   Section       40  radiolink.o(.data)
    isInit                                   0x20000060   Data           1  radiolink.o(.data)
    state                                    0x20000061   Data           1  radiolink.o(.data)
    dataRdy                                  0x20000064   Data           4  radiolink.o(.data)
    txQueue                                  0x20000068   Data           4  radiolink.o(.data)
    rxQueue                                  0x2000006c   Data           4  radiolink.o(.data)
    LastPacketTick                           0x20000070   Data           4  radiolink.o(.data)
    radioOp                                  0x20000074   Data          20  radiolink.o(.data)
    .data                                    0x20000088   Section       60  ledseq.o(.data)
    isInit                                   0x20000088   Data           1  ledseq.o(.data)
    LedseqSem                                0x2000008c   Data           4  ledseq.o(.data)
    activeSeq                                0x20000090   Data           8  ledseq.o(.data)
    timer                                    0x20000098   Data           8  ledseq.o(.data)
    sequences                                0x200000a0   Data          36  ledseq.o(.data)
    .data                                    0x200000c4   Section       16  ledseq.o(.data)
    .data                                    0x200000d4   Section       24  ledseq.o(.data)
    .data                                    0x200000ec   Section       24  ledseq.o(.data)
    .data                                    0x20000104   Section       24  ledseq.o(.data)
    .data                                    0x2000011c   Section       24  ledseq.o(.data)
    .data                                    0x20000134   Section       16  ledseq.o(.data)
    .data                                    0x20000144   Section       24  ledseq.o(.data)
    .data                                    0x2000015c   Section       24  ledseq.o(.data)
    .data                                    0x20000174   Section      120  ledseq.o(.data)
    .data                                    0x200001ec   Section        1  comm.o(.data)
    isInit                                   0x200001ec   Data           1  comm.o(.data)
    .data                                    0x200001ed   Section        2  system.o(.data)
    .data                                    0x200001f0   Section       28  interface.o(.data)
    .data                                    0x2000020c   Section        2  oled.o(.data)
    i                                        0x2000020c   Data           1  oled.o(.data)
    j                                        0x2000020d   Data           1  oled.o(.data)
    .data                                    0x2000020e   Section       20  key.o(.data)
    key_up                                   0x20000214   Data           1  key.o(.data)
    .data                                    0x20000224   Section       44  stm32_qdcpt_usart.o(.data)
    crcIndex                                 0x20000224   Data           1  stm32_qdcpt_usart.o(.data)
    isUartDmaInitialized                     0x20000225   Data           1  stm32_qdcpt_usart.o(.data)
    dataIndex                                0x20000226   Data           1  stm32_qdcpt_usart.o(.data)
    dataSize                                 0x20000227   Data           1  stm32_qdcpt_usart.o(.data)
    txState                                  0x20000228   Data           1  stm32_qdcpt_usart.o(.data)
    xRxedChars                               0x20000230   Data           4  stm32_qdcpt_usart.o(.data)
    xCharsForTx                              0x20000234   Data           4  stm32_qdcpt_usart.o(.data)
    packetDelivery                           0x20000238   Data           4  stm32_qdcpt_usart.o(.data)
    uartOp                                   0x2000023c   Data          20  stm32_qdcpt_usart.o(.data)
    .data                                    0x20000250   Section        4  stm32_qdcpt_exti.o(.data)
    interruptCb                              0x20000250   Data           4  stm32_qdcpt_exti.o(.data)
    .data                                    0x20000254   Section        4  stm32_qdcpt_adc.o(.data)
    RockPacketDelivery                       0x20000254   Data           4  stm32_qdcpt_adc.o(.data)
    .data                                    0x20000258   Section        4  errno.o(.data)
    _errno                                   0x20000258   Data           4  errno.o(.data)
    .bss                                     0x2000025c   Section    12288  heap_4.o(.bss)
    ucHeap                                   0x2000025c   Data       12288  heap_4.o(.bss)
    .bss                                     0x2000325c   Section      200  tasks.o(.bss)
    pxReadyTasksLists                        0x2000325c   Data         100  tasks.o(.bss)
    xDelayedTaskList1                        0x200032c0   Data          20  tasks.o(.bss)
    xDelayedTaskList2                        0x200032d4   Data          20  tasks.o(.bss)
    xPendingReadyList                        0x200032e8   Data          20  tasks.o(.bss)
    xTasksWaitingTermination                 0x200032fc   Data          20  tasks.o(.bss)
    xSuspendedTaskList                       0x20003310   Data          20  tasks.o(.bss)
    .bss                                     0x20003324   Section       40  timers.o(.bss)
    xActiveTimerList1                        0x20003324   Data          20  timers.o(.bss)
    xActiveTimerList2                        0x20003338   Data          20  timers.o(.bss)
    .bss                                     0x2000334c   Section       33  radiolink.o(.bss)
    .bss                                     0x20003370   Section       72  ledseq.o(.bss)
    state                                    0x20003370   Data          72  ledseq.o(.bss)
    .bss                                     0x200033b8   Section       66  system.o(.bss)
    .bss                                     0x200033fa   Section       24  interface.o(.bss)
    .bss                                     0x20003412   Section     1024  oled.o(.bss)
    .bss                                     0x20003814   Section      141  stm32_qdcpt_usart.o(.bss)
    DMA_InitStructureShare                   0x20003854   Data          44  stm32_qdcpt_usart.o(.bss)
    .bss                                     0x200038a4   Section      100  stm32_qdcpt_adc.o(.bss)
    STACK                                    0x20003908   Section     1024  startup_stm32f10x_md.o(STACK)

    Global Symbols

    Symbol Name                              Value     Ov Type        Size  Object(Section)

    BuildAttributes$$THM_ISAv4$P$D$K$B$S$PE$A:L22UL41UL21$X:L11$S22US41US21$IEEE1$IW$USESV6$~STKCKD$USESV7$~SHL$OTIME$ROPI$IEEEX$EBA8$MICROLIB$REQ8$PRES8$EABIv2 0x00000000   Number         0  anon$$obj.o ABSOLUTE
    __ARM_use_no_argv                        0x00000000   Number         0  main.o ABSOLUTE
    _printf_a                                0x00000000   Number         0  stubs.o ABSOLUTE
    _printf_c                                0x00000000   Number         0  stubs.o ABSOLUTE
    _printf_charcount                        0x00000000   Number         0  stubs.o ABSOLUTE
    _printf_d                                0x00000000   Number         0  stubs.o ABSOLUTE
    _printf_e                                0x00000000   Number         0  stubs.o ABSOLUTE
    _printf_f                                0x00000000   Number         0  stubs.o ABSOLUTE
    _printf_flags                            0x00000000   Number         0  stubs.o ABSOLUTE
    _printf_fp_dec                           0x00000000   Number         0  stubs.o ABSOLUTE
    _printf_fp_hex                           0x00000000   Number         0  stubs.o ABSOLUTE
    _printf_g                                0x00000000   Number         0  stubs.o ABSOLUTE
    _printf_i                                0x00000000   Number         0  stubs.o ABSOLUTE
    _printf_int_dec                          0x00000000   Number         0  stubs.o ABSOLUTE
    _printf_l                                0x00000000   Number         0  stubs.o ABSOLUTE
    _printf_lc                               0x00000000   Number         0  stubs.o ABSOLUTE
    _printf_ll                               0x00000000   Number         0  stubs.o ABSOLUTE
    _printf_lld                              0x00000000   Number         0  stubs.o ABSOLUTE
    _printf_lli                              0x00000000   Number         0  stubs.o ABSOLUTE
    _printf_llo                              0x00000000   Number         0  stubs.o ABSOLUTE
    _printf_llu                              0x00000000   Number         0  stubs.o ABSOLUTE
    _printf_llx                              0x00000000   Number         0  stubs.o ABSOLUTE
    _printf_longlong_dec                     0x00000000   Number         0  stubs.o ABSOLUTE
    _printf_longlong_hex                     0x00000000   Number         0  stubs.o ABSOLUTE
    _printf_longlong_oct                     0x00000000   Number         0  stubs.o ABSOLUTE
    _printf_ls                               0x00000000   Number         0  stubs.o ABSOLUTE
    _printf_mbtowc                           0x00000000   Number         0  stubs.o ABSOLUTE
    _printf_n                                0x00000000   Number         0  stubs.o ABSOLUTE
    _printf_o                                0x00000000   Number         0  stubs.o ABSOLUTE
    _printf_p                                0x00000000   Number         0  stubs.o ABSOLUTE
    _printf_percent                          0x00000000   Number         0  stubs.o ABSOLUTE
    _printf_pre_padding                      0x00000000   Number         0  stubs.o ABSOLUTE
    _printf_return_value                     0x00000000   Number         0  stubs.o ABSOLUTE
    _printf_s                                0x00000000   Number         0  stubs.o ABSOLUTE
    _printf_sizespec                         0x00000000   Number         0  stubs.o ABSOLUTE
    _printf_str                              0x00000000   Number         0  stubs.o ABSOLUTE
    _printf_truncate_signed                  0x00000000   Number         0  stubs.o ABSOLUTE
    _printf_truncate_unsigned                0x00000000   Number         0  stubs.o ABSOLUTE
    _printf_u                                0x00000000   Number         0  stubs.o ABSOLUTE
    _printf_wc                               0x00000000   Number         0  stubs.o ABSOLUTE
    _printf_wctomb                           0x00000000   Number         0  stubs.o ABSOLUTE
    _printf_widthprec                        0x00000000   Number         0  stubs.o ABSOLUTE
    _printf_x                                0x00000000   Number         0  stubs.o ABSOLUTE
    __cpp_initialize__aeabi_                  - Undefined Weak Reference
    __cxa_finalize                            - Undefined Weak Reference
    _clock_init                               - Undefined Weak Reference
    _microlib_exit                            - Undefined Weak Reference
    __Vectors_Size                           0x000000ec   Number         0  startup_stm32f10x_md.o ABSOLUTE
    __Vectors                                0x08000000   Data           4  startup_stm32f10x_md.o(RESET)
    __Vectors_End                            0x080000ec   Data           0  startup_stm32f10x_md.o(RESET)
    __main                                   0x080000ed   Thumb Code     0  entry.o(.ARM.Collect$$$$00000000)
    _main_stk                                0x080000ed   Thumb Code     0  entry2.o(.ARM.Collect$$$$00000001)
    _main_scatterload                        0x080000f1   Thumb Code     0  entry5.o(.ARM.Collect$$$$00000004)
    __main_after_scatterload                 0x080000f5   Thumb Code     0  entry5.o(.ARM.Collect$$$$00000004)
    _main_clock                              0x080000f5   Thumb Code     0  entry7b.o(.ARM.Collect$$$$00000008)
    _main_cpp_init                           0x080000f5   Thumb Code     0  entry8b.o(.ARM.Collect$$$$0000000A)
    _main_init                               0x080000f5   Thumb Code     0  entry9a.o(.ARM.Collect$$$$0000000B)
    __rt_final_cpp                           0x080000fd   Thumb Code     0  entry10a.o(.ARM.Collect$$$$0000000D)
    __rt_final_exit                          0x080000fd   Thumb Code     0  entry11a.o(.ARM.Collect$$$$0000000F)
    SVC_Handler                              0x08000101   Thumb Code     0  port.o(.emb_text)
    vPortSVCHandler                          0x08000101   Thumb Code    28  port.o(.emb_text)
    __asm___6_port_c_39a90d8d__prvStartFirstTask 0x08000121   Thumb Code    16  port.o(.emb_text)
    PendSV_Handler                           0x08000135   Thumb Code     0  port.o(.emb_text)
    xPortPendSVHandler                       0x08000135   Thumb Code    56  port.o(.emb_text)
    ulPortSetInterruptMask                   0x08000171   Thumb Code    14  port.o(.emb_text)
    vPortClearInterruptMask                  0x0800017f   Thumb Code     6  port.o(.emb_text)
    vPortGetIPSR                             0x08000185   Thumb Code     6  port.o(.emb_text)
    Reset_Handler                            0x0800018d   Thumb Code     8  startup_stm32f10x_md.o(.text)
    ADC1_2_IRQHandler                        0x080001a7   Thumb Code     0  startup_stm32f10x_md.o(.text)
    CAN1_RX1_IRQHandler                      0x080001a7   Thumb Code     0  startup_stm32f10x_md.o(.text)
    CAN1_SCE_IRQHandler                      0x080001a7   Thumb Code     0  startup_stm32f10x_md.o(.text)
    EXTI0_IRQHandler                         0x080001a7   Thumb Code     0  startup_stm32f10x_md.o(.text)
    EXTI15_10_IRQHandler                     0x080001a7   Thumb Code     0  startup_stm32f10x_md.o(.text)
    EXTI1_IRQHandler                         0x080001a7   Thumb Code     0  startup_stm32f10x_md.o(.text)
    EXTI2_IRQHandler                         0x080001a7   Thumb Code     0  startup_stm32f10x_md.o(.text)
    EXTI3_IRQHandler                         0x080001a7   Thumb Code     0  startup_stm32f10x_md.o(.text)
    EXTI9_5_IRQHandler                       0x080001a7   Thumb Code     0  startup_stm32f10x_md.o(.text)
    FLASH_IRQHandler                         0x080001a7   Thumb Code     0  startup_stm32f10x_md.o(.text)
    I2C1_ER_IRQHandler                       0x080001a7   Thumb Code     0  startup_stm32f10x_md.o(.text)
    I2C1_EV_IRQHandler                       0x080001a7   Thumb Code     0  startup_stm32f10x_md.o(.text)
    I2C2_ER_IRQHandler                       0x080001a7   Thumb Code     0  startup_stm32f10x_md.o(.text)
    I2C2_EV_IRQHandler                       0x080001a7   Thumb Code     0  startup_stm32f10x_md.o(.text)
    PVD_IRQHandler                           0x080001a7   Thumb Code     0  startup_stm32f10x_md.o(.text)
    RCC_IRQHandler                           0x080001a7   Thumb Code     0  startup_stm32f10x_md.o(.text)
    RTCAlarm_IRQHandler                      0x080001a7   Thumb Code     0  startup_stm32f10x_md.o(.text)
    RTC_IRQHandler                           0x080001a7   Thumb Code     0  startup_stm32f10x_md.o(.text)
    SPI1_IRQHandler                          0x080001a7   Thumb Code     0  startup_stm32f10x_md.o(.text)
    SPI2_IRQHandler                          0x080001a7   Thumb Code     0  startup_stm32f10x_md.o(.text)
    TAMPER_IRQHandler                        0x080001a7   Thumb Code     0  startup_stm32f10x_md.o(.text)
    TIM1_BRK_IRQHandler                      0x080001a7   Thumb Code     0  startup_stm32f10x_md.o(.text)
    TIM1_CC_IRQHandler                       0x080001a7   Thumb Code     0  startup_stm32f10x_md.o(.text)
    TIM1_TRG_COM_IRQHandler                  0x080001a7   Thumb Code     0  startup_stm32f10x_md.o(.text)
    TIM1_UP_IRQHandler                       0x080001a7   Thumb Code     0  startup_stm32f10x_md.o(.text)
    TIM2_IRQHandler                          0x080001a7   Thumb Code     0  startup_stm32f10x_md.o(.text)
    TIM3_IRQHandler                          0x080001a7   Thumb Code     0  startup_stm32f10x_md.o(.text)
    TIM4_IRQHandler                          0x080001a7   Thumb Code     0  startup_stm32f10x_md.o(.text)
    USART2_IRQHandler                        0x080001a7   Thumb Code     0  startup_stm32f10x_md.o(.text)
    USART3_IRQHandler                        0x080001a7   Thumb Code     0  startup_stm32f10x_md.o(.text)
    USBWakeUp_IRQHandler                     0x080001a7   Thumb Code     0  startup_stm32f10x_md.o(.text)
    USB_HP_CAN1_TX_IRQHandler                0x080001a7   Thumb Code     0  startup_stm32f10x_md.o(.text)
    USB_LP_CAN1_RX0_IRQHandler               0x080001a7   Thumb Code     0  startup_stm32f10x_md.o(.text)
    WWDG_IRQHandler                          0x080001a7   Thumb Code     0  startup_stm32f10x_md.o(.text)
    __aeabi_memcpy                           0x080001b1   Thumb Code    36  memcpya.o(.text)
    __aeabi_memcpy4                          0x080001b1   Thumb Code     0  memcpya.o(.text)
    __aeabi_memcpy8                          0x080001b1   Thumb Code     0  memcpya.o(.text)
    __aeabi_memset                           0x080001d5   Thumb Code    14  memseta.o(.text)
    __aeabi_memset4                          0x080001d5   Thumb Code     0  memseta.o(.text)
    __aeabi_memset8                          0x080001d5   Thumb Code     0  memseta.o(.text)
    __aeabi_memclr                           0x080001e3   Thumb Code     4  memseta.o(.text)
    __aeabi_memclr4                          0x080001e3   Thumb Code     0  memseta.o(.text)
    __aeabi_memclr8                          0x080001e3   Thumb Code     0  memseta.o(.text)
    _memset$wrapper                          0x080001e7   Thumb Code    18  memseta.o(.text)
    __aeabi_dmul                             0x080001f9   Thumb Code   228  dmul.o(.text)
    __aeabi_i2d                              0x080002dd   Thumb Code    34  dflti.o(.text)
    __aeabi_ui2d                             0x080002ff   Thumb Code    26  dfltui.o(.text)
    __aeabi_f2uiz                            0x08000319   Thumb Code    40  ffixui.o(.text)
    __aeabi_d2uiz                            0x08000341   Thumb Code    50  dfixui.o(.text)
    __aeabi_f2d                              0x08000373   Thumb Code    38  f2d.o(.text)
    __aeabi_llsr                             0x08000399   Thumb Code    32  llushr.o(.text)
    _ll_ushift_r                             0x08000399   Thumb Code     0  llushr.o(.text)
    __I$use$fp                               0x080003b9   Thumb Code     0  iusefp.o(.text)
    _double_round                            0x080003b9   Thumb Code    30  depilogue.o(.text)
    _double_epilogue                         0x080003d7   Thumb Code   156  depilogue.o(.text)
    __aeabi_dadd                             0x08000473   Thumb Code   322  dadd.o(.text)
    __aeabi_dsub                             0x080005b5   Thumb Code     6  dadd.o(.text)
    __aeabi_drsub                            0x080005bb   Thumb Code     6  dadd.o(.text)
    __aeabi_ddiv                             0x080005c1   Thumb Code   222  ddiv.o(.text)
    __ARM_scalbn                             0x0800069f   Thumb Code    46  dscalb.o(.text)
    scalbn                                   0x0800069f   Thumb Code     0  dscalb.o(.text)
    __aeabi_cdrcmple                         0x080006cd   Thumb Code    48  cdrcmple.o(.text)
    __scatterload                            0x080006fd   Thumb Code    28  init.o(.text)
    __scatterload_rt2                        0x080006fd   Thumb Code     0  init.o(.text)
    __aeabi_llsl                             0x08000721   Thumb Code    30  llshl.o(.text)
    _ll_shift_l                              0x08000721   Thumb Code     0  llshl.o(.text)
    __aeabi_lasr                             0x0800073f   Thumb Code    36  llsshr.o(.text)
    _ll_sshift_r                             0x0800073f   Thumb Code     0  llsshr.o(.text)
    _dsqrt                                   0x08000763   Thumb Code   162  dsqrt.o(.text)
    __decompress                             0x08000805   Thumb Code     0  __dczerorl2.o(.text)
    __decompress1                            0x08000805   Thumb Code    86  __dczerorl2.o(.text)
    ADC_Cmd                                  0x0800085b   Thumb Code    20  stm32f10x_adc.o(i.ADC_Cmd)
    ADC_Configuration                        0x08000871   Thumb Code   318  stm32_qdcpt_adc.o(i.ADC_Configuration)
    ADC_DMACmd                               0x080009bd   Thumb Code    20  stm32f10x_adc.o(i.ADC_DMACmd)
    ADC_DMA_Configuration                    0x080009d1   Thumb Code    72  stm32_qdcpt_adc.o(i.ADC_DMA_Configuration)
    ADC_DeInit                               0x08000a25   Thumb Code    56  stm32f10x_adc.o(i.ADC_DeInit)
    ADC_ExternalTrigConvCmd                  0x08000a69   Thumb Code    20  stm32f10x_adc.o(i.ADC_ExternalTrigConvCmd)
    ADC_GPIO_Configuration                   0x08000a7d   Thumb Code    64  stm32_qdcpt_adc.o(i.ADC_GPIO_Configuration)
    ADC_GetCalibrationStatus                 0x08000ac5   Thumb Code    14  stm32f10x_adc.o(i.ADC_GetCalibrationStatus)
    ADC_GetResetCalibrationStatus            0x08000ad3   Thumb Code    14  stm32f10x_adc.o(i.ADC_GetResetCalibrationStatus)
    ADC_Init                                 0x08000ae1   Thumb Code    62  stm32f10x_adc.o(i.ADC_Init)
    ADC_RegularChannelConfig                 0x08000b29   Thumb Code   116  stm32f10x_adc.o(i.ADC_RegularChannelConfig)
    ADC_ResetCalibration                     0x08000b9d   Thumb Code    10  stm32f10x_adc.o(i.ADC_ResetCalibration)
    ADC_RockReceiveCRTPPacket                0x08000ba9   Thumb Code    28  stm32_qdcpt_adc.o(i.ADC_RockReceiveCRTPPacket)
    ADC_SoftwareStartConvCmd                 0x08000bc9   Thumb Code    20  stm32f10x_adc.o(i.ADC_SoftwareStartConvCmd)
    ADC_StartCalibration                     0x08000bdd   Thumb Code    10  stm32f10x_adc.o(i.ADC_StartCalibration)
    ADC_TempSensorVrefintCmd                 0x08000be9   Thumb Code    22  stm32f10x_adc.o(i.ADC_TempSensorVrefintCmd)
    BusFault_Handler                         0x08000c05   Thumb Code     2  stm32f10x_it.o(i.BusFault_Handler)
    ByteToFloat                              0x08000c07   Thumb Code    22  fp16.o(i.ByteToFloat)
    DMA1_Channel1_IRQHandler                 0x08000c1d   Thumb Code     2  stm32f10x_it.o(i.DMA1_Channel1_IRQHandler)
    DMA1_Channel2_IRQHandler                 0x08000c1f   Thumb Code     2  stm32f10x_it.o(i.DMA1_Channel2_IRQHandler)
    DMA1_Channel3_IRQHandler                 0x08000c21   Thumb Code     2  stm32f10x_it.o(i.DMA1_Channel3_IRQHandler)
    DMA1_Channel4_IRQHandler                 0x08000c23   Thumb Code     4  stm32f10x_it.o(i.DMA1_Channel4_IRQHandler)
    DMA1_Channel5_IRQHandler                 0x08000c27   Thumb Code     2  stm32f10x_it.o(i.DMA1_Channel5_IRQHandler)
    DMA1_Channel6_IRQHandler                 0x08000c29   Thumb Code     2  stm32f10x_it.o(i.DMA1_Channel6_IRQHandler)
    DMA1_Channel7_IRQHandler                 0x08000c2b   Thumb Code     2  stm32f10x_it.o(i.DMA1_Channel7_IRQHandler)
    DMA_ClearFlag                            0x08000c2d   Thumb Code    16  stm32f10x_dma.o(i.DMA_ClearFlag)
    DMA_ClearITPendingBit                    0x08000c45   Thumb Code    16  stm32f10x_dma.o(i.DMA_ClearITPendingBit)
    DMA_Cmd                                  0x08000c5d   Thumb Code    22  stm32f10x_dma.o(i.DMA_Cmd)
    DMA_DeInit                               0x08000c75   Thumb Code   218  stm32f10x_dma.o(i.DMA_DeInit)
    DMA_GetFlagStatus                        0x08000d59   Thumb Code    24  stm32f10x_dma.o(i.DMA_GetFlagStatus)
    DMA_ITConfig                             0x08000d79   Thumb Code    16  stm32f10x_dma.o(i.DMA_ITConfig)
    DMA_Init                                 0x08000d89   Thumb Code    58  stm32f10x_dma.o(i.DMA_Init)
    DebugMon_Handler                         0x08000dc3   Thumb Code     2  stm32f10x_it.o(i.DebugMon_Handler)
    EXTI4_IRQHandler                         0x08000dc5   Thumb Code     4  stm32f10x_it.o(i.EXTI4_IRQHandler)
    EXTI_ClearITPendingBit                   0x08000dc9   Thumb Code     6  stm32f10x_exti.o(i.EXTI_ClearITPendingBit)
    EXTI_GetITStatus                         0x08000dd5   Thumb Code    28  stm32f10x_exti.o(i.EXTI_GetITStatus)
    EXTI_Init                                0x08000df5   Thumb Code   108  stm32f10x_exti.o(i.EXTI_Init)
    FlashOpen                                0x08000e65   Thumb Code   118  interface.o(i.FlashOpen)
    GPIO_EXTILineConfig                      0x08000edd   Thumb Code    34  stm32f10x_gpio.o(i.GPIO_EXTILineConfig)
    GPIO_Init                                0x08000f05   Thumb Code   156  stm32f10x_gpio.o(i.GPIO_Init)
    GPIO_ReadInputDataBit                    0x08000fa1   Thumb Code    14  stm32f10x_gpio.o(i.GPIO_ReadInputDataBit)
    GPIO_ResetBits                           0x08000faf   Thumb Code     4  stm32f10x_gpio.o(i.GPIO_ResetBits)
    GPIO_SetBits                             0x08000fb3   Thumb Code     4  stm32f10x_gpio.o(i.GPIO_SetBits)
    GPIO_WriteBit                            0x08000fb7   Thumb Code    10  stm32f10x_gpio.o(i.GPIO_WriteBit)
    Get_PITCH                                0x08000fc1   Thumb Code     8  stm32_qdcpt_adc.o(i.Get_PITCH)
    Get_ROLL                                 0x08000fcd   Thumb Code     8  stm32_qdcpt_adc.o(i.Get_ROLL)
    Get_THY                                  0x08000fd9   Thumb Code     8  stm32_qdcpt_adc.o(i.Get_THY)
    Get_YAW                                  0x08000fe5   Thumb Code     8  stm32_qdcpt_adc.o(i.Get_YAW)
    HardFault_Handler                        0x08000ff1   Thumb Code     2  stm32f10x_it.o(i.HardFault_Handler)
    Homing_ReviseInterface                   0x08000ff3   Thumb Code   332  interface.o(i.Homing_ReviseInterface)
    InterfaceDisplay                         0x08001141   Thumb Code   156  key.o(i.InterfaceDisplay)
    InterfaceReceiveCRTPPacket               0x080011e1   Thumb Code    98  interface.o(i.InterfaceReceiveCRTPPacket)
    KEY_Init                                 0x08001285   Thumb Code    56  key.o(i.KEY_Init)
    KeyCenterEvent                           0x080012c5   Thumb Code    98  key.o(i.KeyCenterEvent)
    KeyDownEvent                             0x0800132d   Thumb Code    26  key.o(i.KeyDownEvent)
    KeyLeftEvent                             0x08001365   Thumb Code    56  key.o(i.KeyLeftEvent)
    KeyLeftUpEvent                           0x080013a1   Thumb Code    28  key.o(i.KeyLeftUpEvent)
    KeyRightEvent                            0x080013c1   Thumb Code    52  key.o(i.KeyRightEvent)
    KeyRightUpEvent                          0x080013f9   Thumb Code    28  key.o(i.KeyRightUpEvent)
    KeyRockLeftEvent                         0x08001419   Thumb Code    56  key.o(i.KeyRockLeftEvent)
    KeyRockRightEvent                        0x08001455   Thumb Code    60  key.o(i.KeyRockRightEvent)
    KeyUpEvent                               0x08001495   Thumb Code    26  key.o(i.KeyUpEvent)
    Key_Handle                               0x080014b5   Thumb Code    88  key.o(i.Key_Handle)
    Key_Scan                                 0x0800150d   Thumb Code   406  key.o(i.Key_Scan)
    LedseqInit                               0x080016b1   Thumb Code   124  ledseq.o(i.LedseqInit)
    MemManage_Handler                        0x08001745   Thumb Code     2  stm32f10x_it.o(i.MemManage_Handler)
    NMI_Handler                              0x08001747   Thumb Code     2  stm32f10x_it.o(i.NMI_Handler)
    NVIC_Init                                0x08001749   Thumb Code    94  misc.o(i.NVIC_Init)
    OLED_Clear                               0x080017ad   Thumb Code    38  oled.o(i.OLED_Clear)
    OLED_DrawPoint                           0x080017d9   Thumb Code    54  oled.o(i.OLED_DrawPoint)
    OLED_Fill                                0x08001815   Thumb Code    56  oled.o(i.OLED_Fill)
    OLED_Init                                0x0800184d   Thumb Code   284  oled.o(i.OLED_Init)
    OLED_Line                                0x08001971   Thumb Code   128  oled.o(i.OLED_Line)
    OLED_Rectangle                           0x080019f1   Thumb Code   128  oled.o(i.OLED_Rectangle)
    OLED_Refresh_Gram                        0x08001a71   Thumb Code    92  oled.o(i.OLED_Refresh_Gram)
    OLED_ShowChar                            0x08001ad5   Thumb Code   166  oled.o(i.OLED_ShowChar)
    OLED_ShowChinese                         0x08001b89   Thumb Code   164  oled.o(i.OLED_ShowChinese)
    OLED_ShowFloatNum                        0x08001c39   Thumb Code   166  oled.o(i.OLED_ShowFloatNum)
    OLED_ShowNum                             0x08001ce5   Thumb Code   116  oled.o(i.OLED_ShowNum)
    OLED_ShowString                          0x08001d59   Thumb Code    86  oled.o(i.OLED_ShowString)
    OLED_WR_Byte                             0x08001db1   Thumb Code   100  oled.o(i.OLED_WR_Byte)
    PlaneInterface                           0x08001e1d   Thumb Code    98  interface.o(i.PlaneInterface)
    PowerInterface                           0x08001e7f   Thumb Code    98  interface.o(i.PowerInterface)
    Power_Init                               0x08001ee1   Thumb Code    74  power.o(i.Power_Init)
    Qdcpt_InterfaceRefresh_Task              0x08002041   Thumb Code    26  interface.o(i.Qdcpt_InterfaceRefresh_Task)
    Qdcpt_KeyHandle_Task                     0x08002075   Thumb Code    26  key.o(i.Qdcpt_KeyHandle_Task)
    Qdcpt_Rock_Task                          0x080020a1   Thumb Code    26  stm32_qdcpt_adc.o(i.Qdcpt_Rock_Task)
    RCC_ADCCLKConfig                         0x080020c9   Thumb Code    14  stm32f10x_rcc.o(i.RCC_ADCCLKConfig)
    RCC_AHBPeriphClockCmd                    0x080020dd   Thumb Code    18  stm32f10x_rcc.o(i.RCC_AHBPeriphClockCmd)
    RCC_APB2PeriphClockCmd                   0x080020f5   Thumb Code    18  stm32f10x_rcc.o(i.RCC_APB2PeriphClockCmd)
    RCC_APB2PeriphResetCmd                   0x0800210d   Thumb Code    18  stm32f10x_rcc.o(i.RCC_APB2PeriphResetCmd)
    RX_Task                                  0x08002125   Thumb Code    34  system.o(i.RX_Task)
    ReviseInterface                          0x08002155   Thumb Code    98  interface.o(i.ReviseInterface)
    SPI_Cmd                                  0x08002291   Thumb Code    20  stm32f10x_spi.o(i.SPI_Cmd)
    SPI_I2S_GetFlagStatus                    0x080022a5   Thumb Code    14  stm32f10x_spi.o(i.SPI_I2S_GetFlagStatus)
    SPI_I2S_ReceiveData                      0x080022b3   Thumb Code     4  stm32f10x_spi.o(i.SPI_I2S_ReceiveData)
    SPI_I2S_SendData                         0x080022b7   Thumb Code     4  stm32f10x_spi.o(i.SPI_I2S_SendData)
    SPI_Init                                 0x080022bb   Thumb Code    56  stm32f10x_spi.o(i.SPI_Init)
    SetModel                                 0x080022f5   Thumb Code    24  stm32_qdcpt_adc.o(i.SetModel)
    ShowBMP                                  0x080023bd   Thumb Code   102  oled.o(i.ShowBMP)
    State1_PlaneInterface                    0x08002465   Thumb Code   350  interface.o(i.State1_PlaneInterface)
    State_PlaneInterface                     0x080025ed   Thumb Code   350  interface.o(i.State_PlaneInterface)
    Stm32QdcptInitLed                        0x08002775   Thumb Code    74  stm32_qdcpt_led.o(i.Stm32QdcptInitLed)
    Stm32QdcptLedSet                         0x080027c9   Thumb Code    50  stm32_qdcpt_led.o(i.Stm32QdcptLedSet)
    SystemInit                               0x08002805   Thumb Code    64  system_stm32f10x.o(i.SystemInit)
    THY_ReviseInterface                      0x08002855   Thumb Code   330  interface.o(i.THY_ReviseInterface)
    TX_Task                                  0x080029a1   Thumb Code    42  system.o(i.TX_Task)
    USART1_IRQHandler                        0x080029d5   Thumb Code     4  stm32f10x_it.o(i.USART1_IRQHandler)
    USART_ClearITPendingBit                  0x080029d9   Thumb Code    12  stm32f10x_usart.o(i.USART_ClearITPendingBit)
    USART_DMACmd                             0x080029e5   Thumb Code    16  stm32f10x_usart.o(i.USART_DMACmd)
    USART_GetITStatus                        0x080029f5   Thumb Code    62  stm32f10x_usart.o(i.USART_GetITStatus)
    USART_ITConfig                           0x08002a33   Thumb Code    48  stm32f10x_usart.o(i.USART_ITConfig)
    USART_ReceiveData                        0x08002a63   Thumb Code     8  stm32f10x_usart.o(i.USART_ReceiveData)
    USART_SendData                           0x08002a6b   Thumb Code     8  stm32f10x_usart.o(i.USART_SendData)
    UsageFault_Handler                       0x08002ab5   Thumb Code     2  stm32f10x_it.o(i.UsageFault_Handler)
    __ARM_fpclassify                         0x08002ab7   Thumb Code    40  fpclassify.o(i.__ARM_fpclassify)
    __kernel_poly                            0x08002adf   Thumb Code   170  poly.o(i.__kernel_poly)
    __mathlib_dbl_divzero                    0x08002b89   Thumb Code    12  dunder.o(i.__mathlib_dbl_divzero)
    __mathlib_dbl_infnan2                    0x08002b99   Thumb Code     4  dunder.o(i.__mathlib_dbl_infnan2)
    __mathlib_dbl_invalid                    0x08002b9d   Thumb Code    12  dunder.o(i.__mathlib_dbl_invalid)
    __mathlib_dbl_overflow                   0x08002ba9   Thumb Code    14  dunder.o(i.__mathlib_dbl_overflow)
    __mathlib_dbl_underflow                  0x08002bb9   Thumb Code    10  dunder.o(i.__mathlib_dbl_underflow)
    __scatterload_copy                       0x08002bc9   Thumb Code    14  handlers.o(i.__scatterload_copy)
    __scatterload_null                       0x08002bd7   Thumb Code     2  handlers.o(i.__scatterload_null)
    __scatterload_zeroinit                   0x08002bd9   Thumb Code    14  handlers.o(i.__scatterload_zeroinit)
    __set_errno                              0x08002be9   Thumb Code     6  errno.o(i.__set_errno)
    commInit                                 0x08002bf5   Thumb Code    20  comm.o(i.commInit)
    extiInit                                 0x08002c0d   Thumb Code    34  stm32_qdcpt_exti.o(i.extiInit)
    extiInterruptHandler                     0x08002c2f   Thumb Code    28  stm32_qdcpt_exti.o(i.extiInterruptHandler)
    main                                     0x08002c71   Thumb Code    38  main.o(i.main)
    mypow                                    0x08002c97   Thumb Code    16  oled.o(i.mypow)
    nrf24l01Check                            0x08002ca9   Thumb Code    62  radiolink.o(i.nrf24l01Check)
    nrfActivate                              0x08002cf1   Thumb Code    38  nrf24l01.o(i.nrfActivate)
    nrfFlushRx                               0x08002d1d   Thumb Code    38  nrf24l01.o(i.nrfFlushRx)
    nrfFlushTx                               0x08002d49   Thumb Code    38  nrf24l01.o(i.nrfFlushTx)
    nrfIsr                                   0x08002d75   Thumb Code    12  stm32_qdcpt_exti.o(i.nrfIsr)
    nrfReadBuf                               0x08002d85   Thumb Code    66  nrf24l01.o(i.nrfReadBuf)
    nrfReadReg                               0x08002dcd   Thumb Code    16  nrf24l01.o(i.nrfReadReg)
    nrfRxLength                              0x08002ddd   Thumb Code    38  nrf24l01.o(i.nrfRxLength)
    nrfRxPayload                             0x08002e09   Thumb Code    62  nrf24l01.o(i.nrfRxPayload)
    nrfSetChannel                            0x08002e4d   Thumb Code    14  nrf24l01.o(i.nrfSetChannel)
    nrfSetDateRate                           0x08002e5b   Thumb Code    20  nrf24l01.o(i.nrfSetDateRate)
    nrfSetEnable                             0x08002e71   Thumb Code    20  nrf24l01.o(i.nrfSetEnable)
    nrfSetInterruptCallback                  0x08002e89   Thumb Code     6  stm32_qdcpt_exti.o(i.nrfSetInterruptCallback)
    nrfSetRxAddress                          0x08002e95   Thumb Code    16  nrf24l01.o(i.nrfSetRxAddress)
    nrfSetTxAddress                          0x08002ea5   Thumb Code    10  nrf24l01.o(i.nrfSetTxAddress)
    nrfSpiInit                               0x08002eb1   Thumb Code   248  nrf24l01.o(i.nrfSpiInit)
    nrfWriteBuf                              0x08002fb5   Thumb Code    68  nrf24l01.o(i.nrfWriteBuf)
    nrfWritePayload                          0x08002ffd   Thumb Code    60  nrf24l01.o(i.nrfWritePayload)
    nrfWriteReg                              0x0800303d   Thumb Code    12  nrf24l01.o(i.nrfWriteReg)
    pow                                      0x08003049   Thumb Code  2512  pow.o(i.pow)
    pvPortMalloc                             0x08003e65   Thumb Code   140  heap_4.o(i.pvPortMalloc)
    pvTimerGetTimerID                        0x08003ef5   Thumb Code     4  timers.o(i.pvTimerGetTimerID)
    pxPortInitialiseStack                    0x08003ef9   Thumb Code    28  port.o(i.pxPortInitialiseStack)
    radioReceivePacket                       0x08003f35   Thumb Code    24  radiolink.o(i.radioReceivePacket)
    radioReset                               0x08003f51   Thumb Code    20  radiolink.o(i.radioReset)
    radioSendPacket                          0x08003f69   Thumb Code    20  radiolink.o(i.radioSendPacket)
    radioSetEnable                           0x08003f81   Thumb Code    16  radiolink.o(i.radioSetEnable)
    radiolinkInit                            0x08003f95   Thumb Code   108  radiolink.o(i.radiolinkInit)
    sqrt                                     0x08004165   Thumb Code    76  sqrt.o(i.sqrt)
    systemLaunch                             0x080041b1   Thumb Code    30  system.o(i.systemLaunch)
    uartDmaIsr                               0x08004251   Thumb Code    44  stm32_qdcpt_usart.o(i.uartDmaIsr)
    uartIsr                                  0x08004285   Thumb Code   160  stm32_qdcpt_usart.o(i.uartIsr)
    uartReceiveCRTPPacket                    0x08004331   Thumb Code    30  stm32_qdcpt_usart.o(i.uartReceiveCRTPPacket)
    uartSendCRTPPacket                       0x08004355   Thumb Code    94  stm32_qdcpt_usart.o(i.uartSendCRTPPacket)
    uxListRemove                             0x080043c5   Thumb Code    36  list.o(i.uxListRemove)
    vListInitialise                          0x080043e9   Thumb Code    22  list.o(i.vListInitialise)
    vListInitialiseItem                      0x080043ff   Thumb Code     6  list.o(i.vListInitialiseItem)
    vListInsert                              0x08004405   Thumb Code    48  list.o(i.vListInsert)
    vListInsertEnd                           0x08004435   Thumb Code    24  list.o(i.vListInsertEnd)
    vPortEnterCritical                       0x0800444d   Thumb Code    24  port.o(i.vPortEnterCritical)
    vPortExitCritical                        0x08004469   Thumb Code    16  port.o(i.vPortExitCritical)
    vPortFree                                0x0800447d   Thumb Code    58  heap_4.o(i.vPortFree)
    vPortSetupTimerInterrupt                 0x080044bd   Thumb Code    14  port.o(i.vPortSetupTimerInterrupt)
    vPortYield                               0x080044d1   Thumb Code    18  port.o(i.vPortYield)
    vQueueWaitForMessageRestricted           0x080044e9   Thumb Code    56  queue.o(i.vQueueWaitForMessageRestricted)
    vTaskDelay                               0x08004521   Thumb Code    48  tasks.o(i.vTaskDelay)
    vTaskDelayUntil                          0x08004555   Thumb Code    76  tasks.o(i.vTaskDelayUntil)
    vTaskMissedYield                         0x080045a5   Thumb Code     8  tasks.o(i.vTaskMissedYield)
    vTaskPlaceOnEventList                    0x080045b1   Thumb Code    52  tasks.o(i.vTaskPlaceOnEventList)
    vTaskPlaceOnEventListRestricted          0x080045ed   Thumb Code    34  tasks.o(i.vTaskPlaceOnEventListRestricted)
    vTaskSetTimeOutState                     0x08004615   Thumb Code    12  tasks.o(i.vTaskSetTimeOutState)
    vTaskStartScheduler                      0x08004625   Thumb Code    58  tasks.o(i.vTaskStartScheduler)
    vTaskSuspendAll                          0x08004671   Thumb Code    10  tasks.o(i.vTaskSuspendAll)
    vTaskSwitchContext                       0x08004681   Thumb Code    66  tasks.o(i.vTaskSwitchContext)
    xPortStartScheduler                      0x080046cd   Thumb Code    38  port.o(i.xPortStartScheduler)
    SysTick_Handler                          0x080046fd   Thumb Code     0  port.o(i.xPortSysTickHandler)
    xPortSysTickHandler                      0x080046fd   Thumb Code    30  port.o(i.xPortSysTickHandler)
    xQueueGenericCreate                      0x08004721   Thumb Code    66  queue.o(i.xQueueGenericCreate)
    xQueueGenericReceive                     0x08004763   Thumb Code   238  queue.o(i.xQueueGenericReceive)
    xQueueGenericReset                       0x08004851   Thumb Code    96  queue.o(i.xQueueGenericReset)
    xQueueGenericSend                        0x080048b1   Thumb Code   220  queue.o(i.xQueueGenericSend)
    xQueueGenericSendFromISR                 0x0800498d   Thumb Code    98  queue.o(i.xQueueGenericSendFromISR)
    xTaskCheckForTimeOut                     0x080049f1   Thumb Code    66  tasks.o(i.xTaskCheckForTimeOut)
    xTaskGenericCreate                       0x08004a39   Thumb Code   364  tasks.o(i.xTaskGenericCreate)
    xTaskGetSchedulerState                   0x08004bad   Thumb Code    22  tasks.o(i.xTaskGetSchedulerState)
    xTaskGetTickCount                        0x08004bc9   Thumb Code    18  tasks.o(i.xTaskGetTickCount)
    xTaskIncrementTick                       0x08004be1   Thumb Code   182  tasks.o(i.xTaskIncrementTick)
    xTaskRemoveFromEventList                 0x08004ca1   Thumb Code    80  tasks.o(i.xTaskRemoveFromEventList)
    xTaskResumeAll                           0x08004cf9   Thumb Code   156  tasks.o(i.xTaskResumeAll)
    xTimerCreate                             0x08004d9d   Thumb Code    60  timers.o(i.xTimerCreate)
    xTimerCreateTimerTask                    0x08004dd9   Thumb Code    46  timers.o(i.xTimerCreateTimerTask)
    xTimerGenericCommand                     0x08004e19   Thumb Code    66  timers.o(i.xTimerGenericCommand)
    asc2_1206                                0x08004e60   Data        1140  oled.o(.constdata)
    asc2_1608                                0x080052d4   Data        1520  oled.o(.constdata)
    asc2_2412                                0x080058c4   Data        3420  oled.o(.constdata)
    Chinese_16                               0x08006620   Data         640  oled.o(.constdata)
    Chinese_12                               0x080068a0   Data         192  oled.o(.constdata)
    Image_32                                 0x08006960   Data         256  oled.o(.constdata)
    Image_64                                 0x08006a60   Data        3072  oled.o(.constdata)
    __mathlib_zero                           0x080076e8   Data           8  qnan.o(.constdata)
    Region$$Table$$Base                      0x080076f0   Number         0  anon$$obj.o(Region$$Table)
    Region$$Table$$Limit                     0x08007710   Number         0  anon$$obj.o(Region$$Table)
    pxCurrentTCB                             0x20000018   Data           4  tasks.o(.data)
    dataLen                                  0x20000062   Data           1  radiolink.o(.data)
    seq_lowbat                               0x200000c4   Data          16  ledseq.o(.data)
    seq_armed                                0x200000d4   Data          24  ledseq.o(.data)
    seq_calibrated                           0x200000ec   Data          24  ledseq.o(.data)
    seq_alive                                0x20000104   Data          24  ledseq.o(.data)
    seq_linkup                               0x2000011c   Data          24  ledseq.o(.data)
    seq_charged                              0x20000134   Data          16  ledseq.o(.data)
    seq_charging                             0x20000144   Data          24  ledseq.o(.data)
    seq_bootloader                           0x2000015c   Data          24  ledseq.o(.data)
    seq_testPassed                           0x20000174   Data         120  ledseq.o(.data)
    CurrentModel                             0x200001ed   Data           1  system.o(.data)
    state                                    0x200001ee   Data           1  system.o(.data)
    yaw_f                                    0x200001f0   Data           4  interface.o(.data)
    roll_f                                   0x200001f4   Data           4  interface.o(.data)
    pitch_f                                  0x200001f8   Data           4  interface.o(.data)
    height_f                                 0x200001fc   Data           4  interface.o(.data)
    Battery_f                                0x20000200   Data           4  interface.o(.data)
    Err_f                                    0x20000204   Data           4  interface.o(.data)
    PIDVal_f                                 0x20000208   Data           4  interface.o(.data)
    MenuMain                                 0x2000020e   Data           1  key.o(.data)
    MenuSecond                               0x2000020f   Data           1  key.o(.data)
    CurrentLevel                             0x20000210   Data           1  key.o(.data)
    THY_Revise_Select                        0x20000211   Data           1  key.o(.data)
    PlaneShowFlag                            0x20000212   Data           1  key.o(.data)
    AltHoldFlag                              0x20000213   Data           1  key.o(.data)
    PlaneStateFlag                           0x20000215   Data           1  key.o(.data)
    THY_Up                                   0x20000216   Data           2  key.o(.data)
    THY_Center                               0x20000218   Data           2  key.o(.data)
    THY_Down                                 0x2000021a   Data           2  key.o(.data)
    YAW_Center                               0x2000021c   Data           2  key.o(.data)
    ROll_Center                              0x2000021e   Data           2  key.o(.data)
    PITH_Center                              0x20000220   Data           2  key.o(.data)
    rxState                                  0x20000229   Data           1  stm32_qdcpt_usart.o(.data)
    c                                        0x2000022a   Data           1  stm32_qdcpt_usart.o(.data)
    waitUntilSendDone                        0x2000022c   Data           4  stm32_qdcpt_usart.o(.data)
    Rx_pk                                    0x2000334c   Data          33  radiolink.o(.bss)
    TxPack                                   0x200033b8   Data          33  system.o(.bss)
    RxPack                                   0x200033d9   Data          33  system.o(.bss)
    PackData                                 0x200033fa   Data          24  interface.o(.bss)
    OLED_GRAM                                0x20003412   Data        1024  oled.o(.bss)
    outBuffer                                0x20003814   Data          64  stm32_qdcpt_usart.o(.bss)
    p                                        0x20003880   Data          33  stm32_qdcpt_usart.o(.bss)
    RockPacket                               0x200038a4   Data          33  stm32_qdcpt_adc.o(.bss)
    ADC_DualConvertedValueTab                0x200038c8   Data          64  stm32_qdcpt_adc.o(.bss)
    __initial_sp                             0x20003d08   Data           0  startup_stm32f10x_md.o(STACK)



==============================================================================

Memory Map of the image

  Image Entry point : 0x080000ed

  Load Region LR_IROM1 (Base: 0x08000000, Size: 0x0000796c, Max: 0x00020000, ABSOLUTE, COMPRESSED[0x00007798])

    Execution Region ER_IROM1 (Base: 0x08000000, Size: 0x00007710, Max: 0x00020000, ABSOLUTE)

    Base Addr    Size         Type   Attr      Idx    E Section Name        Object

    0x08000000   0x000000ec   Data   RO         5071    RESET               startup_stm32f10x_md.o
    0x080000ec   0x00000000   Code   RO         5086  * .ARM.Collect$$$$00000000  mc_w.l(entry.o)
    0x080000ec   0x00000004   Code   RO         5435    .ARM.Collect$$$$00000001  mc_w.l(entry2.o)
    0x080000f0   0x00000004   Code   RO         5438    .ARM.Collect$$$$00000004  mc_w.l(entry5.o)
    0x080000f4   0x00000000   Code   RO         5440    .ARM.Collect$$$$00000008  mc_w.l(entry7b.o)
    0x080000f4   0x00000000   Code   RO         5442    .ARM.Collect$$$$0000000A  mc_w.l(entry8b.o)
    0x080000f4   0x00000008   Code   RO         5443    .ARM.Collect$$$$0000000B  mc_w.l(entry9a.o)
    0x080000fc   0x00000000   Code   RO         5445    .ARM.Collect$$$$0000000D  mc_w.l(entry10a.o)
    0x080000fc   0x00000000   Code   RO         5447    .ARM.Collect$$$$0000000F  mc_w.l(entry11a.o)
    0x080000fc   0x00000004   Code   RO         5436    .ARM.Collect$$$$00002712  mc_w.l(entry2.o)
    0x08000100   0x0000008a   Code   RO          309    .emb_text           port.o
    0x0800018a   0x00000002   PAD
    0x0800018c   0x00000024   Code   RO         5072    .text               startup_stm32f10x_md.o
    0x080001b0   0x00000024   Code   RO         5119    .text               mc_w.l(memcpya.o)
    0x080001d4   0x00000024   Code   RO         5121    .text               mc_w.l(memseta.o)
    0x080001f8   0x000000e4   Code   RO         5390    .text               mf_w.l(dmul.o)
    0x080002dc   0x00000022   Code   RO         5394    .text               mf_w.l(dflti.o)
    0x080002fe   0x0000001a   Code   RO         5396    .text               mf_w.l(dfltui.o)
    0x08000318   0x00000028   Code   RO         5400    .text               mf_w.l(ffixui.o)
    0x08000340   0x00000032   Code   RO         5402    .text               mf_w.l(dfixui.o)
    0x08000372   0x00000026   Code   RO         5404    .text               mf_w.l(f2d.o)
    0x08000398   0x00000020   Code   RO         5454    .text               mc_w.l(llushr.o)
    0x080003b8   0x00000000   Code   RO         5463    .text               mc_w.l(iusefp.o)
    0x080003b8   0x000000ba   Code   RO         5466    .text               mf_w.l(depilogue.o)
    0x08000472   0x0000014e   Code   RO         5468    .text               mf_w.l(dadd.o)
    0x080005c0   0x000000de   Code   RO         5470    .text               mf_w.l(ddiv.o)
    0x0800069e   0x0000002e   Code   RO         5472    .text               mf_w.l(dscalb.o)
    0x080006cc   0x00000030   Code   RO         5476    .text               mf_w.l(cdrcmple.o)
    0x080006fc   0x00000024   Code   RO         5478    .text               mc_w.l(init.o)
    0x08000720   0x0000001e   Code   RO         5480    .text               mc_w.l(llshl.o)
    0x0800073e   0x00000024   Code   RO         5482    .text               mc_w.l(llsshr.o)
    0x08000762   0x000000a2   Code   RO         5484    .text               mf_w.l(dsqrt.o)
    0x08000804   0x00000056   Code   RO         5496    .text               mc_w.l(__dczerorl2.o)
    0x0800085a   0x00000014   Code   RO         2087    i.ADC_Cmd           stm32f10x_adc.o
    0x0800086e   0x00000002   PAD
    0x08000870   0x0000014c   Code   RO         1967    i.ADC_Configuration  stm32_qdcpt_adc.o
    0x080009bc   0x00000014   Code   RO         2088    i.ADC_DMACmd        stm32f10x_adc.o
    0x080009d0   0x00000054   Code   RO         1968    i.ADC_DMA_Configuration  stm32_qdcpt_adc.o
    0x08000a24   0x00000044   Code   RO         2089    i.ADC_DeInit        stm32f10x_adc.o
    0x08000a68   0x00000014   Code   RO         2092    i.ADC_ExternalTrigConvCmd  stm32f10x_adc.o
    0x08000a7c   0x00000048   Code   RO         1969    i.ADC_GPIO_Configuration  stm32_qdcpt_adc.o
    0x08000ac4   0x0000000e   Code   RO         2095    i.ADC_GetCalibrationStatus  stm32f10x_adc.o
    0x08000ad2   0x0000000e   Code   RO         2101    i.ADC_GetResetCalibrationStatus  stm32f10x_adc.o
    0x08000ae0   0x00000048   Code   RO         2105    i.ADC_Init          stm32f10x_adc.o
    0x08000b28   0x00000074   Code   RO         2109    i.ADC_RegularChannelConfig  stm32f10x_adc.o
    0x08000b9c   0x0000000a   Code   RO         2110    i.ADC_ResetCalibration  stm32f10x_adc.o
    0x08000ba6   0x00000002   PAD
    0x08000ba8   0x00000020   Code   RO         1970    i.ADC_RockReceiveCRTPPacket  stm32_qdcpt_adc.o
    0x08000bc8   0x00000014   Code   RO         2112    i.ADC_SoftwareStartConvCmd  stm32f10x_adc.o
    0x08000bdc   0x0000000a   Code   RO         2114    i.ADC_StartCalibration  stm32f10x_adc.o
    0x08000be6   0x00000002   PAD
    0x08000be8   0x0000001c   Code   RO         2116    i.ADC_TempSensorVrefintCmd  stm32f10x_adc.o
    0x08000c04   0x00000002   Code   RO          161    i.BusFault_Handler  stm32f10x_it.o
    0x08000c06   0x00000016   Code   RO         1373    i.ByteToFloat       fp16.o
    0x08000c1c   0x00000002   Code   RO          162    i.DMA1_Channel1_IRQHandler  stm32f10x_it.o
    0x08000c1e   0x00000002   Code   RO          163    i.DMA1_Channel2_IRQHandler  stm32f10x_it.o
    0x08000c20   0x00000002   Code   RO          164    i.DMA1_Channel3_IRQHandler  stm32f10x_it.o
    0x08000c22   0x00000004   Code   RO          165    i.DMA1_Channel4_IRQHandler  stm32f10x_it.o
    0x08000c26   0x00000002   Code   RO          166    i.DMA1_Channel5_IRQHandler  stm32f10x_it.o
    0x08000c28   0x00000002   Code   RO          167    i.DMA1_Channel6_IRQHandler  stm32f10x_it.o
    0x08000c2a   0x00000002   Code   RO          168    i.DMA1_Channel7_IRQHandler  stm32f10x_it.o
    0x08000c2c   0x00000018   Code   RO         2788    i.DMA_ClearFlag     stm32f10x_dma.o
    0x08000c44   0x00000018   Code   RO         2789    i.DMA_ClearITPendingBit  stm32f10x_dma.o
    0x08000c5c   0x00000016   Code   RO         2790    i.DMA_Cmd           stm32f10x_dma.o
    0x08000c72   0x00000002   PAD
    0x08000c74   0x000000e4   Code   RO         2791    i.DMA_DeInit        stm32f10x_dma.o
    0x08000d58   0x00000020   Code   RO         2793    i.DMA_GetFlagStatus  stm32f10x_dma.o
    0x08000d78   0x00000010   Code   RO         2795    i.DMA_ITConfig      stm32f10x_dma.o
    0x08000d88   0x0000003a   Code   RO         2796    i.DMA_Init          stm32f10x_dma.o
    0x08000dc2   0x00000002   Code   RO          169    i.DebugMon_Handler  stm32f10x_it.o
    0x08000dc4   0x00000004   Code   RO          170    i.EXTI4_IRQHandler  stm32f10x_it.o
    0x08000dc8   0x0000000c   Code   RO         2861    i.EXTI_ClearITPendingBit  stm32f10x_exti.o
    0x08000dd4   0x00000020   Code   RO         2865    i.EXTI_GetITStatus  stm32f10x_exti.o
    0x08000df4   0x00000070   Code   RO         2866    i.EXTI_Init         stm32f10x_exti.o
    0x08000e64   0x00000076   Code   RO         1213    i.FlashOpen         interface.o
    0x08000eda   0x00000002   PAD
    0x08000edc   0x00000028   Code   RO         3215    i.GPIO_EXTILineConfig  stm32f10x_gpio.o
    0x08000f04   0x0000009c   Code   RO         3218    i.GPIO_Init         stm32f10x_gpio.o
    0x08000fa0   0x0000000e   Code   RO         3222    i.GPIO_ReadInputDataBit  stm32f10x_gpio.o
    0x08000fae   0x00000004   Code   RO         3225    i.GPIO_ResetBits    stm32f10x_gpio.o
    0x08000fb2   0x00000004   Code   RO         3226    i.GPIO_SetBits      stm32f10x_gpio.o
    0x08000fb6   0x0000000a   Code   RO         3229    i.GPIO_WriteBit     stm32f10x_gpio.o
    0x08000fc0   0x0000000c   Code   RO         1971    i.Get_PITCH         stm32_qdcpt_adc.o
    0x08000fcc   0x0000000c   Code   RO         1972    i.Get_ROLL          stm32_qdcpt_adc.o
    0x08000fd8   0x0000000c   Code   RO         1973    i.Get_THY           stm32_qdcpt_adc.o
    0x08000fe4   0x0000000c   Code   RO         1974    i.Get_YAW           stm32_qdcpt_adc.o
    0x08000ff0   0x00000002   Code   RO          171    i.HardFault_Handler  stm32f10x_it.o
    0x08000ff2   0x0000014c   Code   RO         1214    i.Homing_ReviseInterface  interface.o
    0x0800113e   0x00000002   PAD
    0x08001140   0x000000a0   Code   RO         1653    i.InterfaceDisplay  key.o
    0x080011e0   0x0000006c   Code   RO         1215    i.InterfaceReceiveCRTPPacket  interface.o
    0x0800124c   0x00000038   Code   RO         1216    i.InterfaceRefresh  interface.o
    0x08001284   0x00000040   Code   RO         1654    i.KEY_Init          key.o
    0x080012c4   0x00000068   Code   RO         1655    i.KeyCenterEvent    key.o
    0x0800132c   0x00000020   Code   RO         1656    i.KeyDownEvent      key.o
    0x0800134c   0x00000016   Code   RO         1657    i.KeyHandle         key.o
    0x08001362   0x00000002   PAD
    0x08001364   0x0000003c   Code   RO         1658    i.KeyLeftEvent      key.o
    0x080013a0   0x00000020   Code   RO         1659    i.KeyLeftUpEvent    key.o
    0x080013c0   0x00000038   Code   RO         1660    i.KeyRightEvent     key.o
    0x080013f8   0x00000020   Code   RO         1661    i.KeyRightUpEvent   key.o
    0x08001418   0x0000003c   Code   RO         1662    i.KeyRockLeftEvent  key.o
    0x08001454   0x00000040   Code   RO         1663    i.KeyRockRightEvent  key.o
    0x08001494   0x00000020   Code   RO         1664    i.KeyUpEvent        key.o
    0x080014b4   0x00000058   Code   RO         1665    i.Key_Handle        key.o
    0x0800150c   0x000001a4   Code   RO         1666    i.Key_Scan          key.o
    0x080016b0   0x00000094   Code   RO         1044    i.LedseqInit        ledseq.o
    0x08001744   0x00000002   Code   RO          172    i.MemManage_Handler  stm32f10x_it.o
    0x08001746   0x00000002   Code   RO          173    i.NMI_Handler       stm32f10x_it.o
    0x08001748   0x00000064   Code   RO         2045    i.NVIC_Init         misc.o
    0x080017ac   0x0000002c   Code   RO         1533    i.OLED_Clear        oled.o
    0x080017d8   0x0000003c   Code   RO         1536    i.OLED_DrawPoint    oled.o
    0x08001814   0x00000038   Code   RO         1537    i.OLED_Fill         oled.o
    0x0800184c   0x00000124   Code   RO         1538    i.OLED_Init         oled.o
    0x08001970   0x00000080   Code   RO         1539    i.OLED_Line         oled.o
    0x080019f0   0x00000080   Code   RO         1540    i.OLED_Rectangle    oled.o
    0x08001a70   0x00000064   Code   RO         1541    i.OLED_Refresh_Gram  oled.o
    0x08001ad4   0x000000b4   Code   RO         1542    i.OLED_ShowChar     oled.o
    0x08001b88   0x000000b0   Code   RO         1543    i.OLED_ShowChinese  oled.o
    0x08001c38   0x000000ac   Code   RO         1544    i.OLED_ShowFloatNum  oled.o
    0x08001ce4   0x00000074   Code   RO         1545    i.OLED_ShowNum      oled.o
    0x08001d58   0x00000056   Code   RO         1546    i.OLED_ShowString   oled.o
    0x08001dae   0x00000002   PAD
    0x08001db0   0x0000006c   Code   RO         1547    i.OLED_WR_Byte      oled.o
    0x08001e1c   0x00000062   Code   RO         1217    i.PlaneInterface    interface.o
    0x08001e7e   0x00000062   Code   RO         1218    i.PowerInterface    interface.o
    0x08001ee0   0x00000050   Code   RO         1299    i.Power_Init        power.o
    0x08001f30   0x00000110   Code   RO         1975    i.QdcptRockData     stm32_qdcpt_adc.o
    0x08002040   0x00000034   Code   RO         1219    i.Qdcpt_InterfaceRefresh_Task  interface.o
    0x08002074   0x0000002c   Code   RO         1667    i.Qdcpt_KeyHandle_Task  key.o
    0x080020a0   0x00000028   Code   RO         1976    i.Qdcpt_Rock_Task   stm32_qdcpt_adc.o
    0x080020c8   0x00000014   Code   RO         3638    i.RCC_ADCCLKConfig  stm32f10x_rcc.o
    0x080020dc   0x00000018   Code   RO         3639    i.RCC_AHBPeriphClockCmd  stm32f10x_rcc.o
    0x080020f4   0x00000018   Code   RO         3642    i.RCC_APB2PeriphClockCmd  stm32f10x_rcc.o
    0x0800210c   0x00000018   Code   RO         3643    i.RCC_APB2PeriphResetCmd  stm32f10x_rcc.o
    0x08002124   0x00000030   Code   RO         1173    i.RX_Task           system.o
    0x08002154   0x00000062   Code   RO         1220    i.ReviseInterface   interface.o
    0x080021b6   0x00000002   PAD
    0x080021b8   0x000000d8   Code   RO         1049    i.RunLedseq         ledseq.o
    0x08002290   0x00000014   Code   RO         4121    i.SPI_Cmd           stm32f10x_spi.o
    0x080022a4   0x0000000e   Code   RO         4129    i.SPI_I2S_GetFlagStatus  stm32f10x_spi.o
    0x080022b2   0x00000004   Code   RO         4132    i.SPI_I2S_ReceiveData  stm32f10x_spi.o
    0x080022b6   0x00000004   Code   RO         4133    i.SPI_I2S_SendData  stm32f10x_spi.o
    0x080022ba   0x00000038   Code   RO         4134    i.SPI_Init          stm32f10x_spi.o
    0x080022f2   0x00000002   PAD
    0x080022f4   0x00000020   Code   RO         1977    i.SetModel          stm32_qdcpt_adc.o
    0x08002314   0x000000a8   Code   RO         5040    i.SetSysClockTo72   system_stm32f10x.o
    0x080023bc   0x00000074   Code   RO         1548    i.ShowBMP           oled.o
    0x08002430   0x00000034   Code   RO         1403    i.SpiByte_RW        nrf24l01.o
    0x08002464   0x00000188   Code   RO         1221    i.State1_PlaneInterface  interface.o
    0x080025ec   0x00000188   Code   RO         1222    i.State_PlaneInterface  interface.o
    0x08002774   0x00000054   Code   RO         1911    i.Stm32QdcptInitLed  stm32_qdcpt_led.o
    0x080027c8   0x0000003c   Code   RO         1912    i.Stm32QdcptLedSet  stm32_qdcpt_led.o
    0x08002804   0x00000050   Code   RO         5042    i.SystemInit        system_stm32f10x.o
    0x08002854   0x0000014a   Code   RO         1223    i.THY_ReviseInterface  interface.o
    0x0800299e   0x00000002   PAD
    0x080029a0   0x00000034   Code   RO         1174    i.TX_Task           system.o
    0x080029d4   0x00000004   Code   RO          174    i.USART1_IRQHandler  stm32f10x_it.o
    0x080029d8   0x0000000c   Code   RO         4794    i.USART_ClearITPendingBit  stm32f10x_usart.o
    0x080029e4   0x00000010   Code   RO         4798    i.USART_DMACmd      stm32f10x_usart.o
    0x080029f4   0x0000003e   Code   RO         4801    i.USART_GetITStatus  stm32f10x_usart.o
    0x08002a32   0x00000030   Code   RO         4803    i.USART_ITConfig    stm32f10x_usart.o
    0x08002a62   0x00000008   Code   RO         4811    i.USART_ReceiveData  stm32f10x_usart.o
    0x08002a6a   0x00000008   Code   RO         4814    i.USART_SendData    stm32f10x_usart.o
    0x08002a72   0x00000002   PAD
    0x08002a74   0x00000040   Code   RO         1050    i.UpdateActive      ledseq.o
    0x08002ab4   0x00000002   Code   RO          175    i.UsageFault_Handler  stm32f10x_it.o
    0x08002ab6   0x00000028   Code   RO         5422    i.__ARM_fpclassify  m_ws.l(fpclassify.o)
    0x08002ade   0x000000aa   Code   RO         5424    i.__kernel_poly     m_ws.l(poly.o)
    0x08002b88   0x00000010   Code   RO         5408    i.__mathlib_dbl_divzero  m_ws.l(dunder.o)
    0x08002b98   0x00000004   Code   RO         5410    i.__mathlib_dbl_infnan2  m_ws.l(dunder.o)
    0x08002b9c   0x0000000c   Code   RO         5411    i.__mathlib_dbl_invalid  m_ws.l(dunder.o)
    0x08002ba8   0x0000000e   Code   RO         5412    i.__mathlib_dbl_overflow  m_ws.l(dunder.o)
    0x08002bb6   0x00000002   PAD
    0x08002bb8   0x00000010   Code   RO         5414    i.__mathlib_dbl_underflow  m_ws.l(dunder.o)
    0x08002bc8   0x0000000e   Code   RO         5490    i.__scatterload_copy  mc_w.l(handlers.o)
    0x08002bd6   0x00000002   Code   RO         5491    i.__scatterload_null  mc_w.l(handlers.o)
    0x08002bd8   0x0000000e   Code   RO         5492    i.__scatterload_zeroinit  mc_w.l(handlers.o)
    0x08002be6   0x00000002   PAD
    0x08002be8   0x0000000c   Code   RO         5458    i.__set_errno       mc_w.l(errno.o)
    0x08002bf4   0x00000018   Code   RO         1111    i.commInit          comm.o
    0x08002c0c   0x00000022   Code   RO         1935    i.extiInit          stm32_qdcpt_exti.o
    0x08002c2e   0x0000001c   Code   RO         1936    i.extiInterruptHandler  stm32_qdcpt_exti.o
    0x08002c4a   0x00000002   PAD
    0x08002c4c   0x00000024   Code   RO          845    i.interruptCallback  radiolink.o
    0x08002c70   0x00000026   Code   RO            1    i.main              main.o
    0x08002c96   0x00000010   Code   RO         1549    i.mypow             oled.o
    0x08002ca6   0x00000002   PAD
    0x08002ca8   0x00000048   Code   RO          846    i.nrf24l01Check     radiolink.o
    0x08002cf0   0x0000002c   Code   RO         1404    i.nrfActivate       nrf24l01.o
    0x08002d1c   0x0000002c   Code   RO         1405    i.nrfFlushRx        nrf24l01.o
    0x08002d48   0x0000002c   Code   RO         1406    i.nrfFlushTx        nrf24l01.o
    0x08002d74   0x00000010   Code   RO         1937    i.nrfIsr            stm32_qdcpt_exti.o
    0x08002d84   0x00000048   Code   RO         1409    i.nrfReadBuf        nrf24l01.o
    0x08002dcc   0x00000010   Code   RO         1410    i.nrfReadReg        nrf24l01.o
    0x08002ddc   0x0000002c   Code   RO         1411    i.nrfRxLength       nrf24l01.o
    0x08002e08   0x00000044   Code   RO         1412    i.nrfRxPayload      nrf24l01.o
    0x08002e4c   0x0000000e   Code   RO         1413    i.nrfSetChannel     nrf24l01.o
    0x08002e5a   0x00000014   Code   RO         1414    i.nrfSetDateRate    nrf24l01.o
    0x08002e6e   0x00000002   PAD
    0x08002e70   0x00000018   Code   RO         1415    i.nrfSetEnable      nrf24l01.o
    0x08002e88   0x0000000c   Code   RO         1938    i.nrfSetInterruptCallback  stm32_qdcpt_exti.o
    0x08002e94   0x00000010   Code   RO         1416    i.nrfSetRxAddress   nrf24l01.o
    0x08002ea4   0x0000000a   Code   RO         1417    i.nrfSetTxAddress   nrf24l01.o
    0x08002eae   0x00000002   PAD
    0x08002eb0   0x00000104   Code   RO         1418    i.nrfSpiInit        nrf24l01.o
    0x08002fb4   0x00000048   Code   RO         1420    i.nrfWriteBuf       nrf24l01.o
    0x08002ffc   0x00000040   Code   RO         1422    i.nrfWritePayload   nrf24l01.o
    0x0800303c   0x0000000c   Code   RO         1423    i.nrfWriteReg       nrf24l01.o
    0x08003048   0x000009d8   Code   RO         5077    i.pow               m_ws.l(pow.o)
    0x08003a20   0x00000034   Code   RO          568    i.prvAddCurrentTaskToDelayedList  tasks.o
    0x08003a54   0x00000040   Code   RO          771    i.prvCheckForValidListAndQueue  timers.o
    0x08003a94   0x00000058   Code   RO          569    i.prvCheckTasksWaitingTermination  tasks.o
    0x08003aec   0x00000028   Code   RO          451    i.prvCopyDataFromQueue  queue.o
    0x08003b14   0x00000058   Code   RO          452    i.prvCopyDataToQueue  queue.o
    0x08003b6c   0x0000003c   Code   RO          266    i.prvHeapInit       heap_4.o
    0x08003ba8   0x00000018   Code   RO          570    i.prvIdleTask       tasks.o
    0x08003bc0   0x0000004c   Code   RO          267    i.prvInsertBlockIntoFreeList  heap_4.o
    0x08003c0c   0x00000038   Code   RO          772    i.prvInsertTimerInActiveList  timers.o
    0x08003c44   0x00000090   Code   RO          773    i.prvProcessReceivedCommands  timers.o
    0x08003cd4   0x00000084   Code   RO          774    i.prvProcessTimerOrBlockTask  timers.o
    0x08003d58   0x00000028   Code   RO          775    i.prvSampleTimeNow  timers.o
    0x08003d80   0x00000058   Code   RO          776    i.prvSwitchTimerLists  timers.o
    0x08003dd8   0x00000028   Code   RO          777    i.prvTimerTask      timers.o
    0x08003e00   0x00000064   Code   RO          453    i.prvUnlockQueue    queue.o
    0x08003e64   0x00000090   Code   RO          268    i.pvPortMalloc      heap_4.o
    0x08003ef4   0x00000004   Code   RO          778    i.pvTimerGetTimerID  timers.o
    0x08003ef8   0x0000001c   Code   RO          310    i.pxPortInitialiseStack  port.o
    0x08003f14   0x00000020   Code   RO          847    i.radioIsConnected  radiolink.o
    0x08003f34   0x0000001c   Code   RO          848    i.radioReceivePacket  radiolink.o
    0x08003f50   0x00000018   Code   RO          849    i.radioReset        radiolink.o
    0x08003f68   0x00000018   Code   RO          850    i.radioSendPacket   radiolink.o
    0x08003f80   0x00000014   Code   RO          851    i.radioSetEnable    radiolink.o
    0x08003f94   0x00000084   Code   RO          853    i.radiolinkInit     radiolink.o
    0x08004018   0x000000e0   Code   RO          854    i.radiolinkInitNRF24L01P  radiolink.o
    0x080040f8   0x0000006c   Code   RO          856    i.radiolinkTask     radiolink.o
    0x08004164   0x0000004c   Code   RO         5428    i.sqrt              m_ws.l(sqrt.o)
    0x080041b0   0x0000002c   Code   RO         1175    i.systemLaunch      system.o
    0x080041dc   0x00000074   Code   RO         1176    i.systemTask        system.o
    0x08004250   0x00000034   Code   RO         1809    i.uartDmaIsr        stm32_qdcpt_usart.o
    0x08004284   0x000000ac   Code   RO         1811    i.uartIsr           stm32_qdcpt_usart.o
    0x08004330   0x00000024   Code   RO         1813    i.uartReceiveCRTPPacket  stm32_qdcpt_usart.o
    0x08004354   0x0000006c   Code   RO         1815    i.uartSendCRTPPacket  stm32_qdcpt_usart.o
    0x080043c0   0x00000004   Code   RO         1818    i.uartSetEnable     stm32_qdcpt_usart.o
    0x080043c4   0x00000024   Code   RO          415    i.uxListRemove      list.o
    0x080043e8   0x00000016   Code   RO          416    i.vListInitialise   list.o
    0x080043fe   0x00000006   Code   RO          417    i.vListInitialiseItem  list.o
    0x08004404   0x00000030   Code   RO          418    i.vListInsert       list.o
    0x08004434   0x00000018   Code   RO          419    i.vListInsertEnd    list.o
    0x0800444c   0x0000001c   Code   RO          312    i.vPortEnterCritical  port.o
    0x08004468   0x00000014   Code   RO          313    i.vPortExitCritical  port.o
    0x0800447c   0x00000040   Code   RO          269    i.vPortFree         heap_4.o
    0x080044bc   0x00000014   Code   RO          314    i.vPortSetupTimerInterrupt  port.o
    0x080044d0   0x00000018   Code   RO          315    i.vPortYield        port.o
    0x080044e8   0x00000038   Code   RO          459    i.vQueueWaitForMessageRestricted  queue.o
    0x08004520   0x00000034   Code   RO          573    i.vTaskDelay        tasks.o
    0x08004554   0x00000050   Code   RO          574    i.vTaskDelayUntil   tasks.o
    0x080045a4   0x0000000c   Code   RO          577    i.vTaskMissedYield  tasks.o
    0x080045b0   0x0000003c   Code   RO          578    i.vTaskPlaceOnEventList  tasks.o
    0x080045ec   0x00000028   Code   RO          579    i.vTaskPlaceOnEventListRestricted  tasks.o
    0x08004614   0x00000010   Code   RO          583    i.vTaskSetTimeOutState  tasks.o
    0x08004624   0x0000004c   Code   RO          584    i.vTaskStartScheduler  tasks.o
    0x08004670   0x00000010   Code   RO          586    i.vTaskSuspendAll   tasks.o
    0x08004680   0x0000004c   Code   RO          587    i.vTaskSwitchContext  tasks.o
    0x080046cc   0x00000030   Code   RO          316    i.xPortStartScheduler  port.o
    0x080046fc   0x00000024   Code   RO          317    i.xPortSysTickHandler  port.o
    0x08004720   0x00000042   Code   RO          460    i.xQueueGenericCreate  queue.o
    0x08004762   0x000000ee   Code   RO          461    i.xQueueGenericReceive  queue.o
    0x08004850   0x00000060   Code   RO          462    i.xQueueGenericReset  queue.o
    0x080048b0   0x000000dc   Code   RO          463    i.xQueueGenericSend  queue.o
    0x0800498c   0x00000062   Code   RO          464    i.xQueueGenericSendFromISR  queue.o
    0x080049ee   0x00000002   PAD
    0x080049f0   0x00000048   Code   RO          589    i.xTaskCheckForTimeOut  tasks.o
    0x08004a38   0x00000174   Code   RO          590    i.xTaskGenericCreate  tasks.o
    0x08004bac   0x0000001c   Code   RO          592    i.xTaskGetSchedulerState  tasks.o
    0x08004bc8   0x00000018   Code   RO          593    i.xTaskGetTickCount  tasks.o
    0x08004be0   0x000000c0   Code   RO          595    i.xTaskIncrementTick  tasks.o
    0x08004ca0   0x00000058   Code   RO          597    i.xTaskRemoveFromEventList  tasks.o
    0x08004cf8   0x000000a4   Code   RO          598    i.xTaskResumeAll    tasks.o
    0x08004d9c   0x0000003c   Code   RO          779    i.xTimerCreate      timers.o
    0x08004dd8   0x00000040   Code   RO          780    i.xTimerCreateTimerTask  timers.o
    0x08004e18   0x00000048   Code   RO          781    i.xTimerGenericCommand  timers.o
    0x08004e60   0x00002800   Data   RO         1551    .constdata          oled.o
    0x08007660   0x00000088   Data   RO         5078    .constdata          m_ws.l(pow.o)
    0x080076e8   0x00000008   Data   RO         5426    .constdata          m_ws.l(qnan.o)
    0x080076f0   0x00000020   Data   RO         5488    Region$$Table       anon$$obj.o


    Execution Region RW_IRAM1 (Base: 0x20000000, Size: 0x00003d08, Max: 0x00005000, ABSOLUTE, COMPRESSED[0x00000088])

    Base Addr    Size         Type   Attr      Idx    E Section Name        Object

    0x20000000   0x00000014   Data   RW          273    .data               heap_4.o
    0x20000014   0x00000004   Data   RW          318    .data               port.o
    0x20000018   0x00000038   Data   RW          601    .data               tasks.o
    0x20000050   0x00000010   Data   RW          784    .data               timers.o
    0x20000060   0x00000028   Data   RW          860    .data               radiolink.o
    0x20000088   0x0000003c   Data   RW         1052    .data               ledseq.o
    0x200000c4   0x00000010   Data   RW         1053    .data               ledseq.o
    0x200000d4   0x00000018   Data   RW         1054    .data               ledseq.o
    0x200000ec   0x00000018   Data   RW         1055    .data               ledseq.o
    0x20000104   0x00000018   Data   RW         1056    .data               ledseq.o
    0x2000011c   0x00000018   Data   RW         1058    .data               ledseq.o
    0x20000134   0x00000010   Data   RW         1059    .data               ledseq.o
    0x20000144   0x00000018   Data   RW         1060    .data               ledseq.o
    0x2000015c   0x00000018   Data   RW         1061    .data               ledseq.o
    0x20000174   0x00000078   Data   RW         1062    .data               ledseq.o
    0x200001ec   0x00000001   Data   RW         1112    .data               comm.o
    0x200001ed   0x00000002   Data   RW         1178    .data               system.o
    0x200001ef   0x00000001   PAD
    0x200001f0   0x0000001c   Data   RW         1225    .data               interface.o
    0x2000020c   0x00000002   Data   RW         1552    .data               oled.o
    0x2000020e   0x00000014   Data   RW         1668    .data               key.o
    0x20000222   0x00000002   PAD
    0x20000224   0x0000002c   Data   RW         1820    .data               stm32_qdcpt_usart.o
    0x20000250   0x00000004   Data   RW         1939    .data               stm32_qdcpt_exti.o
    0x20000254   0x00000004   Data   RW         1980    .data               stm32_qdcpt_adc.o
    0x20000258   0x00000004   Data   RW         5459    .data               mc_w.l(errno.o)
    0x2000025c   0x00003000   Zero   RW          272    .bss                heap_4.o
    0x2000325c   0x000000c8   Zero   RW          600    .bss                tasks.o
    0x20003324   0x00000028   Zero   RW          783    .bss                timers.o
    0x2000334c   0x00000021   Zero   RW          858    .bss                radiolink.o
    0x2000336d   0x00000003   PAD
    0x20003370   0x00000048   Zero   RW         1051    .bss                ledseq.o
    0x200033b8   0x00000042   Zero   RW         1177    .bss                system.o
    0x200033fa   0x00000018   Zero   RW         1224    .bss                interface.o
    0x20003412   0x00000400   Zero   RW         1550    .bss                oled.o
    0x20003812   0x00000002   PAD
    0x20003814   0x0000008d   Zero   RW         1819    .bss                stm32_qdcpt_usart.o
    0x200038a1   0x00000003   PAD
    0x200038a4   0x00000064   Zero   RW         1979    .bss                stm32_qdcpt_adc.o
    0x20003908   0x00000400   Zero   RW         5069    STACK               startup_stm32f10x_md.o


==============================================================================

Image component sizes


      Code (inc. data)   RO Data    RW Data    ZI Data      Debug   Object Name

        24          4          0          1          0        599   comm.o
        22          0          0          0          0        902   fp16.o
       344         22          0         20      12288       3759   heap_4.o
      2074        128          0         28         24       7209   interface.o
      1270         96          0         20          0       9135   key.o
       428         42          0        356         72       3879   ledseq.o
       136          0          0          0          0       2922   list.o
        38          0          0          0          0     272923   main.o
       100          6          0          0          0       1024   misc.o
       876         64          0          0          0       9405   nrf24l01.o
      1778         82      10240          2       1024      12148   oled.o
       342         48          0          4          0       6297   port.o
        80          6          0          0          0        485   power.o
      1002          0          0          0          0       9026   queue.o
       700         80          0         40         33       6398   radiolink.o
        36          8        236          0       1024        828   startup_stm32f10x_md.o
       912        108          0          4        100       6598   stm32_qdcpt_adc.o
        90         10          0          4          0       2549   stm32_qdcpt_exti.o
       144         20          0          0          0       1483   stm32_qdcpt_led.o
       372         40          0         44        141       5041   stm32_qdcpt_usart.o
       412         28          0          0          0       9099   stm32f10x_adc.o
       404         34          0          0          0       5805   stm32f10x_dma.o
       156         14          0          0          0       2200   stm32f10x_exti.o
       228          6          0          0          0       4886   stm32f10x_gpio.o
        36          0          0          0          0       7237   stm32f10x_it.o
        92         24          0          0          0       2229   stm32f10x_rcc.o
        98          0          0          0          0       3798   stm32f10x_spi.o
       154          0          0          0          0       5311   stm32f10x_usart.o
       260         66          0          2         66       2832   system.o
       248         24          0          0          0       1581   system_stm32f10x.o
      1532        134          0         56        200      18024   tasks.o
       764         60          0         16         40       8690   timers.o

    ----------------------------------------------------------------------
     15188       1154      10508        600      15020     434302   Object Totals
         0          0         32          0          0          0   (incl. Generated)
        36          0          0          3          8          0   (incl. Padding)

    ----------------------------------------------------------------------

      Code (inc. data)   RO Data    RW Data    ZI Data      Debug   Library Member Name

        62         10          0          0          0        340   dunder.o
        40          0          0          0          0         68   fpclassify.o
       170          0          0          0          0         96   poly.o
      2520        190        136          0          0        324   pow.o
         0          0          8          0          0          0   qnan.o
        76          0          0          0          0         84   sqrt.o
        86          0          0          0          0          0   __dczerorl2.o
         0          0          0          0          0          0   entry.o
         0          0          0          0          0          0   entry10a.o
         0          0          0          0          0          0   entry11a.o
         8          4          0          0          0          0   entry2.o
         4          0          0          0          0          0   entry5.o
         0          0          0          0          0          0   entry7b.o
         0          0          0          0          0          0   entry8b.o
         8          4          0          0          0          0   entry9a.o
        12          6          0          4          0         68   errno.o
        30          0          0          0          0          0   handlers.o
        36          8          0          0          0         68   init.o
         0          0          0          0          0          0   iusefp.o
        30          0          0          0          0         68   llshl.o
        36          0          0          0          0         68   llsshr.o
        32          0          0          0          0         68   llushr.o
        36          0          0          0          0         68   memcpya.o
        36          0          0          0          0        108   memseta.o
        48          0          0          0          0         68   cdrcmple.o
       334          0          0          0          0        148   dadd.o
       222          0          0          0          0        100   ddiv.o
       186          0          0          0          0        176   depilogue.o
        50          0          0          0          0         76   dfixui.o
        34          0          0          0          0         76   dflti.o
        26          0          0          0          0         76   dfltui.o
       228          0          0          0          0         96   dmul.o
        46          0          0          0          0         80   dscalb.o
       162          0          0          0          0        100   dsqrt.o
        38          0          0          0          0         68   f2d.o
        40          0          0          0          0         68   ffixui.o

    ----------------------------------------------------------------------
      4640        222        144          4          0       2560   Library Totals
         4          0          0          0          0          0   (incl. Padding)

    ----------------------------------------------------------------------

      Code (inc. data)   RO Data    RW Data    ZI Data      Debug   Library Name

      2868        200        144          0          0        912   m_ws.l
       354         22          0          4          0        516   mc_w.l
      1414          0          0          0          0       1132   mf_w.l

    ----------------------------------------------------------------------
      4640        222        144          4          0       2560   Library Totals

    ----------------------------------------------------------------------

==============================================================================


      Code (inc. data)   RO Data    RW Data    ZI Data      Debug   

     19828       1376      10652        604      15020     424614   Grand Totals
     19828       1376      10652        136      15020     424614   ELF Image Totals (compressed)
     19828       1376      10652        136          0          0   ROM Totals

==============================================================================

    Total RO  Size (Code + RO Data)                30480 (  29.77kB)
    Total RW  Size (RW Data + ZI Data)             15624 (  15.26kB)
    Total ROM Size (Code + RO Data + RW Data)      30616 (  29.90kB)

==============================================================================

