Product: MDK-ARM Standard 5.10
Component: ARM Compiler 5.04 update 1 (build 49)
Tool: armlink [5040049]

==============================================================================

Section Cross References

    main.o(i.main) refers to ledseq.o(i.LedseqInit) for LedseqInit
    main.o(i.main) refers to system.o(i.systemLaunch) for systemLaunch
    main.o(i.main) refers to tasks.o(i.vTaskStartScheduler) for vTaskStartScheduler
    stm32f10x_it.o(i.DMA1_Channel4_IRQHandler) refers to stm32_qdcpt_usart.o(i.uartDmaIsr) for uartDmaIsr
    stm32f10x_it.o(i.EXTI0_IRQHandler) refers to stm32_qdcpt_exti.o(i.extiInterruptHandler) for extiInterruptHandler
    stm32f10x_it.o(i.USART1_IRQHandler) refers to stm32_qdcpt_usart.o(i.uartIsr) for uartIsr
    heap_4.o(i.prvHeapInit) refers to heap_4.o(.bss) for .bss
    heap_4.o(i.prvHeapInit) refers to heap_4.o(.data) for .data
    heap_4.o(i.prvInsertBlockIntoFreeList) refers to heap_4.o(.data) for .data
    heap_4.o(i.pvPortMalloc) refers to tasks.o(i.vTaskSuspendAll) for vTaskSuspendAll
    heap_4.o(i.pvPortMalloc) refers to heap_4.o(i.prvHeapInit) for prvHeapInit
    heap_4.o(i.pvPortMalloc) refers to heap_4.o(i.prvInsertBlockIntoFreeList) for prvInsertBlockIntoFreeList
    heap_4.o(i.pvPortMalloc) refers to tasks.o(i.xTaskResumeAll) for xTaskResumeAll
    heap_4.o(i.pvPortMalloc) refers to heap_4.o(.data) for .data
    heap_4.o(i.vPortFree) refers to tasks.o(i.vTaskSuspendAll) for vTaskSuspendAll
    heap_4.o(i.vPortFree) refers to heap_4.o(i.prvInsertBlockIntoFreeList) for prvInsertBlockIntoFreeList
    heap_4.o(i.vPortFree) refers to tasks.o(i.xTaskResumeAll) for xTaskResumeAll
    heap_4.o(i.vPortFree) refers to heap_4.o(.data) for .data
    heap_4.o(i.xPortGetFreeHeapSize) refers to heap_4.o(.data) for .data
    port.o(.emb_text) refers to tasks.o(i.vTaskSwitchContext) for vTaskSwitchContext
    port.o(.emb_text) refers to tasks.o(.data) for pxCurrentTCB
    port.o(i.vPortEnterCritical) refers to port.o(.emb_text) for ulPortSetInterruptMask
    port.o(i.vPortEnterCritical) refers to port.o(.data) for .data
    port.o(i.vPortExitCritical) refers to port.o(.emb_text) for vPortClearInterruptMask
    port.o(i.vPortExitCritical) refers to port.o(.data) for .data
    port.o(i.xPortStartScheduler) refers to port.o(i.vPortSetupTimerInterrupt) for vPortSetupTimerInterrupt
    port.o(i.xPortStartScheduler) refers to port.o(.emb_text) for __asm___6_port_c_39a90d8d__prvStartFirstTask
    port.o(i.xPortStartScheduler) refers to port.o(.data) for .data
    port.o(i.xPortSysTickHandler) refers to port.o(.emb_text) for ulPortSetInterruptMask
    port.o(i.xPortSysTickHandler) refers to tasks.o(i.xTaskIncrementTick) for xTaskIncrementTick
    croutine.o(i.prvCheckDelayedList) refers to tasks.o(i.xTaskGetTickCount) for xTaskGetTickCount
    croutine.o(i.prvCheckDelayedList) refers to port.o(.emb_text) for ulPortSetInterruptMask
    croutine.o(i.prvCheckDelayedList) refers to list.o(i.uxListRemove) for uxListRemove
    croutine.o(i.prvCheckDelayedList) refers to list.o(i.vListInsertEnd) for vListInsertEnd
    croutine.o(i.prvCheckDelayedList) refers to croutine.o(.data) for .data
    croutine.o(i.prvCheckDelayedList) refers to croutine.o(.bss) for .bss
    croutine.o(i.prvCheckPendingReadyList) refers to port.o(.emb_text) for ulPortSetInterruptMask
    croutine.o(i.prvCheckPendingReadyList) refers to list.o(i.uxListRemove) for uxListRemove
    croutine.o(i.prvCheckPendingReadyList) refers to list.o(i.vListInsertEnd) for vListInsertEnd
    croutine.o(i.prvCheckPendingReadyList) refers to croutine.o(.data) for .data
    croutine.o(i.prvCheckPendingReadyList) refers to croutine.o(.bss) for .bss
    croutine.o(i.prvInitialiseCoRoutineLists) refers to list.o(i.vListInitialise) for vListInitialise
    croutine.o(i.prvInitialiseCoRoutineLists) refers to croutine.o(.bss) for .bss
    croutine.o(i.prvInitialiseCoRoutineLists) refers to croutine.o(.data) for .data
    croutine.o(i.vCoRoutineAddToDelayedList) refers to list.o(i.uxListRemove) for uxListRemove
    croutine.o(i.vCoRoutineAddToDelayedList) refers to list.o(i.vListInsert) for vListInsert
    croutine.o(i.vCoRoutineAddToDelayedList) refers to croutine.o(.data) for .data
    croutine.o(i.vCoRoutineSchedule) refers to croutine.o(i.prvCheckPendingReadyList) for prvCheckPendingReadyList
    croutine.o(i.vCoRoutineSchedule) refers to croutine.o(i.prvCheckDelayedList) for prvCheckDelayedList
    croutine.o(i.vCoRoutineSchedule) refers to croutine.o(.bss) for .bss
    croutine.o(i.vCoRoutineSchedule) refers to croutine.o(.data) for .data
    croutine.o(i.xCoRoutineCreate) refers to heap_4.o(i.pvPortMalloc) for pvPortMalloc
    croutine.o(i.xCoRoutineCreate) refers to croutine.o(i.prvInitialiseCoRoutineLists) for prvInitialiseCoRoutineLists
    croutine.o(i.xCoRoutineCreate) refers to list.o(i.vListInitialiseItem) for vListInitialiseItem
    croutine.o(i.xCoRoutineCreate) refers to list.o(i.vListInsertEnd) for vListInsertEnd
[...]
    ../clib/microlib/printf/printf.c         0x00000000   Number         0  printf0.o ABSOLUTE
    ../clib/microlib/printf/printf.c         0x00000000   Number         0  printf1.o ABSOLUTE
    ../clib/microlib/printf/printf.c         0x00000000   Number         0  printf2.o ABSOLUTE
    ../clib/microlib/printf/printf.c         0x00000000   Number         0  printf3.o ABSOLUTE
    ../clib/microlib/printf/printf.c         0x00000000   Number         0  printf4.o ABSOLUTE
    ../clib/microlib/printf/printf.c         0x00000000   Number         0  printfb.o ABSOLUTE
    ../clib/microlib/printf/stubs.s          0x00000000   Number         0  stubs.o ABSOLUTE
    ../clib/microlib/stdio/streams.c         0x00000000   Number         0  stdout.o ABSOLUTE
    ../clib/microlib/string/memcpy.c         0x00000000   Number         0  memcpyb.o ABSOLUTE
    ../clib/microlib/string/memcpy.c         0x00000000   Number         0  memcpya.o ABSOLUTE
    ../clib/microlib/string/memset.c         0x00000000   Number         0  memseta.o ABSOLUTE
    ../clib/microlib/stubs.s                 0x00000000   Number         0  iusefp.o ABSOLUTE
    ../fplib/microlib/d2f.c                  0x00000000   Number         0  d2f.o ABSOLUTE
    ../fplib/microlib/fpadd.c                0x00000000   Number         0  dadd.o ABSOLUTE
    ../fplib/microlib/fpadd.c                0x00000000   Number         0  fadd.o ABSOLUTE
    ../fplib/microlib/fpdiv.c                0x00000000   Number         0  ddiv.o ABSOLUTE
    ../fplib/microlib/fpepilogue.c           0x00000000   Number         0  fepilogue.o ABSOLUTE
    ../fplib/microlib/fpepilogue.c           0x00000000   Number         0  depilogue.o ABSOLUTE
    ../fplib/microlib/fpfix.c                0x00000000   Number         0  dfixul.o ABSOLUTE
    ../fplib/microlib/fpfix.c                0x00000000   Number         0  dfixui.o ABSOLUTE
    ../fplib/microlib/fpfix.c                0x00000000   Number         0  ffixi.o ABSOLUTE
    ../fplib/microlib/fpflt.c                0x00000000   Number         0  dflti.o ABSOLUTE
    ../fplib/microlib/fpflt.c                0x00000000   Number         0  fflti.o ABSOLUTE
    ../fplib/microlib/fpmul.c                0x00000000   Number         0  dmul.o ABSOLUTE
    ../fplib/microlib/fpmul.c                0x00000000   Number         0  fmul.o ABSOLUTE
    ..\Application\src\comm.c                0x00000000   Number         0  comm.o ABSOLUTE
    ..\Application\src\console.c             0x00000000   Number         0  console.o ABSOLUTE
    ..\Application\src\crtp.c                0x00000000   Number         0  crtp.o ABSOLUTE
    ..\Application\src\ledseq.c              0x00000000   Number         0  ledseq.o ABSOLUTE
    ..\Application\src\radiolink.c           0x00000000   Number         0  radiolink.o ABSOLUTE
    ..\Application\src\system.c              0x00000000   Number         0  system.o ABSOLUTE
    ..\CM3\CoreSupport\core_cm3.c            0x00000000   Number         0  core_cm3.o ABSOLUTE
    ..\CM3\DeviceSupport\STM32F10x\startup\arm\startup_stm32f10x_md.s 0x00000000   Number         0  startup_stm32f10x_md.o ABSOLUTE
    ..\CM3\DeviceSupport\STM32F10x\system_stm32f10x.c 0x00000000   Number         0  system_stm32f10x.o ABSOLUTE
    ..\Drivers\src\Stm32Print.c              0x00000000   Number         0  stm32print.o ABSOLUTE
    ..\Drivers\src\stm32_qdcpt.c             0x00000000   Number         0  stm32_qdcpt.o ABSOLUTE
    ..\Drivers\src\stm32_qdcpt_exti.c        0x00000000   Number         0  stm32_qdcpt_exti.o ABSOLUTE
    ..\Drivers\src\stm32_qdcpt_led.c         0x00000000   Number         0  stm32_qdcpt_led.o ABSOLUTE
    ..\Drivers\src\stm32_qdcpt_usart.c       0x00000000   Number         0  stm32_qdcpt_usart.o ABSOLUTE
    ..\FreeRTOS\Source\croutine.c            0x00000000   Number         0  croutine.o ABSOLUTE
    ..\FreeRTOS\Source\list.c                0x00000000   Number         0  list.o ABSOLUTE
    ..\FreeRTOS\Source\portable\MemMang\heap_4.c 0x00000000   Number         0  heap_4.o ABSOLUTE
    ..\FreeRTOS\Source\portable\RVDS\ARM_CM3\port.c 0x00000000   Number         0  port.o ABSOLUTE
    ..\FreeRTOS\Source\queue.c               0x00000000   Number         0  queue.o ABSOLUTE
    ..\FreeRTOS\Source\tasks.c               0x00000000   Number         0  tasks.o ABSOLUTE
    ..\FreeRTOS\Source\timers.c              0x00000000   Number         0  timers.o ABSOLUTE
    ..\Hardware\src\nRF24L01.c               0x00000000   Number         0  nrf24l01.o ABSOLUTE
    ..\STM32F10x_StdPeriph_Driver\src\misc.c 0x00000000   Number         0  misc.o ABSOLUTE
    ..\STM32F10x_StdPeriph_Driver\src\stm32f10x_adc.c 0x00000000   Number         0  stm32f10x_adc.o ABSOLUTE
    ..\STM32F10x_StdPeriph_Driver\src\stm32f10x_bkp.c 0x00000000   Number         0  stm32f10x_bkp.o ABSOLUTE
    ..\STM32F10x_StdPeriph_Driver\src\stm32f10x_can.c 0x00000000   Number         0  stm32f10x_can.o ABSOLUTE
    ..\STM32F10x_StdPeriph_Driver\src\stm32f10x_cec.c 0x00000000   Number         0  stm32f10x_cec.o ABSOLUTE
    ..\STM32F10x_StdPeriph_Driver\src\stm32f10x_crc.c 0x00000000   Number         0  stm32f10x_crc.o ABSOLUTE
    ..\STM32F10x_StdPeriph_Driver\src\stm32f10x_dac.c 0x00000000   Number         0  stm32f10x_dac.o ABSOLUTE
    ..\STM32F10x_StdPeriph_Driver\src\stm32f10x_dbgmcu.c 0x00000000   Number         0  stm32f10x_dbgmcu.o ABSOLUTE
    ..\STM32F10x_StdPeriph_Driver\src\stm32f10x_dma.c 0x00000000   Number         0  stm32f10x_dma.o ABSOLUTE
    ..\STM32F10x_StdPeriph_Driver\src\stm32f10x_exti.c 0x00000000   Number         0  stm32f10x_exti.o ABSOLUTE
    ..\STM32F10x_StdPeriph_Driver\src\stm32f10x_flash.c 0x00000000   Number         0  stm32f10x_flash.o ABSOLUTE
    ..\STM32F10x_StdPeriph_Driver\src\stm32f10x_fsmc.c 0x00000000   Number         0  stm32f10x_fsmc.o ABSOLUTE
    ..\STM32F10x_StdPeriph_Driver\src\stm32f10x_gpio.c 0x00000000   Number         0  stm32f10x_gpio.o ABSOLUTE
    ..\STM32F10x_StdPeriph_Driver\src\stm32f10x_i2c.c 0x00000000   Number         0  stm32f10x_i2c.o ABSOLUTE
    ..\STM32F10x_StdPeriph_Driver\src\stm32f10x_iwdg.c 0x00000000   Number         0  stm32f10x_iwdg.o ABSOLUTE
    ..\STM32F10x_StdPeriph_Driver\src\stm32f10x_pwr.c 0x00000000   Number         0  stm32f10x_pwr.o ABSOLUTE
    ..\STM32F10x_StdPeriph_Driver\src\stm32f10x_rcc.c 0x00000000   Number         0  stm32f10x_rcc.o ABSOLUTE
    ..\STM32F10x_StdPeriph_Driver\src\stm32f10x_rtc.c 0x00000000   Number         0  stm32f10x_rtc.o ABSOLUTE
    ..\STM32F10x_StdPeriph_Driver\src\stm32f10x_sdio.c 0x00000000   Number         0  stm32f10x_sdio.o ABSOLUTE
    ..\STM32F10x_StdPeriph_Driver\src\stm32f10x_spi.c 0x00000000   Number         0  stm32f10x_spi.o ABSOLUTE
    ..\STM32F10x_StdPeriph_Driver\src\stm32f10x_tim.c 0x00000000   Number         0  stm32f10x_tim.o ABSOLUTE
    ..\STM32F10x_StdPeriph_Driver\src\stm32f10x_usart.c 0x00000000   Number         0  stm32f10x_usart.o ABSOLUTE
    ..\STM32F10x_StdPeriph_Driver\src\stm32f10x_wwdg.c 0x00000000   Number         0  stm32f10x_wwdg.o ABSOLUTE
    ..\Utils\src\cfassert.c                  0x00000000   Number         0  cfassert.o ABSOLUTE
    ..\Utils\src\eprintf.c                   0x00000000   Number         0  eprintf.o ABSOLUTE
    ..\\CM3\\CoreSupport\\core_cm3.c         0x00000000   Number         0  core_cm3.o ABSOLUTE
    ..\\FreeRTOS\\Source\\portable\\RVDS\\ARM_CM3\\port.c 0x00000000   Number         0  port.o ABSOLUTE
    cdrcmple.s                               0x00000000   Number         0  cdrcmple.o ABSOLUTE
    dc.s                                     0x00000000   Number         0  dc.o ABSOLUTE
    handlers.s                               0x00000000   Number         0  handlers.o ABSOLUTE
    init.s                                   0x00000000   Number         0  init.o ABSOLUTE
    main.c                                   0x00000000   Number         0  main.o ABSOLUTE
    stm32f10x_it.c                           0x00000000   Number         0  stm32f10x_it.o ABSOLUTE
    RESET                                    0x08000000   Section      236  startup_stm32f10x_md.o(RESET)
    .ARM.Collect$$$$00000000                 0x080000ec   Section        0  entry.o(.ARM.Collect$$$$00000000)
    .ARM.Collect$$$$00000001                 0x080000ec   Section        4  entry2.o(.ARM.Collect$$$$00000001)
    .ARM.Collect$$$$00000004                 0x080000f0   Section        4  entry5.o(.ARM.Collect$$$$00000004)
    .ARM.Collect$$$$00000008                 0x080000f4   Section        0  entry7b.o(.ARM.Collect$$$$00000008)
    .ARM.Collect$$$$0000000A                 0x080000f4   Section        0  entry8b.o(.ARM.Collect$$$$0000000A)
    .ARM.Collect$$$$0000000B                 0x080000f4   Section        8  entry9a.o(.ARM.Collect$$$$0000000B)
    .ARM.Collect$$$$0000000D                 0x080000fc   Section        0  entry10a.o(.ARM.Collect$$$$0000000D)
    .ARM.Collect$$$$0000000F                 0x080000fc   Section        0  entry11a.o(.ARM.Collect$$$$0000000F)
    .ARM.Collect$$$$00002712                 0x080000fc   Section        4  entry2.o(.ARM.Collect$$$$00002712)
    __lit__00000000                          0x080000fc   Data           4  entry2.o(.ARM.Collect$$$$00002712)
    .emb_text                                0x08000100   Section      138  port.o(.emb_text)
    .text                                    0x0800018c   Section       36  startup_stm32f10x_md.o(.text)
    .text                                    0x080001b0   Section        0  memcpya.o(.text)
    .text                                    0x080001d4   Section        0  memseta.o(.text)
    .text                                    0x080001f8   Section        0  dflti.o(.text)
    .text                                    0x0800021a   Section        0  dfixui.o(.text)
    .text                                    0x0800024c   Section        0  llushr.o(.text)
    .text                                    0x0800026c   Section        0  iusefp.o(.text)
    .text                                    0x0800026c   Section        0  depilogue.o(.text)
    .text                                    0x08000324   Section       36  init.o(.text)
    .text                                    0x08000348   Section        0  llshl.o(.text)
    .text                                    0x08000366   Section        0  __dczerorl2.o(.text)
    i.BusFault_Handler                       0x080003bc   Section        0  stm32f10x_it.o(i.BusFault_Handler)
    i.DMA1_Channel1_IRQHandler               0x080003be   Section        0  stm32f10x_it.o(i.DMA1_Channel1_IRQHandler)
    i.DMA1_Channel2_IRQHandler               0x080003c0   Section        0  stm32f10x_it.o(i.DMA1_Channel2_IRQHandler)
    i.DMA1_Channel3_IRQHandler               0x080003c2   Section        0  stm32f10x_it.o(i.DMA1_Channel3_IRQHandler)
    i.DMA1_Channel4_IRQHandler               0x080003c4   Section        0  stm32f10x_it.o(i.DMA1_Channel4_IRQHandler)
    i.DMA1_Channel5_IRQHandler               0x080003c8   Section        0  stm32f10x_it.o(i.DMA1_Channel5_IRQHandler)
    i.DMA1_Channel6_IRQHandler               0x080003ca   Section        0  stm32f10x_it.o(i.DMA1_Channel6_IRQHandler)
    i.DMA1_Channel7_IRQHandler               0x080003cc   Section        0  stm32f10x_it.o(i.DMA1_Channel7_IRQHandler)
    i.DMA_ClearITPendingBit                  0x080003d0   Section        0  stm32f10x_dma.o(i.DMA_ClearITPendingBit)
    i.DMA_Cmd                                0x080003e8   Section        0  stm32f10x_dma.o(i.DMA_Cmd)
    i.DMA_ITConfig                           0x08000402   Section        0  stm32f10x_dma.o(i.DMA_ITConfig)
    i.DebugMon_Handler                       0x08000416   Section        0  stm32f10x_it.o(i.DebugMon_Handler)
    i.EXTI0_IRQHandler                       0x08000418   Section        0  stm32f10x_it.o(i.EXTI0_IRQHandler)
    i.EXTI_ClearITPendingBit                 0x0800041c   Section        0  stm32f10x_exti.o(i.EXTI_ClearITPendingBit)
    i.EXTI_GetITStatus                       0x08000428   Section        0  stm32f10x_exti.o(i.EXTI_GetITStatus)
    i.EXTI_Init                              0x08000448   Section        0  stm32f10x_exti.o(i.EXTI_Init)
    i.GPIO_EXTILineConfig                    0x080004bc   Section        0  stm32f10x_gpio.o(i.GPIO_EXTILineConfig)
    i.GPIO_Init                              0x080004e4   Section        0  stm32f10x_gpio.o(i.GPIO_Init)
    i.GPIO_ResetBits                         0x0800058a   Section        0  stm32f10x_gpio.o(i.GPIO_ResetBits)
    i.GPIO_SetBits                           0x0800058e   Section        0  stm32f10x_gpio.o(i.GPIO_SetBits)
    i.GetPrio                                0x08000594   Section        0  ledseq.o(i.GetPrio)
    GetPrio                                  0x08000595   Thumb Code    26  ledseq.o(i.GetPrio)
    i.HardFault_Handler                      0x080005b4   Section        0  stm32f10x_it.o(i.HardFault_Handler)
    i.LedseqInit                             0x080005b8   Section        0  ledseq.o(i.LedseqInit)
    i.LedseqRun                              0x0800064c   Section        0  ledseq.o(i.LedseqRun)
    i.MemManage_Handler                      0x080006b4   Section        0  stm32f10x_it.o(i.MemManage_Handler)
    i.NMI_Handler                            0x080006b6   Section        0  stm32f10x_it.o(i.NMI_Handler)
    i.NVIC_Init                              0x080006b8   Section        0  misc.o(i.NVIC_Init)
    i.NVIC_PriorityGroupConfig               0x0800071c   Section        0  misc.o(i.NVIC_PriorityGroupConfig)
    i.QdcptUsartNvicInit                     0x08000730   Section        0  stm32_qdcpt_usart.o(i.QdcptUsartNvicInit)
    i.RCC_APB2PeriphClockCmd                 0x08000838   Section        0  stm32f10x_rcc.o(i.RCC_APB2PeriphClockCmd)
    i.RCC_GetClocksFreq                      0x08000854   Section        0  stm32f10x_rcc.o(i.RCC_GetClocksFreq)
    i.RunLedseq                              0x08000900   Section        0  ledseq.o(i.RunLedseq)
    RunLedseq                                0x08000901   Thumb Code   206  ledseq.o(i.RunLedseq)
    i.SPI_Cmd                                0x080009d8   Section        0  stm32f10x_spi.o(i.SPI_Cmd)
    i.SPI_I2S_GetFlagStatus                  0x080009f0   Section        0  stm32f10x_spi.o(i.SPI_I2S_GetFlagStatus)
    i.SPI_I2S_ReceiveData                    0x080009fe   Section        0  stm32f10x_spi.o(i.SPI_I2S_ReceiveData)
    i.SPI_I2S_SendData                       0x08000a02   Section        0  stm32f10x_spi.o(i.SPI_I2S_SendData)
    i.SPI_Init                               0x08000a06   Section        0  stm32f10x_spi.o(i.SPI_Init)
    i.SetSysClock                            0x08000a3e   Section        0  system_stm32f10x.o(i.SetSysClock)
    SetSysClock                              0x08000a3f   Thumb Code     4  system_stm32f10x.o(i.SetSysClock)
    i.SetSysClockTo72                        0x08000a44   Section        0  system_stm32f10x.o(i.SetSysClockTo72)
    SetSysClockTo72                          0x08000a45   Thumb Code   166  system_stm32f10x.o(i.SetSysClockTo72)
    i.SpiByte_RW                             0x08000af4   Section        0  nrf24l01.o(i.SpiByte_RW)
    SpiByte_RW                               0x08000af5   Thumb Code    48  nrf24l01.o(i.SpiByte_RW)
    i.Stm32QdcptInitLed                      0x08000b28   Section        0  stm32_qdcpt_led.o(i.Stm32QdcptInitLed)
    i.Stm32QdcptLedSet                       0x08000b60   Section        0  stm32_qdcpt_led.o(i.Stm32QdcptLedSet)
    i.SystemInit                             0x08000b98   Section        0  system_stm32f10x.o(i.SystemInit)
    i.USART1_IRQHandler                      0x08000be8   Section        0  stm32f10x_it.o(i.USART1_IRQHandler)
    i.USART_ClearITPendingBit                0x08000bec   Section        0  stm32f10x_usart.o(i.USART_ClearITPendingBit)
    i.USART_Cmd                              0x08000bfc   Section        0  stm32f10x_usart.o(i.USART_Cmd)
    i.USART_DMACmd                           0x08000c14   Section        0  stm32f10x_usart.o(i.USART_DMACmd)
    i.USART_GetITStatus                      0x08000c28   Section        0  stm32f10x_usart.o(i.USART_GetITStatus)
    i.USART_ITConfig                         0x08000c68   Section        0  stm32f10x_usart.o(i.USART_ITConfig)
    i.USART_Init                             0x08000ca0   Section        0  stm32f10x_usart.o(i.USART_Init)
    i.USART_ReceiveData                      0x08000d5c   Section        0  stm32f10x_usart.o(i.USART_ReceiveData)
    i.USART_SendData                         0x08000d64   Section        0  stm32f10x_usart.o(i.USART_SendData)
    i.UpdateActive                           0x08000d6c   Section        0  ledseq.o(i.UpdateActive)
    UpdateActive                             0x08000d6d   Thumb Code    56  ledseq.o(i.UpdateActive)
    i.UsageFault_Handler                     0x08000dac   Section        0  stm32f10x_it.o(i.UsageFault_Handler)
    i.__scatterload_copy                     0x08000dae   Section       14  handlers.o(i.__scatterload_copy)
    i.__scatterload_null                     0x08000dbc   Section        2  handlers.o(i.__scatterload_null)
    i.__scatterload_zeroinit                 0x08000dbe   Section       14  handlers.o(i.__scatterload_zeroinit)
    i.commInit                               0x08000dcc   Section        0  comm.o(i.commInit)
    i.crtpSetLink                            0x08000df0   Section        0  crtp.o(i.crtpSetLink)
    i.extiInit                               0x08000e20   Section        0  stm32_qdcpt_exti.o(i.extiInit)
    i.extiInterruptHandler                   0x08000e42   Section        0  stm32_qdcpt_exti.o(i.extiInterruptHandler)
    i.interruptCallback                      0x08000e60   Section        0  radiolink.o(i.interruptCallback)
    interruptCallback                        0x08000e61   Thumb Code    32  radiolink.o(i.interruptCallback)
    i.main                                   0x08000e84   Section        0  main.o(i.main)
    i.nopFunc                                0x08000e92   Section        0  crtp.o(i.nopFunc)
    nopFunc                                  0x08000e93   Thumb Code     4  crtp.o(i.nopFunc)
    i.nrf24l01Check                          0x08000e98   Section        0  radiolink.o(i.nrf24l01Check)
    i.nrfActivate                            0x08000edc   Section        0  nrf24l01.o(i.nrfActivate)
    i.nrfFlushRx                             0x08000f08   Section        0  nrf24l01.o(i.nrfFlushRx)
    i.nrfFlushTx                             0x08000f34   Section        0  nrf24l01.o(i.nrfFlushTx)
    i.nrfIsr                                 0x08000f60   Section        0  stm32_qdcpt_exti.o(i.nrfIsr)
    i.nrfReadBuf                             0x08000f70   Section        0  nrf24l01.o(i.nrfReadBuf)
    i.nrfReadReg                             0x08000fb8   Section        0  nrf24l01.o(i.nrfReadReg)
    i.nrfRxLength                            0x08000fc8   Section        0  nrf24l01.o(i.nrfRxLength)
    i.nrfRxPayload                           0x08000ff4   Section        0  nrf24l01.o(i.nrfRxPayload)
    i.nrfSetChannel                          0x08001038   Section        0  nrf24l01.o(i.nrfSetChannel)
    i.nrfSetDateRate                         0x08001046   Section        0  nrf24l01.o(i.nrfSetDateRate)
    i.nrfSetEnable                           0x08001060   Section        0  nrf24l01.o(i.nrfSetEnable)
    i.nrfSetInterruptCallback                0x0800107c   Section        0  stm32_qdcpt_exti.o(i.nrfSetInterruptCallback)
    i.nrfSetRxAddress                        0x08001088   Section        0  nrf24l01.o(i.nrfSetRxAddress)
    i.nrfSetTxAddress                        0x08001098   Section        0  nrf24l01.o(i.nrfSetTxAddress)
    i.nrfSpiInit                             0x080010a4   Section        0  nrf24l01.o(i.nrfSpiInit)
    i.nrfWriteBuf                            0x080011b0   Section        0  nrf24l01.o(i.nrfWriteBuf)
    i.nrfWritePayload                        0x080011f8   Section        0  nrf24l01.o(i.nrfWritePayload)
    i.nrfWriteReg                            0x08001250   Section        0  nrf24l01.o(i.nrfWriteReg)
    i.prvAddCurrentTaskToDelayedList         0x0800125c   Section        0  tasks.o(i.prvAddCurrentTaskToDelayedList)
    prvAddCurrentTaskToDelayedList           0x0800125d   Thumb Code    50  tasks.o(i.prvAddCurrentTaskToDelayedList)
    i.prvAllocateTCBAndStack                 0x08001294   Section        0  tasks.o(i.prvAllocateTCBAndStack)
    prvAllocateTCBAndStack                   0x08001295   Thumb Code    56  tasks.o(i.prvAllocateTCBAndStack)
    i.prvCheckForValidListAndQueue           0x080012cc   Section        0  timers.o(i.prvCheckForValidListAndQueue)
    prvCheckForValidListAndQueue             0x080012cd   Thumb Code    54  timers.o(i.prvCheckForValidListAndQueue)
    i.prvCheckTasksWaitingTermination        0x0800130c   Section        0  tasks.o(i.prvCheckTasksWaitingTermination)
    prvCheckTasksWaitingTermination          0x0800130d   Thumb Code    74  tasks.o(i.prvCheckTasksWaitingTermination)
    i.prvCopyDataFromQueue                   0x08001360   Section        0  queue.o(i.prvCopyDataFromQueue)
    prvCopyDataFromQueue                     0x08001361   Thumb Code    40  queue.o(i.prvCopyDataFromQueue)
    i.prvCopyDataToQueue                     0x08001388   Section        0  queue.o(i.prvCopyDataToQueue)
    prvCopyDataToQueue                       0x08001389   Thumb Code    90  queue.o(i.prvCopyDataToQueue)
    i.prvDeleteTCB                           0x080013e2   Section        0  tasks.o(i.prvDeleteTCB)
    prvDeleteTCB                             0x080013e3   Thumb Code    20  tasks.o(i.prvDeleteTCB)
    i.prvGetNextExpireTime                   0x080013f8   Section        0  timers.o(i.prvGetNextExpireTime)
    prvGetNextExpireTime                     0x080013f9   Thumb Code    30  timers.o(i.prvGetNextExpireTime)
    i.prvHeapInit                            0x0800141c   Section        0  heap_4.o(i.prvHeapInit)
    prvHeapInit                              0x0800141d   Thumb Code    52  heap_4.o(i.prvHeapInit)
    i.prvIdleTask                            0x08001458   Section        0  tasks.o(i.prvIdleTask)
    prvIdleTask                              0x08001459   Thumb Code    18  tasks.o(i.prvIdleTask)
    i.prvInitialiseTCBVariables              0x08001470   Section        0  tasks.o(i.prvInitialiseTCBVariables)
    prvInitialiseTCBVariables                0x08001471   Thumb Code    68  tasks.o(i.prvInitialiseTCBVariables)
    i.prvInitialiseTaskLists                 0x080014b4   Section        0  tasks.o(i.prvInitialiseTaskLists)
    prvInitialiseTaskLists                   0x080014b5   Thumb Code    78  tasks.o(i.prvInitialiseTaskLists)
    i.prvInsertBlockIntoFreeList             0x0800150c   Section        0  heap_4.o(i.prvInsertBlockIntoFreeList)
    prvInsertBlockIntoFreeList               0x0800150d   Thumb Code    78  heap_4.o(i.prvInsertBlockIntoFreeList)
    i.prvInsertTimerInActiveList             0x08001560   Section        0  timers.o(i.prvInsertTimerInActiveList)
    prvInsertTimerInActiveList               0x08001561   Thumb Code    60  timers.o(i.prvInsertTimerInActiveList)
    i.prvIsQueueEmpty                        0x080015a0   Section        0  queue.o(i.prvIsQueueEmpty)
    prvIsQueueEmpty                          0x080015a1   Thumb Code    26  queue.o(i.prvIsQueueEmpty)
    i.prvIsQueueFull                         0x080015ba   Section        0  queue.o(i.prvIsQueueFull)
    prvIsQueueFull                           0x080015bb   Thumb Code    30  queue.o(i.prvIsQueueFull)
    i.prvProcessExpiredTimer                 0x080015d8   Section        0  timers.o(i.prvProcessExpiredTimer)
    prvProcessExpiredTimer                   0x080015d9   Thumb Code    72  timers.o(i.prvProcessExpiredTimer)
    i.prvProcessReceivedCommands             0x08001624   Section        0  timers.o(i.prvProcessReceivedCommands)
    prvProcessReceivedCommands               0x08001625   Thumb Code   140  timers.o(i.prvProcessReceivedCommands)
    i.prvProcessTimerOrBlockTask             0x080016b4   Section        0  timers.o(i.prvProcessTimerOrBlockTask)
    prvProcessTimerOrBlockTask               0x080016b5   Thumb Code    72  timers.o(i.prvProcessTimerOrBlockTask)
    i.prvSampleTimeNow                       0x08001700   Section        0  timers.o(i.prvSampleTimeNow)
    prvSampleTimeNow                         0x08001701   Thumb Code    38  timers.o(i.prvSampleTimeNow)
    i.prvSwitchTimerLists                    0x0800172c   Section        0  timers.o(i.prvSwitchTimerLists)
    prvSwitchTimerLists                      0x0800172d   Thumb Code    86  timers.o(i.prvSwitchTimerLists)
    i.prvTimerTask                           0x08001788   Section        0  timers.o(i.prvTimerTask)
    prvTimerTask                             0x08001789   Thumb Code    20  timers.o(i.prvTimerTask)
    i.prvUnlockQueue                         0x0800179c   Section        0  queue.o(i.prvUnlockQueue)
    prvUnlockQueue                           0x0800179d   Thumb Code   100  queue.o(i.prvUnlockQueue)
    i.pvPortMalloc                           0x08001800   Section        0  heap_4.o(i.pvPortMalloc)
    i.pvTimerGetTimerID                      0x08001890   Section        0  timers.o(i.pvTimerGetTimerID)
    i.pxPortInitialiseStack                  0x08001894   Section        0  port.o(i.pxPortInitialiseStack)
    i.radioIsConnected                       0x080018a8   Section        0  radiolink.o(i.radioIsConnected)
    radioIsConnected                         0x080018a9   Thumb Code    26  radiolink.o(i.radioIsConnected)
    i.radioReceivePacket                     0x080018c8   Section        0  radiolink.o(i.radioReceivePacket)
    i.radioReset                             0x080018e0   Section        0  radiolink.o(i.radioReset)
    i.radioSendPacket                        0x080018f8   Section        0  radiolink.o(i.radioSendPacket)
    i.radioSetEnable                         0x08001910   Section        0  radiolink.o(i.radioSetEnable)
    i.radiolinkInit                          0x08001928   Section        0  radiolink.o(i.radiolinkInit)
    i.radiolinkInitNRF24L01P                 0x080019ac   Section        0  radiolink.o(i.radiolinkInitNRF24L01P)
    radiolinkInitNRF24L01P                   0x080019ad   Thumb Code   240  radiolink.o(i.radiolinkInitNRF24L01P)
    i.radiolinkTask                          0x08001aa8   Section        0  radiolink.o(i.radiolinkTask)
    radiolinkTask                            0x08001aa9   Thumb Code   160  radiolink.o(i.radiolinkTask)
    i.systemLaunch                           0x08001b54   Section        0  system.o(i.systemLaunch)
    i.systemTask                             0x08001b7c   Section        0  system.o(i.systemTask)
    systemTask                               0x08001b7d   Thumb Code    62  system.o(i.systemTask)
    i.uartDmaIsr                             0x08001bcc   Section        0  stm32_qdcpt_usart.o(i.uartDmaIsr)
    i.uartGetLink                            0x08001c00   Section        0  stm32_qdcpt_usart.o(i.uartGetLink)
    i.uartIsr                                0x08001c08   Section        0  stm32_qdcpt_usart.o(i.uartIsr)
    i.uartReceiveCRTPPacket                  0x08001cb4   Section        0  stm32_qdcpt_usart.o(i.uartReceiveCRTPPacket)
    i.uartSendCRTPPacket                     0x08001cd8   Section        0  stm32_qdcpt_usart.o(i.uartSendCRTPPacket)
    i.uartSetEnable                          0x08001d44   Section        0  stm32_qdcpt_usart.o(i.uartSetEnable)
    uartSetEnable                            0x08001d45   Thumb Code     4  stm32_qdcpt_usart.o(i.uartSetEnable)
    i.uxListRemove                           0x08001d48   Section        0  list.o(i.uxListRemove)
    i.vListInitialise                        0x08001d6c   Section        0  list.o(i.vListInitialise)
    i.vListInitialiseItem                    0x08001d82   Section        0  list.o(i.vListInitialiseItem)
    i.vListInsert                            0x08001d88   Section        0  list.o(i.vListInsert)
    i.vListInsertEnd                         0x08001db8   Section        0  list.o(i.vListInsertEnd)
    i.vPortEnterCritical                     0x08001dd0   Section        0  port.o(i.vPortEnterCritical)
    i.vPortExitCritical                      0x08001dec   Section        0  port.o(i.vPortExitCritical)
    i.vPortFree                              0x08001e04   Section        0  heap_4.o(i.vPortFree)
    i.vPortSetupTimerInterrupt               0x08001e44   Section        0  port.o(i.vPortSetupTimerInterrupt)
    i.vPortYield                             0x08001e58   Section        0  port.o(i.vPortYield)
    i.vQueueWaitForMessageRestricted         0x08001e70   Section        0  queue.o(i.vQueueWaitForMessageRestricted)
    i.vTaskDelay                             0x08001eac   Section        0  tasks.o(i.vTaskDelay)
    i.vTaskFunction                          0x08001ee4   Section        0  system.o(i.vTaskFunction)
    i.vTaskMissedYield                       0x08001f08   Section        0  tasks.o(i.vTaskMissedYield)
    i.vTaskPlaceOnEventList                  0x08001f14   Section        0  tasks.o(i.vTaskPlaceOnEventList)
    i.vTaskPlaceOnEventListRestricted        0x08001f50   Section        0  tasks.o(i.vTaskPlaceOnEventListRestricted)
    i.vTaskSetTimeOutState                   0x08001f78   Section        0  tasks.o(i.vTaskSetTimeOutState)
    i.vTaskStartScheduler                    0x08001f88   Section        0  tasks.o(i.vTaskStartScheduler)
    i.vTaskSuspendAll                        0x08001fd4   Section        0  tasks.o(i.vTaskSuspendAll)
    i.vTaskSwitchContext                     0x08001fe4   Section        0  tasks.o(i.vTaskSwitchContext)
    i.xPortStartScheduler                    0x08002038   Section        0  port.o(i.xPortStartScheduler)
    i.xPortSysTickHandler                    0x08002068   Section        0  port.o(i.xPortSysTickHandler)
    i.xQueueGenericCreate                    0x0800208c   Section        0  queue.o(i.xQueueGenericCreate)
    i.xQueueGenericReceive                   0x080020ce   Section        0  queue.o(i.xQueueGenericReceive)
    i.xQueueGenericReset                     0x080021b2   Section        0  queue.o(i.xQueueGenericReset)
    i.xQueueGenericSend                      0x08002214   Section        0  queue.o(i.xQueueGenericSend)
    i.xQueueGenericSendFromISR               0x080022e0   Section        0  queue.o(i.xQueueGenericSendFromISR)
    i.xTaskCheckForTimeOut                   0x08002344   Section        0  tasks.o(i.xTaskCheckForTimeOut)
    i.xTaskGenericCreate                     0x08002394   Section        0  tasks.o(i.xTaskGenericCreate)
    i.xTaskGetSchedulerState                 0x08002464   Section        0  tasks.o(i.xTaskGetSchedulerState)
    i.xTaskGetTickCount                      0x08002480   Section        0  tasks.o(i.xTaskGetTickCount)
    i.xTaskIncrementTick                     0x08002498   Section        0  tasks.o(i.xTaskIncrementTick)
    i.xTaskRemoveFromEventList               0x0800255c   Section        0  tasks.o(i.xTaskRemoveFromEventList)
    i.xTaskResumeAll                         0x080025b8   Section        0  tasks.o(i.xTaskResumeAll)
    i.xTimerCreate                           0x08002664   Section        0  timers.o(i.xTimerCreate)
    i.xTimerCreateTimerTask                  0x080026a4   Section        0  timers.o(i.xTimerCreateTimerTask)
    i.xTimerGenericCommand                   0x080026e4   Section        0  timers.o(i.xTimerGenericCommand)
    .data                                    0x20000000   Section       20  heap_4.o(.data)
    pxEnd                                    0x20000000   Data           4  heap_4.o(.data)
    xFreeBytesRemaining                      0x20000004   Data           4  heap_4.o(.data)
    xBlockAllocatedBit                       0x20000008   Data           4  heap_4.o(.data)
    xStart                                   0x2000000c   Data           8  heap_4.o(.data)
    .data                                    0x20000014   Section        4  port.o(.data)
    uxCriticalNesting                        0x20000014   Data           4  port.o(.data)
    .data                                    0x20000018   Section       56  tasks.o(.data)
    uxTasksDeleted                           0x2000001c   Data           4  tasks.o(.data)
    uxCurrentNumberOfTasks                   0x20000020   Data           4  tasks.o(.data)
    xTickCount                               0x20000024   Data           4  tasks.o(.data)
    uxTopReadyPriority                       0x20000028   Data           4  tasks.o(.data)
    xSchedulerRunning                        0x2000002c   Data           4  tasks.o(.data)
    uxSchedulerSuspended                     0x20000030   Data           4  tasks.o(.data)
    uxPendedTicks                            0x20000034   Data           4  tasks.o(.data)
    xYieldPending                            0x20000038   Data           4  tasks.o(.data)
    xNumOfOverflows                          0x2000003c   Data           4  tasks.o(.data)
    uxTaskNumber                             0x20000040   Data           4  tasks.o(.data)
    xNextTaskUnblockTime                     0x20000044   Data           4  tasks.o(.data)
    pxDelayedTaskList                        0x20000048   Data           4  tasks.o(.data)
    pxOverflowDelayedTaskList                0x2000004c   Data           4  tasks.o(.data)
    .data                                    0x20000050   Section       16  timers.o(.data)
    xTimerQueue                              0x20000050   Data           4  timers.o(.data)
    xLastTime                                0x20000054   Data           4  timers.o(.data)
    pxCurrentTimerList                       0x20000058   Data           4  timers.o(.data)
    pxOverflowTimerList                      0x2000005c   Data           4  timers.o(.data)
    .data                                    0x20000060   Section       40  radiolink.o(.data)
    isInit                                   0x20000060   Data           1  radiolink.o(.data)
    state                                    0x20000061   Data           1  radiolink.o(.data)
    dataRdy                                  0x20000064   Data           4  radiolink.o(.data)
    txQueue                                  0x20000068   Data           4  radiolink.o(.data)
    rxQueue                                  0x2000006c   Data           4  radiolink.o(.data)
    LastPacketTick                           0x20000070   Data           4  radiolink.o(.data)
    radioOp                                  0x20000074   Data          20  radiolink.o(.data)
    .data                                    0x20000088   Section       40  crtp.o(.data)
    isInit                                   0x20000088   Data           1  crtp.o(.data)
    link                                     0x2000008c   Data           4  crtp.o(.data)
    droppedPacket                            0x20000090   Data           4  crtp.o(.data)
    tmpQueue                                 0x20000094   Data           4  crtp.o(.data)
    rxQueue                                  0x20000098   Data           4  crtp.o(.data)
    nopLink                                  0x2000009c   Data          20  crtp.o(.data)
    .data                                    0x200000b0   Section       60  ledseq.o(.data)
    isInit                                   0x200000b0   Data           1  ledseq.o(.data)
    LedseqSem                                0x200000b4   Data           4  ledseq.o(.data)
    activeSeq                                0x200000b8   Data           8  ledseq.o(.data)
    timer                                    0x200000c0   Data           8  ledseq.o(.data)
    sequences                                0x200000c8   Data          36  ledseq.o(.data)
    .data                                    0x200000ec   Section       16  ledseq.o(.data)
    .data                                    0x200000fc   Section       24  ledseq.o(.data)
    .data                                    0x20000114   Section       24  ledseq.o(.data)
    .data                                    0x2000012c   Section       24  ledseq.o(.data)
    .data                                    0x20000144   Section       24  ledseq.o(.data)
    .data                                    0x2000015c   Section       16  ledseq.o(.data)
    .data                                    0x2000016c   Section       24  ledseq.o(.data)
    .data                                    0x20000184   Section       24  ledseq.o(.data)
    .data                                    0x2000019c   Section      120  ledseq.o(.data)
    .data                                    0x20000214   Section        1  comm.o(.data)
    isInit                                   0x20000214   Data           1  comm.o(.data)
    .data                                    0x20000215   Section       33  system.o(.data)
    .data                                    0x20000238   Section       44  stm32_qdcpt_usart.o(.data)
    crcIndex                                 0x20000238   Data           1  stm32_qdcpt_usart.o(.data)
    isUartDmaInitialized                     0x20000239   Data           1  stm32_qdcpt_usart.o(.data)
    dataIndex                                0x2000023a   Data           1  stm32_qdcpt_usart.o(.data)
    dataSize                                 0x2000023b   Data           1  stm32_qdcpt_usart.o(.data)
    txState                                  0x2000023c   Data           1  stm32_qdcpt_usart.o(.data)
    xRxedChars                               0x20000244   Data           4  stm32_qdcpt_usart.o(.data)
    xCharsForTx                              0x20000248   Data           4  stm32_qdcpt_usart.o(.data)
    packetDelivery                           0x2000024c   Data           4  stm32_qdcpt_usart.o(.data)
    uartOp                                   0x20000250   Data          20  stm32_qdcpt_usart.o(.data)
    .data                                    0x20000264   Section        4  stm32_qdcpt_exti.o(.data)
    interruptCb                              0x20000264   Data           4  stm32_qdcpt_exti.o(.data)
    .data                                    0x20000268   Section       20  stm32f10x_rcc.o(.data)
    ADCPrescTable                            0x20000268   Data           4  stm32f10x_rcc.o(.data)
    APBAHBPrescTable                         0x2000026c   Data          16  stm32f10x_rcc.o(.data)
    .bss                                     0x2000027c   Section    17408  heap_4.o(.bss)
    ucHeap                                   0x2000027c   Data       17408  heap_4.o(.bss)
    .bss                                     0x2000467c   Section      200  tasks.o(.bss)
    pxReadyTasksLists                        0x2000467c   Data         100  tasks.o(.bss)
    xDelayedTaskList1                        0x200046e0   Data          20  tasks.o(.bss)
    xDelayedTaskList2                        0x200046f4   Data          20  tasks.o(.bss)
    xPendingReadyList                        0x20004708   Data          20  tasks.o(.bss)
    xTasksWaitingTermination                 0x2000471c   Data          20  tasks.o(.bss)
    xSuspendedTaskList                       0x20004730   Data          20  tasks.o(.bss)
    .bss                                     0x20004744   Section       40  timers.o(.bss)
    xActiveTimerList1                        0x20004744   Data          20  timers.o(.bss)
    xActiveTimerList2                        0x20004758   Data          20  timers.o(.bss)
    .bss                                     0x2000476c   Section       66  radiolink.o(.bss)
    .bss                                     0x200047b0   Section       72  ledseq.o(.bss)
    state                                    0x200047b0   Data          72  ledseq.o(.bss)
    .bss                                     0x200047f8   Section      141  stm32_qdcpt_usart.o(.bss)
    outBuffer                                0x200047f8   Data          64  stm32_qdcpt_usart.o(.bss)
    DMA_InitStructureShare                   0x20004838   Data          44  stm32_qdcpt_usart.o(.bss)
    STACK                                    0x20004888   Section     1024  startup_stm32f10x_md.o(STACK)

    Global Symbols

    Symbol Name                              Value     Ov Type        Size  Object(Section)

    BuildAttributes$$THM_ISAv4$P$D$K$B$S$PE$A:L22UL41UL21$X:L11$S22US41US21$IEEE1$IW$USESV6$~STKCKD$USESV7$~SHL$OTIME$ROPI$EBA8$MICROLIB$REQ8$PRES8$EABIv2 0x00000000   Number         0  anon$$obj.o ABSOLUTE
    __ARM_use_no_argv                        0x00000000   Number         0  main.o ABSOLUTE
    _printf_a                                0x00000000   Number         0  stubs.o ABSOLUTE
    _printf_c                                0x00000000   Number         0  stubs.o ABSOLUTE
    _printf_charcount                        0x00000000   Number         0  stubs.o ABSOLUTE
    _printf_d                                0x00000000   Number         0  stubs.o ABSOLUTE
    _printf_e                                0x00000000   Number         0  stubs.o ABSOLUTE
    _printf_f                                0x00000000   Number         0  stubs.o ABSOLUTE
    _printf_flags                            0x00000000   Number         0  stubs.o ABSOLUTE
    _printf_fp_dec                           0x00000000   Number         0  stubs.o ABSOLUTE
    _printf_fp_hex                           0x00000000   Number         0  stubs.o ABSOLUTE
    _printf_g                                0x00000000   Number         0  stubs.o ABSOLUTE
    _printf_i                                0x00000000   Number         0  stubs.o ABSOLUTE
    _printf_int_dec                          0x00000000   Number         0  stubs.o ABSOLUTE
    _printf_l                                0x00000000   Number         0  stubs.o ABSOLUTE
    _printf_lc                               0x00000000   Number         0  stubs.o ABSOLUTE
    _printf_ll                               0x00000000   Number         0  stubs.o ABSOLUTE
    _printf_lld                              0x00000000   Number         0  stubs.o ABSOLUTE
    _printf_lli                              0x00000000   Number         0  stubs.o ABSOLUTE
    _printf_llo                              0x00000000   Number         0  stubs.o ABSOLUTE
    _printf_llu                              0x00000000   Number         0  stubs.o ABSOLUTE
    _printf_llx                              0x00000000   Number         0  stubs.o ABSOLUTE
    _printf_longlong_dec                     0x00000000   Number         0  stubs.o ABSOLUTE
    _printf_longlong_hex                     0x00000000   Number         0  stubs.o ABSOLUTE
    _printf_longlong_oct                     0x00000000   Number         0  stubs.o ABSOLUTE
    _printf_ls                               0x00000000   Number         0  stubs.o ABSOLUTE
    _printf_mbtowc                           0x00000000   Number         0  stubs.o ABSOLUTE
    _printf_n                                0x00000000   Number         0  stubs.o ABSOLUTE
    _printf_o                                0x00000000   Number         0  stubs.o ABSOLUTE
    _printf_p                                0x00000000   Number         0  stubs.o ABSOLUTE
    _printf_percent                          0x00000000   Number         0  stubs.o ABSOLUTE
    _printf_pre_padding                      0x00000000   Number         0  stubs.o ABSOLUTE
    _printf_return_value                     0x00000000   Number         0  stubs.o ABSOLUTE
    _printf_s                                0x00000000   Number         0  stubs.o ABSOLUTE
    _printf_sizespec                         0x00000000   Number         0  stubs.o ABSOLUTE
    _printf_str                              0x00000000   Number         0  stubs.o ABSOLUTE
    _printf_truncate_signed                  0x00000000   Number         0  stubs.o ABSOLUTE
    _printf_truncate_unsigned                0x00000000   Number         0  stubs.o ABSOLUTE
    _printf_u                                0x00000000   Number         0  stubs.o ABSOLUTE
    _printf_wc                               0x00000000   Number         0  stubs.o ABSOLUTE
    _printf_wctomb                           0x00000000   Number         0  stubs.o ABSOLUTE
    _printf_widthprec                        0x00000000   Number         0  stubs.o ABSOLUTE
    _printf_x                                0x00000000   Number         0  stubs.o ABSOLUTE
    __cpp_initialize__aeabi_                  - Undefined Weak Reference
    __cxa_finalize                            - Undefined Weak Reference
    _clock_init                               - Undefined Weak Reference
    _microlib_exit                            - Undefined Weak Reference
    __Vectors_Size                           0x000000ec   Number         0  startup_stm32f10x_md.o ABSOLUTE
    __Vectors                                0x08000000   Data           4  startup_stm32f10x_md.o(RESET)
    __Vectors_End                            0x080000ec   Data           0  startup_stm32f10x_md.o(RESET)
    __main                                   0x080000ed   Thumb Code     0  entry.o(.ARM.Collect$$$$00000000)
    _main_stk                                0x080000ed   Thumb Code     0  entry2.o(.ARM.Collect$$$$00000001)
    _main_scatterload                        0x080000f1   Thumb Code     0  entry5.o(.ARM.Collect$$$$00000004)
    __main_after_scatterload                 0x080000f5   Thumb Code     0  entry5.o(.ARM.Collect$$$$00000004)
    _main_clock                              0x080000f5   Thumb Code     0  entry7b.o(.ARM.Collect$$$$00000008)
    _main_cpp_init                           0x080000f5   Thumb Code     0  entry8b.o(.ARM.Collect$$$$0000000A)
    _main_init                               0x080000f5   Thumb Code     0  entry9a.o(.ARM.Collect$$$$0000000B)
    __rt_final_cpp                           0x080000fd   Thumb Code     0  entry10a.o(.ARM.Collect$$$$0000000D)
    __rt_final_exit                          0x080000fd   Thumb Code     0  entry11a.o(.ARM.Collect$$$$0000000F)
    SVC_Handler                              0x08000101   Thumb Code     0  port.o(.emb_text)
    vPortSVCHandler                          0x08000101   Thumb Code    28  port.o(.emb_text)
    __asm___6_port_c_39a90d8d__prvStartFirstTask 0x08000121   Thumb Code    16  port.o(.emb_text)
    PendSV_Handler                           0x08000135   Thumb Code     0  port.o(.emb_text)
    xPortPendSVHandler                       0x08000135   Thumb Code    56  port.o(.emb_text)
    ulPortSetInterruptMask                   0x08000171   Thumb Code    14  port.o(.emb_text)
    vPortClearInterruptMask                  0x0800017f   Thumb Code     6  port.o(.emb_text)
    vPortGetIPSR                             0x08000185   Thumb Code     6  port.o(.emb_text)
    Reset_Handler                            0x0800018d   Thumb Code     8  startup_stm32f10x_md.o(.text)
    ADC1_2_IRQHandler                        0x080001a7   Thumb Code     0  startup_stm32f10x_md.o(.text)
    CAN1_RX1_IRQHandler                      0x080001a7   Thumb Code     0  startup_stm32f10x_md.o(.text)
    CAN1_SCE_IRQHandler                      0x080001a7   Thumb Code     0  startup_stm32f10x_md.o(.text)
    EXTI15_10_IRQHandler                     0x080001a7   Thumb Code     0  startup_stm32f10x_md.o(.text)
    EXTI1_IRQHandler                         0x080001a7   Thumb Code     0  startup_stm32f10x_md.o(.text)
    EXTI2_IRQHandler                         0x080001a7   Thumb Code     0  startup_stm32f10x_md.o(.text)
    EXTI3_IRQHandler                         0x080001a7   Thumb Code     0  startup_stm32f10x_md.o(.text)
    EXTI4_IRQHandler                         0x080001a7   Thumb Code     0  startup_stm32f10x_md.o(.text)
    EXTI9_5_IRQHandler                       0x080001a7   Thumb Code     0  startup_stm32f10x_md.o(.text)
    FLASH_IRQHandler                         0x080001a7   Thumb Code     0  startup_stm32f10x_md.o(.text)
    I2C1_ER_IRQHandler                       0x080001a7   Thumb Code     0  startup_stm32f10x_md.o(.text)
    I2C1_EV_IRQHandler                       0x080001a7   Thumb Code     0  startup_stm32f10x_md.o(.text)
    I2C2_ER_IRQHandler                       0x080001a7   Thumb Code     0  startup_stm32f10x_md.o(.text)
    I2C2_EV_IRQHandler                       0x080001a7   Thumb Code     0  startup_stm32f10x_md.o(.text)
    PVD_IRQHandler                           0x080001a7   Thumb Code     0  startup_stm32f10x_md.o(.text)
    RCC_IRQHandler                           0x080001a7   Thumb Code     0  startup_stm32f10x_md.o(.text)
    RTCAlarm_IRQHandler                      0x080001a7   Thumb Code     0  startup_stm32f10x_md.o(.text)
    RTC_IRQHandler                           0x080001a7   Thumb Code     0  startup_stm32f10x_md.o(.text)
    SPI1_IRQHandler                          0x080001a7   Thumb Code     0  startup_stm32f10x_md.o(.text)
    SPI2_IRQHandler                          0x080001a7   Thumb Code     0  startup_stm32f10x_md.o(.text)
    TAMPER_IRQHandler                        0x080001a7   Thumb Code     0  startup_stm32f10x_md.o(.text)
    TIM1_BRK_IRQHandler                      0x080001a7   Thumb Code     0  startup_stm32f10x_md.o(.text)
    TIM1_CC_IRQHandler                       0x080001a7   Thumb Code     0  startup_stm32f10x_md.o(.text)
    TIM1_TRG_COM_IRQHandler                  0x080001a7   Thumb Code     0  startup_stm32f10x_md.o(.text)
    TIM1_UP_IRQHandler                       0x080001a7   Thumb Code     0  startup_stm32f10x_md.o(.text)
    TIM2_IRQHandler                          0x080001a7   Thumb Code     0  startup_stm32f10x_md.o(.text)
    TIM3_IRQHandler                          0x080001a7   Thumb Code     0  startup_stm32f10x_md.o(.text)
    TIM4_IRQHandler                          0x080001a7   Thumb Code     0  startup_stm32f10x_md.o(.text)
    USART2_IRQHandler                        0x080001a7   Thumb Code     0  startup_stm32f10x_md.o(.text)
    USART3_IRQHandler                        0x080001a7   Thumb Code     0  startup_stm32f10x_md.o(.text)
    USBWakeUp_IRQHandler                     0x080001a7   Thumb Code     0  startup_stm32f10x_md.o(.text)
    USB_HP_CAN1_TX_IRQHandler                0x080001a7   Thumb Code     0  startup_stm32f10x_md.o(.text)
    USB_LP_CAN1_RX0_IRQHandler               0x080001a7   Thumb Code     0  startup_stm32f10x_md.o(.text)
    WWDG_IRQHandler                          0x080001a7   Thumb Code     0  startup_stm32f10x_md.o(.text)
    __aeabi_memcpy                           0x080001b1   Thumb Code    36  memcpya.o(.text)
    __aeabi_memcpy4                          0x080001b1   Thumb Code     0  memcpya.o(.text)
    __aeabi_memcpy8                          0x080001b1   Thumb Code     0  memcpya.o(.text)
    __aeabi_memset                           0x080001d5   Thumb Code    14  memseta.o(.text)
    __aeabi_memset4                          0x080001d5   Thumb Code     0  memseta.o(.text)
    __aeabi_memset8                          0x080001d5   Thumb Code     0  memseta.o(.text)
    __aeabi_memclr                           0x080001e3   Thumb Code     4  memseta.o(.text)
    __aeabi_memclr4                          0x080001e3   Thumb Code     0  memseta.o(.text)
    __aeabi_memclr8                          0x080001e3   Thumb Code     0  memseta.o(.text)
    _memset$wrapper                          0x080001e7   Thumb Code    18  memseta.o(.text)
    __aeabi_i2d                              0x080001f9   Thumb Code    34  dflti.o(.text)
    __aeabi_d2uiz                            0x0800021b   Thumb Code    50  dfixui.o(.text)
    __aeabi_llsr                             0x0800024d   Thumb Code    32  llushr.o(.text)
    _ll_ushift_r                             0x0800024d   Thumb Code     0  llushr.o(.text)
    __I$use$fp                               0x0800026d   Thumb Code     0  iusefp.o(.text)
    _double_round                            0x0800026d   Thumb Code    26  depilogue.o(.text)
    _double_epilogue                         0x08000287   Thumb Code   156  depilogue.o(.text)
    __scatterload                            0x08000325   Thumb Code    28  init.o(.text)
    __scatterload_rt2                        0x08000325   Thumb Code     0  init.o(.text)
    __aeabi_llsl                             0x08000349   Thumb Code    30  llshl.o(.text)
    _ll_shift_l                              0x08000349   Thumb Code     0  llshl.o(.text)
    __decompress                             0x08000367   Thumb Code     0  __dczerorl2.o(.text)
    __decompress1                            0x08000367   Thumb Code    86  __dczerorl2.o(.text)
    BusFault_Handler                         0x080003bd   Thumb Code     2  stm32f10x_it.o(i.BusFault_Handler)
    DMA1_Channel1_IRQHandler                 0x080003bf   Thumb Code     2  stm32f10x_it.o(i.DMA1_Channel1_IRQHandler)
    DMA1_Channel2_IRQHandler                 0x080003c1   Thumb Code     2  stm32f10x_it.o(i.DMA1_Channel2_IRQHandler)
    DMA1_Channel3_IRQHandler                 0x080003c3   Thumb Code     2  stm32f10x_it.o(i.DMA1_Channel3_IRQHandler)
    DMA1_Channel4_IRQHandler                 0x080003c5   Thumb Code     4  stm32f10x_it.o(i.DMA1_Channel4_IRQHandler)
    DMA1_Channel5_IRQHandler                 0x080003c9   Thumb Code     2  stm32f10x_it.o(i.DMA1_Channel5_IRQHandler)
    DMA1_Channel6_IRQHandler                 0x080003cb   Thumb Code     2  stm32f10x_it.o(i.DMA1_Channel6_IRQHandler)
    DMA1_Channel7_IRQHandler                 0x080003cd   Thumb Code     2  stm32f10x_it.o(i.DMA1_Channel7_IRQHandler)
    DMA_ClearITPendingBit                    0x080003d1   Thumb Code    16  stm32f10x_dma.o(i.DMA_ClearITPendingBit)
    DMA_Cmd                                  0x080003e9   Thumb Code    26  stm32f10x_dma.o(i.DMA_Cmd)
    DMA_ITConfig                             0x08000403   Thumb Code    20  stm32f10x_dma.o(i.DMA_ITConfig)
    DebugMon_Handler                         0x08000417   Thumb Code     2  stm32f10x_it.o(i.DebugMon_Handler)
    EXTI0_IRQHandler                         0x08000419   Thumb Code     4  stm32f10x_it.o(i.EXTI0_IRQHandler)
    EXTI_ClearITPendingBit                   0x0800041d   Thumb Code     6  stm32f10x_exti.o(i.EXTI_ClearITPendingBit)
    EXTI_GetITStatus                         0x08000429   Thumb Code    28  stm32f10x_exti.o(i.EXTI_GetITStatus)
    EXTI_Init                                0x08000449   Thumb Code   110  stm32f10x_exti.o(i.EXTI_Init)
    GPIO_EXTILineConfig                      0x080004bd   Thumb Code    34  stm32f10x_gpio.o(i.GPIO_EXTILineConfig)
    GPIO_Init                                0x080004e5   Thumb Code   166  stm32f10x_gpio.o(i.GPIO_Init)
    GPIO_ResetBits                           0x0800058b   Thumb Code     4  stm32f10x_gpio.o(i.GPIO_ResetBits)
    GPIO_SetBits                             0x0800058f   Thumb Code     4  stm32f10x_gpio.o(i.GPIO_SetBits)
    HardFault_Handler                        0x080005b5   Thumb Code     2  stm32f10x_it.o(i.HardFault_Handler)
    LedseqInit                               0x080005b9   Thumb Code   124  ledseq.o(i.LedseqInit)
    LedseqRun                                0x0800064d   Thumb Code    94  ledseq.o(i.LedseqRun)
    MemManage_Handler                        0x080006b5   Thumb Code     2  stm32f10x_it.o(i.MemManage_Handler)
    NMI_Handler                              0x080006b7   Thumb Code     2  stm32f10x_it.o(i.NMI_Handler)
    NVIC_Init                                0x080006b9   Thumb Code    96  misc.o(i.NVIC_Init)
    NVIC_PriorityGroupConfig                 0x0800071d   Thumb Code    10  misc.o(i.NVIC_PriorityGroupConfig)
    QdcptUsartNvicInit                       0x08000731   Thumb Code   250  stm32_qdcpt_usart.o(i.QdcptUsartNvicInit)
    RCC_APB2PeriphClockCmd                   0x08000839   Thumb Code    22  stm32f10x_rcc.o(i.RCC_APB2PeriphClockCmd)
    RCC_GetClocksFreq                        0x08000855   Thumb Code   154  stm32f10x_rcc.o(i.RCC_GetClocksFreq)
    SPI_Cmd                                  0x080009d9   Thumb Code    24  stm32f10x_spi.o(i.SPI_Cmd)
    SPI_I2S_GetFlagStatus                    0x080009f1   Thumb Code    14  stm32f10x_spi.o(i.SPI_I2S_GetFlagStatus)
    SPI_I2S_ReceiveData                      0x080009ff   Thumb Code     4  stm32f10x_spi.o(i.SPI_I2S_ReceiveData)
    SPI_I2S_SendData                         0x08000a03   Thumb Code     4  stm32f10x_spi.o(i.SPI_I2S_SendData)
    SPI_Init                                 0x08000a07   Thumb Code    56  stm32f10x_spi.o(i.SPI_Init)
    Stm32QdcptInitLed                        0x08000b29   Thumb Code    50  stm32_qdcpt_led.o(i.Stm32QdcptInitLed)
    Stm32QdcptLedSet                         0x08000b61   Thumb Code    52  stm32_qdcpt_led.o(i.Stm32QdcptLedSet)
    SystemInit                               0x08000b99   Thumb Code    64  system_stm32f10x.o(i.SystemInit)
    USART1_IRQHandler                        0x08000be9   Thumb Code     4  stm32f10x_it.o(i.USART1_IRQHandler)
    USART_ClearITPendingBit                  0x08000bed   Thumb Code    16  stm32f10x_usart.o(i.USART_ClearITPendingBit)
    USART_Cmd                                0x08000bfd   Thumb Code    24  stm32f10x_usart.o(i.USART_Cmd)
    USART_DMACmd                             0x08000c15   Thumb Code    20  stm32f10x_usart.o(i.USART_DMACmd)
    USART_GetITStatus                        0x08000c29   Thumb Code    64  stm32f10x_usart.o(i.USART_GetITStatus)
    USART_ITConfig                           0x08000c69   Thumb Code    54  stm32f10x_usart.o(i.USART_ITConfig)
    USART_Init                               0x08000ca1   Thumb Code   182  stm32f10x_usart.o(i.USART_Init)
    USART_ReceiveData                        0x08000d5d   Thumb Code     8  stm32f10x_usart.o(i.USART_ReceiveData)
    USART_SendData                           0x08000d65   Thumb Code     8  stm32f10x_usart.o(i.USART_SendData)
    UsageFault_Handler                       0x08000dad   Thumb Code     2  stm32f10x_it.o(i.UsageFault_Handler)
    __scatterload_copy                       0x08000daf   Thumb Code    14  handlers.o(i.__scatterload_copy)
    __scatterload_null                       0x08000dbd   Thumb Code     2  handlers.o(i.__scatterload_null)
    __scatterload_zeroinit                   0x08000dbf   Thumb Code    14  handlers.o(i.__scatterload_zeroinit)
    commInit                                 0x08000dcd   Thumb Code    32  comm.o(i.commInit)
    crtpSetLink                              0x08000df1   Thumb Code    42  crtp.o(i.crtpSetLink)
    extiInit                                 0x08000e21   Thumb Code    34  stm32_qdcpt_exti.o(i.extiInit)
    extiInterruptHandler                     0x08000e43   Thumb Code    28  stm32_qdcpt_exti.o(i.extiInterruptHandler)
    main                                     0x08000e85   Thumb Code    14  main.o(i.main)
    nrf24l01Check                            0x08000e99   Thumb Code    60  radiolink.o(i.nrf24l01Check)
    nrfActivate                              0x08000edd   Thumb Code    38  nrf24l01.o(i.nrfActivate)
    nrfFlushRx                               0x08000f09   Thumb Code    38  nrf24l01.o(i.nrfFlushRx)
    nrfFlushTx                               0x08000f35   Thumb Code    38  nrf24l01.o(i.nrfFlushTx)
    nrfIsr                                   0x08000f61   Thumb Code    12  stm32_qdcpt_exti.o(i.nrfIsr)
    nrfReadBuf                               0x08000f71   Thumb Code    66  nrf24l01.o(i.nrfReadBuf)
    nrfReadReg                               0x08000fb9   Thumb Code    16  nrf24l01.o(i.nrfReadReg)
    nrfRxLength                              0x08000fc9   Thumb Code    38  nrf24l01.o(i.nrfRxLength)
    nrfRxPayload                             0x08000ff5   Thumb Code    62  nrf24l01.o(i.nrfRxPayload)
    nrfSetChannel                            0x08001039   Thumb Code    14  nrf24l01.o(i.nrfSetChannel)
    nrfSetDateRate                           0x08001047   Thumb Code    26  nrf24l01.o(i.nrfSetDateRate)
    nrfSetEnable                             0x08001061   Thumb Code    22  nrf24l01.o(i.nrfSetEnable)
    nrfSetInterruptCallback                  0x0800107d   Thumb Code     6  stm32_qdcpt_exti.o(i.nrfSetInterruptCallback)
    nrfSetRxAddress                          0x08001089   Thumb Code    16  nrf24l01.o(i.nrfSetRxAddress)
    nrfSetTxAddress                          0x08001099   Thumb Code    10  nrf24l01.o(i.nrfSetTxAddress)
    nrfSpiInit                               0x080010a5   Thumb Code   256  nrf24l01.o(i.nrfSpiInit)
    nrfWriteBuf                              0x080011b1   Thumb Code    68  nrf24l01.o(i.nrfWriteBuf)
    nrfWritePayload                          0x080011f9   Thumb Code    80  nrf24l01.o(i.nrfWritePayload)
    nrfWriteReg                              0x08001251   Thumb Code    12  nrf24l01.o(i.nrfWriteReg)
    pvPortMalloc                             0x08001801   Thumb Code   140  heap_4.o(i.pvPortMalloc)
    pvTimerGetTimerID                        0x08001891   Thumb Code     4  timers.o(i.pvTimerGetTimerID)
    pxPortInitialiseStack                    0x08001895   Thumb Code    20  port.o(i.pxPortInitialiseStack)
    radioReceivePacket                       0x080018c9   Thumb Code    20  radiolink.o(i.radioReceivePacket)
    radioReset                               0x080018e1   Thumb Code    20  radiolink.o(i.radioReset)
    radioSendPacket                          0x080018f9   Thumb Code    20  radiolink.o(i.radioSendPacket)
    radioSetEnable                           0x08001911   Thumb Code    18  radiolink.o(i.radioSetEnable)
    radiolinkInit                            0x08001929   Thumb Code   108  radiolink.o(i.radiolinkInit)
    systemLaunch                             0x08001b55   Thumb Code    28  system.o(i.systemLaunch)
    uartDmaIsr                               0x08001bcd   Thumb Code    44  stm32_qdcpt_usart.o(i.uartDmaIsr)
    uartGetLink                              0x08001c01   Thumb Code     4  stm32_qdcpt_usart.o(i.uartGetLink)
    uartIsr                                  0x08001c09   Thumb Code   158  stm32_qdcpt_usart.o(i.uartIsr)
    uartReceiveCRTPPacket                    0x08001cb5   Thumb Code    30  stm32_qdcpt_usart.o(i.uartReceiveCRTPPacket)
    uartSendCRTPPacket                       0x08001cd9   Thumb Code    94  stm32_qdcpt_usart.o(i.uartSendCRTPPacket)
    uxListRemove                             0x08001d49   Thumb Code    36  list.o(i.uxListRemove)
    vListInitialise                          0x08001d6d   Thumb Code    22  list.o(i.vListInitialise)
    vListInitialiseItem                      0x08001d83   Thumb Code     6  list.o(i.vListInitialiseItem)
    vListInsert                              0x08001d89   Thumb Code    48  list.o(i.vListInsert)
    vListInsertEnd                           0x08001db9   Thumb Code    24  list.o(i.vListInsertEnd)
    vPortEnterCritical                       0x08001dd1   Thumb Code    24  port.o(i.vPortEnterCritical)
    vPortExitCritical                        0x08001ded   Thumb Code    18  port.o(i.vPortExitCritical)
    vPortFree                                0x08001e05   Thumb Code    58  heap_4.o(i.vPortFree)
    vPortSetupTimerInterrupt                 0x08001e45   Thumb Code    14  port.o(i.vPortSetupTimerInterrupt)
    vPortYield                               0x08001e59   Thumb Code    18  port.o(i.vPortYield)
    vQueueWaitForMessageRestricted           0x08001e71   Thumb Code    58  queue.o(i.vQueueWaitForMessageRestricted)
    vTaskDelay                               0x08001ead   Thumb Code    52  tasks.o(i.vTaskDelay)
    vTaskFunction                            0x08001ee5   Thumb Code    28  system.o(i.vTaskFunction)
    vTaskMissedYield                         0x08001f09   Thumb Code     8  tasks.o(i.vTaskMissedYield)
    vTaskPlaceOnEventList                    0x08001f15   Thumb Code    52  tasks.o(i.vTaskPlaceOnEventList)
    vTaskPlaceOnEventListRestricted          0x08001f51   Thumb Code    34  tasks.o(i.vTaskPlaceOnEventListRestricted)
    vTaskSetTimeOutState                     0x08001f79   Thumb Code    12  tasks.o(i.vTaskSetTimeOutState)
    vTaskStartScheduler                      0x08001f89   Thumb Code    58  tasks.o(i.vTaskStartScheduler)
    vTaskSuspendAll                          0x08001fd5   Thumb Code    10  tasks.o(i.vTaskSuspendAll)
    vTaskSwitchContext                       0x08001fe5   Thumb Code    74  tasks.o(i.vTaskSwitchContext)
    xPortStartScheduler                      0x08002039   Thumb Code    38  port.o(i.xPortStartScheduler)
    SysTick_Handler                          0x08002069   Thumb Code     0  port.o(i.xPortSysTickHandler)
    xPortSysTickHandler                      0x08002069   Thumb Code    30  port.o(i.xPortSysTickHandler)
    xQueueGenericCreate                      0x0800208d   Thumb Code    66  queue.o(i.xQueueGenericCreate)
    xQueueGenericReceive                     0x080020cf   Thumb Code   228  queue.o(i.xQueueGenericReceive)
    xQueueGenericReset                       0x080021b3   Thumb Code    98  queue.o(i.xQueueGenericReset)
    xQueueGenericSend                        0x08002215   Thumb Code   204  queue.o(i.xQueueGenericSend)
    xQueueGenericSendFromISR                 0x080022e1   Thumb Code    98  queue.o(i.xQueueGenericSendFromISR)
    xTaskCheckForTimeOut                     0x08002345   Thumb Code    74  tasks.o(i.xTaskCheckForTimeOut)
    xTaskGenericCreate                       0x08002395   Thumb Code   198  tasks.o(i.xTaskGenericCreate)
    xTaskGetSchedulerState                   0x08002465   Thumb Code    24  tasks.o(i.xTaskGetSchedulerState)
    xTaskGetTickCount                        0x08002481   Thumb Code    18  tasks.o(i.xTaskGetTickCount)
    xTaskIncrementTick                       0x08002499   Thumb Code   188  tasks.o(i.xTaskIncrementTick)
    xTaskRemoveFromEventList                 0x0800255d   Thumb Code    84  tasks.o(i.xTaskRemoveFromEventList)
    xTaskResumeAll                           0x080025b9   Thumb Code   162  tasks.o(i.xTaskResumeAll)
    xTimerCreate                             0x08002665   Thumb Code    64  timers.o(i.xTimerCreate)
    xTimerCreateTimerTask                    0x080026a5   Thumb Code    46  timers.o(i.xTimerCreateTimerTask)
    xTimerGenericCommand                     0x080026e5   Thumb Code    78  timers.o(i.xTimerGenericCommand)
    Region$$Table$$Base                      0x08002738   Number         0  anon$$obj.o(Region$$Table)
    Region$$Table$$Limit                     0x08002758   Number         0  anon$$obj.o(Region$$Table)
    pxCurrentTCB                             0x20000018   Data           4  tasks.o(.data)
    dataLen                                  0x20000062   Data           1  radiolink.o(.data)
    seq_lowbat                               0x200000ec   Data          16  ledseq.o(.data)
    seq_armed                                0x200000fc   Data          24  ledseq.o(.data)
    seq_calibrated                           0x20000114   Data          24  ledseq.o(.data)
    seq_alive                                0x2000012c   Data          24  ledseq.o(.data)
    seq_linkup                               0x20000144   Data          24  ledseq.o(.data)
    seq_charged                              0x2000015c   Data          16  ledseq.o(.data)
    seq_charging                             0x2000016c   Data          24  ledseq.o(.data)
    seq_bootloader                           0x20000184   Data          24  ledseq.o(.data)
    seq_testPassed                           0x2000019c   Data         120  ledseq.o(.data)
    i                                        0x20000215   Data           1  system.o(.data)
    testtx                                   0x20000216   Data          32  system.o(.data)
    rxState                                  0x2000023d   Data           1  stm32_qdcpt_usart.o(.data)
    c                                        0x2000023e   Data           1  stm32_qdcpt_usart.o(.data)
    waitUntilSendDone                        0x20000240   Data           4  stm32_qdcpt_usart.o(.data)
    Rx_pk                                    0x2000476c   Data          33  radiolink.o(.bss)
    Tx_pk                                    0x2000478d   Data          33  radiolink.o(.bss)
    p                                        0x20004864   Data          33  stm32_qdcpt_usart.o(.bss)
    __initial_sp                             0x20004c88   Data           0  startup_stm32f10x_md.o(STACK)



==============================================================================

Memory Map of the image

  Image Entry point : 0x080000ed

  Load Region LR_IROM1 (Base: 0x08000000, Size: 0x000029d4, Max: 0x00020000, ABSOLUTE, COMPRESSED[0x000027f8])

    Execution Region ER_IROM1 (Base: 0x08000000, Size: 0x00002758, Max: 0x00020000, ABSOLUTE)

    Base Addr    Size         Type   Attr      Idx    E Section Name        Object

    0x08000000   0x000000ec   Data   RO         4685    RESET               startup_stm32f10x_md.o
    0x080000ec   0x00000000   Code   RO         4690  * .ARM.Collect$$$$00000000  mc_w.l(entry.o)
    0x080000ec   0x00000004   Code   RO         5004    .ARM.Collect$$$$00000001  mc_w.l(entry2.o)
    0x080000f0   0x00000004   Code   RO         5007    .ARM.Collect$$$$00000004  mc_w.l(entry5.o)
    0x080000f4   0x00000000   Code   RO         5009    .ARM.Collect$$$$00000008  mc_w.l(entry7b.o)
    0x080000f4   0x00000000   Code   RO         5011    .ARM.Collect$$$$0000000A  mc_w.l(entry8b.o)
    0x080000f4   0x00000008   Code   RO         5012    .ARM.Collect$$$$0000000B  mc_w.l(entry9a.o)
    0x080000fc   0x00000000   Code   RO         5014    .ARM.Collect$$$$0000000D  mc_w.l(entry10a.o)
    0x080000fc   0x00000000   Code   RO         5016    .ARM.Collect$$$$0000000F  mc_w.l(entry11a.o)
    0x080000fc   0x00000004   Code   RO         5005    .ARM.Collect$$$$00002712  mc_w.l(entry2.o)
    0x08000100   0x0000008a   Code   RO          290    .emb_text           port.o
    0x0800018a   0x00000002   PAD
    0x0800018c   0x00000024   Code   RO         4686    .text               startup_stm32f10x_md.o
    0x080001b0   0x00000024   Code   RO         4723    .text               mc_w.l(memcpya.o)
    0x080001d4   0x00000024   Code   RO         4725    .text               mc_w.l(memseta.o)
    0x080001f8   0x00000022   Code   RO         4996    .text               mf_w.l(dflti.o)
    0x0800021a   0x00000032   Code   RO         5000    .text               mf_w.l(dfixui.o)
    0x0800024c   0x00000020   Code   RO         5023    .text               mc_w.l(llushr.o)
    0x0800026c   0x00000000   Code   RO         5025    .text               mc_w.l(iusefp.o)
    0x0800026c   0x000000b6   Code   RO         5028    .text               mf_w.l(depilogue.o)
    0x08000322   0x00000002   PAD
    0x08000324   0x00000024   Code   RO         5040    .text               mc_w.l(init.o)
    0x08000348   0x0000001e   Code   RO         5042    .text               mc_w.l(llshl.o)
    0x08000366   0x00000056   Code   RO         5054    .text               mc_w.l(__dczerorl2.o)
    0x080003bc   0x00000002   Code   RO          142    i.BusFault_Handler  stm32f10x_it.o
    0x080003be   0x00000002   Code   RO          143    i.DMA1_Channel1_IRQHandler  stm32f10x_it.o
    0x080003c0   0x00000002   Code   RO          144    i.DMA1_Channel2_IRQHandler  stm32f10x_it.o
    0x080003c2   0x00000002   Code   RO          145    i.DMA1_Channel3_IRQHandler  stm32f10x_it.o
    0x080003c4   0x00000004   Code   RO          146    i.DMA1_Channel4_IRQHandler  stm32f10x_it.o
    0x080003c8   0x00000002   Code   RO          147    i.DMA1_Channel5_IRQHandler  stm32f10x_it.o
    0x080003ca   0x00000002   Code   RO          148    i.DMA1_Channel6_IRQHandler  stm32f10x_it.o
    0x080003cc   0x00000002   Code   RO          149    i.DMA1_Channel7_IRQHandler  stm32f10x_it.o
    0x080003ce   0x00000002   PAD
    0x080003d0   0x00000018   Code   RO         2383    i.DMA_ClearITPendingBit  stm32f10x_dma.o
    0x080003e8   0x0000001a   Code   RO         2384    i.DMA_Cmd           stm32f10x_dma.o
    0x08000402   0x00000014   Code   RO         2389    i.DMA_ITConfig      stm32f10x_dma.o
    0x08000416   0x00000002   Code   RO          150    i.DebugMon_Handler  stm32f10x_it.o
    0x08000418   0x00000004   Code   RO          151    i.EXTI0_IRQHandler  stm32f10x_it.o
    0x0800041c   0x0000000c   Code   RO         2455    i.EXTI_ClearITPendingBit  stm32f10x_exti.o
    0x08000428   0x00000020   Code   RO         2459    i.EXTI_GetITStatus  stm32f10x_exti.o
    0x08000448   0x00000074   Code   RO         2460    i.EXTI_Init         stm32f10x_exti.o
    0x080004bc   0x00000028   Code   RO         2811    i.GPIO_EXTILineConfig  stm32f10x_gpio.o
    0x080004e4   0x000000a6   Code   RO         2814    i.GPIO_Init         stm32f10x_gpio.o
    0x0800058a   0x00000004   Code   RO         2821    i.GPIO_ResetBits    stm32f10x_gpio.o
    0x0800058e   0x00000004   Code   RO         2822    i.GPIO_SetBits      stm32f10x_gpio.o
    0x08000592   0x00000002   PAD
    0x08000594   0x00000020   Code   RO         1074    i.GetPrio           ledseq.o
    0x080005b4   0x00000002   Code   RO          152    i.HardFault_Handler  stm32f10x_it.o
    0x080005b6   0x00000002   PAD
    0x080005b8   0x00000094   Code   RO         1075    i.LedseqInit        ledseq.o
    0x0800064c   0x00000068   Code   RO         1076    i.LedseqRun         ledseq.o
    0x080006b4   0x00000002   Code   RO          153    i.MemManage_Handler  stm32f10x_it.o
    0x080006b6   0x00000002   Code   RO          154    i.NMI_Handler       stm32f10x_it.o
    0x080006b8   0x00000064   Code   RO         1636    i.NVIC_Init         misc.o
    0x0800071c   0x00000014   Code   RO         1637    i.NVIC_PriorityGroupConfig  misc.o
    0x08000730   0x00000108   Code   RO         1473    i.QdcptUsartNvicInit  stm32_qdcpt_usart.o
    0x08000838   0x0000001c   Code   RO         3238    i.RCC_APB2PeriphClockCmd  stm32f10x_rcc.o
    0x08000854   0x000000ac   Code   RO         3246    i.RCC_GetClocksFreq  stm32f10x_rcc.o
    0x08000900   0x000000d8   Code   RO         1080    i.RunLedseq         ledseq.o
    0x080009d8   0x00000018   Code   RO         3715    i.SPI_Cmd           stm32f10x_spi.o
    0x080009f0   0x0000000e   Code   RO         3723    i.SPI_I2S_GetFlagStatus  stm32f10x_spi.o
    0x080009fe   0x00000004   Code   RO         3726    i.SPI_I2S_ReceiveData  stm32f10x_spi.o
    0x08000a02   0x00000004   Code   RO         3727    i.SPI_I2S_SendData  stm32f10x_spi.o
    0x08000a06   0x00000038   Code   RO         3728    i.SPI_Init          stm32f10x_spi.o
    0x08000a3e   0x00000004   Code   RO         4649    i.SetSysClock       system_stm32f10x.o
    0x08000a42   0x00000002   PAD
    0x08000a44   0x000000b0   Code   RO         4650    i.SetSysClockTo72   system_stm32f10x.o
    0x08000af4   0x00000034   Code   RO         1299    i.SpiByte_RW        nrf24l01.o
    0x08000b28   0x00000038   Code   RO         1580    i.Stm32QdcptInitLed  stm32_qdcpt_led.o
    0x08000b60   0x00000038   Code   RO         1581    i.Stm32QdcptLedSet  stm32_qdcpt_led.o
    0x08000b98   0x00000050   Code   RO         4652    i.SystemInit        system_stm32f10x.o
    0x08000be8   0x00000004   Code   RO          155    i.USART1_IRQHandler  stm32f10x_it.o
    0x08000bec   0x00000010   Code   RO         4403    i.USART_ClearITPendingBit  stm32f10x_usart.o
    0x08000bfc   0x00000018   Code   RO         4406    i.USART_Cmd         stm32f10x_usart.o
    0x08000c14   0x00000014   Code   RO         4407    i.USART_DMACmd      stm32f10x_usart.o
    0x08000c28   0x00000040   Code   RO         4410    i.USART_GetITStatus  stm32f10x_usart.o
    0x08000c68   0x00000036   Code   RO         4412    i.USART_ITConfig    stm32f10x_usart.o
    0x08000c9e   0x00000002   PAD
    0x08000ca0   0x000000bc   Code   RO         4413    i.USART_Init        stm32f10x_usart.o
    0x08000d5c   0x00000008   Code   RO         4420    i.USART_ReceiveData  stm32f10x_usart.o
    0x08000d64   0x00000008   Code   RO         4423    i.USART_SendData    stm32f10x_usart.o
    0x08000d6c   0x00000040   Code   RO         1081    i.UpdateActive      ledseq.o
    0x08000dac   0x00000002   Code   RO          156    i.UsageFault_Handler  stm32f10x_it.o
    0x08000dae   0x0000000e   Code   RO         5048    i.__scatterload_copy  mc_w.l(handlers.o)
    0x08000dbc   0x00000002   Code   RO         5049    i.__scatterload_null  mc_w.l(handlers.o)
    0x08000dbe   0x0000000e   Code   RO         5050    i.__scatterload_zeroinit  mc_w.l(handlers.o)
    0x08000dcc   0x00000024   Code   RO         1142    i.commInit          comm.o
    0x08000df0   0x00000030   Code   RO          981    i.crtpSetLink       crtp.o
    0x08000e20   0x00000022   Code   RO         1604    i.extiInit          stm32_qdcpt_exti.o
    0x08000e42   0x0000001c   Code   RO         1605    i.extiInterruptHandler  stm32_qdcpt_exti.o
    0x08000e5e   0x00000002   PAD
    0x08000e60   0x00000024   Code   RO          878    i.interruptCallback  radiolink.o
    0x08000e84   0x0000000e   Code   RO            1    i.main              main.o
    0x08000e92   0x00000004   Code   RO          984    i.nopFunc           crtp.o
    0x08000e96   0x00000002   PAD
    0x08000e98   0x00000044   Code   RO          879    i.nrf24l01Check     radiolink.o
    0x08000edc   0x0000002c   Code   RO         1300    i.nrfActivate       nrf24l01.o
    0x08000f08   0x0000002c   Code   RO         1301    i.nrfFlushRx        nrf24l01.o
    0x08000f34   0x0000002c   Code   RO         1302    i.nrfFlushTx        nrf24l01.o
    0x08000f60   0x00000010   Code   RO         1606    i.nrfIsr            stm32_qdcpt_exti.o
    0x08000f70   0x00000048   Code   RO         1305    i.nrfReadBuf        nrf24l01.o
    0x08000fb8   0x00000010   Code   RO         1306    i.nrfReadReg        nrf24l01.o
    0x08000fc8   0x0000002c   Code   RO         1307    i.nrfRxLength       nrf24l01.o
    0x08000ff4   0x00000044   Code   RO         1308    i.nrfRxPayload      nrf24l01.o
    0x08001038   0x0000000e   Code   RO         1309    i.nrfSetChannel     nrf24l01.o
    0x08001046   0x0000001a   Code   RO         1310    i.nrfSetDateRate    nrf24l01.o
    0x08001060   0x0000001c   Code   RO         1311    i.nrfSetEnable      nrf24l01.o
    0x0800107c   0x0000000c   Code   RO         1607    i.nrfSetInterruptCallback  stm32_qdcpt_exti.o
    0x08001088   0x00000010   Code   RO         1312    i.nrfSetRxAddress   nrf24l01.o
    0x08001098   0x0000000a   Code   RO         1313    i.nrfSetTxAddress   nrf24l01.o
    0x080010a2   0x00000002   PAD
    0x080010a4   0x0000010c   Code   RO         1314    i.nrfSpiInit        nrf24l01.o
    0x080011b0   0x00000048   Code   RO         1316    i.nrfWriteBuf       nrf24l01.o
    0x080011f8   0x00000058   Code   RO         1318    i.nrfWritePayload   nrf24l01.o
    0x08001250   0x0000000c   Code   RO         1319    i.nrfWriteReg       nrf24l01.o
    0x0800125c   0x00000038   Code   RO          569    i.prvAddCurrentTaskToDelayedList  tasks.o
    0x08001294   0x00000038   Code   RO          570    i.prvAllocateTCBAndStack  tasks.o
    0x080012cc   0x00000040   Code   RO          794    i.prvCheckForValidListAndQueue  timers.o
    0x0800130c   0x00000054   Code   RO          571    i.prvCheckTasksWaitingTermination  tasks.o
    0x08001360   0x00000028   Code   RO          442    i.prvCopyDataFromQueue  queue.o
    0x08001388   0x0000005a   Code   RO          443    i.prvCopyDataToQueue  queue.o
    0x080013e2   0x00000014   Code   RO          572    i.prvDeleteTCB      tasks.o
    0x080013f6   0x00000002   PAD
    0x080013f8   0x00000024   Code   RO          795    i.prvGetNextExpireTime  timers.o
    0x0800141c   0x0000003c   Code   RO          247    i.prvHeapInit       heap_4.o
    0x08001458   0x00000018   Code   RO          573    i.prvIdleTask       tasks.o
    0x08001470   0x00000044   Code   RO          574    i.prvInitialiseTCBVariables  tasks.o
    0x080014b4   0x00000058   Code   RO          575    i.prvInitialiseTaskLists  tasks.o
    0x0800150c   0x00000054   Code   RO          248    i.prvInsertBlockIntoFreeList  heap_4.o
    0x08001560   0x00000040   Code   RO          796    i.prvInsertTimerInActiveList  timers.o
    0x080015a0   0x0000001a   Code   RO          444    i.prvIsQueueEmpty   queue.o
    0x080015ba   0x0000001e   Code   RO          445    i.prvIsQueueFull    queue.o
    0x080015d8   0x0000004c   Code   RO          797    i.prvProcessExpiredTimer  timers.o
    0x08001624   0x00000090   Code   RO          798    i.prvProcessReceivedCommands  timers.o
    0x080016b4   0x0000004c   Code   RO          799    i.prvProcessTimerOrBlockTask  timers.o
    0x08001700   0x0000002c   Code   RO          800    i.prvSampleTimeNow  timers.o
    0x0800172c   0x0000005c   Code   RO          801    i.prvSwitchTimerLists  timers.o
    0x08001788   0x00000014   Code   RO          802    i.prvTimerTask      timers.o
    0x0800179c   0x00000064   Code   RO          446    i.prvUnlockQueue    queue.o
    0x08001800   0x00000090   Code   RO          249    i.pvPortMalloc      heap_4.o
    0x08001890   0x00000004   Code   RO          803    i.pvTimerGetTimerID  timers.o
    0x08001894   0x00000014   Code   RO          291    i.pxPortInitialiseStack  port.o
    0x080018a8   0x00000020   Code   RO          880    i.radioIsConnected  radiolink.o
    0x080018c8   0x00000018   Code   RO          881    i.radioReceivePacket  radiolink.o
    0x080018e0   0x00000018   Code   RO          882    i.radioReset        radiolink.o
    0x080018f8   0x00000018   Code   RO          883    i.radioSendPacket   radiolink.o
    0x08001910   0x00000018   Code   RO          884    i.radioSetEnable    radiolink.o
    0x08001928   0x00000084   Code   RO          886    i.radiolinkInit     radiolink.o
    0x080019ac   0x000000fc   Code   RO          887    i.radiolinkInitNRF24L01P  radiolink.o
    0x08001aa8   0x000000ac   Code   RO          889    i.radiolinkTask     radiolink.o
    0x08001b54   0x00000028   Code   RO         1204    i.systemLaunch      system.o
    0x08001b7c   0x00000050   Code   RO         1205    i.systemTask        system.o
    0x08001bcc   0x00000034   Code   RO         1475    i.uartDmaIsr        stm32_qdcpt_usart.o
    0x08001c00   0x00000008   Code   RO         1476    i.uartGetLink       stm32_qdcpt_usart.o
    0x08001c08   0x000000ac   Code   RO         1477    i.uartIsr           stm32_qdcpt_usart.o
    0x08001cb4   0x00000024   Code   RO         1479    i.uartReceiveCRTPPacket  stm32_qdcpt_usart.o
    0x08001cd8   0x0000006c   Code   RO         1481    i.uartSendCRTPPacket  stm32_qdcpt_usart.o
    0x08001d44   0x00000004   Code   RO         1484    i.uartSetEnable     stm32_qdcpt_usart.o
    0x08001d48   0x00000024   Code   RO          406    i.uxListRemove      list.o
    0x08001d6c   0x00000016   Code   RO          407    i.vListInitialise   list.o
    0x08001d82   0x00000006   Code   RO          408    i.vListInitialiseItem  list.o
    0x08001d88   0x00000030   Code   RO          409    i.vListInsert       list.o
    0x08001db8   0x00000018   Code   RO          410    i.vListInsertEnd    list.o
    0x08001dd0   0x0000001c   Code   RO          293    i.vPortEnterCritical  port.o
    0x08001dec   0x00000018   Code   RO          294    i.vPortExitCritical  port.o
    0x08001e04   0x00000040   Code   RO          250    i.vPortFree         heap_4.o
    0x08001e44   0x00000014   Code   RO          295    i.vPortSetupTimerInterrupt  port.o
    0x08001e58   0x00000018   Code   RO          296    i.vPortYield        port.o
    0x08001e70   0x0000003a   Code   RO          452    i.vQueueWaitForMessageRestricted  queue.o
    0x08001eaa   0x00000002   PAD
    0x08001eac   0x00000038   Code   RO          578    i.vTaskDelay        tasks.o
    0x08001ee4   0x00000024   Code   RO         1206    i.vTaskFunction     system.o
    0x08001f08   0x0000000c   Code   RO          582    i.vTaskMissedYield  tasks.o
    0x08001f14   0x0000003c   Code   RO          583    i.vTaskPlaceOnEventList  tasks.o
    0x08001f50   0x00000028   Code   RO          584    i.vTaskPlaceOnEventListRestricted  tasks.o
    0x08001f78   0x00000010   Code   RO          588    i.vTaskSetTimeOutState  tasks.o
    0x08001f88   0x0000004c   Code   RO          589    i.vTaskStartScheduler  tasks.o
    0x08001fd4   0x00000010   Code   RO          591    i.vTaskSuspendAll   tasks.o
    0x08001fe4   0x00000054   Code   RO          592    i.vTaskSwitchContext  tasks.o
    0x08002038   0x00000030   Code   RO          297    i.xPortStartScheduler  port.o
    0x08002068   0x00000024   Code   RO          298    i.xPortSysTickHandler  port.o
    0x0800208c   0x00000042   Code   RO          453    i.xQueueGenericCreate  queue.o
    0x080020ce   0x000000e4   Code   RO          454    i.xQueueGenericReceive  queue.o
    0x080021b2   0x00000062   Code   RO          455    i.xQueueGenericReset  queue.o
    0x08002214   0x000000cc   Code   RO          456    i.xQueueGenericSend  queue.o
    0x080022e0   0x00000062   Code   RO          457    i.xQueueGenericSendFromISR  queue.o
    0x08002342   0x00000002   PAD
    0x08002344   0x00000050   Code   RO          594    i.xTaskCheckForTimeOut  tasks.o
    0x08002394   0x000000d0   Code   RO          595    i.xTaskGenericCreate  tasks.o
    0x08002464   0x0000001c   Code   RO          597    i.xTaskGetSchedulerState  tasks.o
    0x08002480   0x00000018   Code   RO          598    i.xTaskGetTickCount  tasks.o
    0x08002498   0x000000c4   Code   RO          600    i.xTaskIncrementTick  tasks.o
    0x0800255c   0x0000005c   Code   RO          602    i.xTaskRemoveFromEventList  tasks.o
    0x080025b8   0x000000ac   Code   RO          603    i.xTaskResumeAll    tasks.o
    0x08002664   0x00000040   Code   RO          804    i.xTimerCreate      timers.o
    0x080026a4   0x00000040   Code   RO          805    i.xTimerCreateTimerTask  timers.o
    0x080026e4   0x00000054   Code   RO          806    i.xTimerGenericCommand  timers.o
    0x08002738   0x00000020   Data   RO         5046    Region$$Table       anon$$obj.o


    Execution Region RW_IRAM1 (Base: 0x20000000, Size: 0x00004c88, Max: 0x00005000, ABSOLUTE, COMPRESSED[0x000000a0])

    Base Addr    Size         Type   Attr      Idx    E Section Name        Object

    0x20000000   0x00000014   Data   RW          254    .data               heap_4.o
    0x20000014   0x00000004   Data   RW          299    .data               port.o
    0x20000018   0x00000038   Data   RW          606    .data               tasks.o
    0x20000050   0x00000010   Data   RW          809    .data               timers.o
    0x20000060   0x00000028   Data   RW          892    .data               radiolink.o
    0x20000088   0x00000028   Data   RW          986    .data               crtp.o
    0x200000b0   0x0000003c   Data   RW         1083    .data               ledseq.o
    0x200000ec   0x00000010   Data   RW         1084    .data               ledseq.o
    0x200000fc   0x00000018   Data   RW         1085    .data               ledseq.o
    0x20000114   0x00000018   Data   RW         1086    .data               ledseq.o
    0x2000012c   0x00000018   Data   RW         1087    .data               ledseq.o
    0x20000144   0x00000018   Data   RW         1089    .data               ledseq.o
    0x2000015c   0x00000010   Data   RW         1090    .data               ledseq.o
    0x2000016c   0x00000018   Data   RW         1091    .data               ledseq.o
    0x20000184   0x00000018   Data   RW         1092    .data               ledseq.o
    0x2000019c   0x00000078   Data   RW         1093    .data               ledseq.o
    0x20000214   0x00000001   Data   RW         1143    .data               comm.o
    0x20000215   0x00000021   Data   RW         1210    .data               system.o
    0x20000236   0x00000002   PAD
    0x20000238   0x0000002c   Data   RW         1486    .data               stm32_qdcpt_usart.o
    0x20000264   0x00000004   Data   RW         1608    .data               stm32_qdcpt_exti.o
    0x20000268   0x00000014   Data   RW         3266    .data               stm32f10x_rcc.o
    0x2000027c   0x00004400   Zero   RW          253    .bss                heap_4.o
    0x2000467c   0x000000c8   Zero   RW          605    .bss                tasks.o
    0x20004744   0x00000028   Zero   RW          808    .bss                timers.o
    0x2000476c   0x00000042   Zero   RW          891    .bss                radiolink.o
    0x200047ae   0x00000002   PAD
    0x200047b0   0x00000048   Zero   RW         1082    .bss                ledseq.o
    0x200047f8   0x0000008d   Zero   RW         1485    .bss                stm32_qdcpt_usart.o
    0x20004885   0x00000003   PAD
    0x20004888   0x00000400   Zero   RW         4683    STACK               startup_stm32f10x_md.o


==============================================================================

Image component sizes


      Code (inc. data)   RO Data    RW Data    ZI Data      Debug   Object Name

        36          4          0          1          0        627   comm.o
        52          6          0         40          0       2326   crtp.o
       352         24          0         20      17408       3919   heap_4.o
       564         58          0        356         72       5011   ledseq.o
       136          0          0          0          0       3026   list.o
        14          0          0          0          0     270363   main.o
       120         14          0          0          0       1607   misc.o
       918         70          0          0          0       9430   nrf24l01.o
       338         50          0          4          0       4629   port.o
      1038          0          0          0          0       9686   queue.o
       788         84          0         40         66       6552   radiolink.o
        36          8        236          0       1024        848   startup_stm32f10x_md.o
        90         10          0          4          0       2641   stm32_qdcpt_exti.o
       112         10          0          0          0       1455   stm32_qdcpt_led.o
       644         60          0         44        141       6235   stm32_qdcpt_usart.o
        70          8          0          0          0       3345   stm32f10x_dma.o
       160         16          0          0          0       2272   stm32f10x_exti.o
       214          6          0          0          0       3762   stm32f10x_gpio.o
        36          0          0          0          0       7461   stm32f10x_it.o
       200         24          0         20          0       4041   stm32f10x_rcc.o
       102          0          0          0          0       3914   stm32f10x_spi.o
       382          6          0          0          0       7112   stm32f10x_usart.o
       156         38          0         33          0       2251   system.o
       260         26          0          0          0       1969   system_stm32f10x.o
      1556        144          0         56        200      18895   tasks.o
       832         68          0         16         40       9546   timers.o

    ----------------------------------------------------------------------
      9230        734        268        636      18956     392923   Object Totals
         0          0         32          0          0          0   (incl. Generated)
        24          0          0          2          5          0   (incl. Padding)

    ----------------------------------------------------------------------

      Code (inc. data)   RO Data    RW Data    ZI Data      Debug   Library Member Name

        86          0          0          0          0          0   __dczerorl2.o
         0          0          0          0          0          0   entry.o
         0          0          0          0          0          0   entry10a.o
         0          0          0          0          0          0   entry11a.o
         8          4          0          0          0          0   entry2.o
         4          0          0          0          0          0   entry5.o
         0          0          0          0          0          0   entry7b.o
         0          0          0          0          0          0   entry8b.o
         8          4          0          0          0          0   entry9a.o
        30          0          0          0          0          0   handlers.o
        36          8          0          0          0         68   init.o
         0          0          0          0          0          0   iusefp.o
        30          0          0          0          0         68   llshl.o
        32          0          0          0          0         68   llushr.o
        36          0          0          0          0         68   memcpya.o
        36          0          0          0          0        108   memseta.o
       182          0          0          0          0        176   depilogue.o
        50          0          0          0          0         76   dfixui.o
        34          0          0          0          0         76   dflti.o

    ----------------------------------------------------------------------
       574         16          0          0          0        708   Library Totals
         2          0          0          0          0          0   (incl. Padding)

    ----------------------------------------------------------------------

      Code (inc. data)   RO Data    RW Data    ZI Data      Debug   Library Name

       306         16          0          0          0        380   mc_w.l
       266          0          0          0          0        328   mf_w.l

    ----------------------------------------------------------------------
       574         16          0          0          0        708   Library Totals

    ----------------------------------------------------------------------

==============================================================================


      Code (inc. data)   RO Data    RW Data    ZI Data      Debug   

      9804        750        268        636      18956     385439   Grand Totals
      9804        750        268        160      18956     385439   ELF Image Totals (compressed)
      9804        750        268        160          0          0   ROM Totals

==============================================================================

    Total RO  Size (Code + RO Data)                10072 (   9.84kB)
    Total RW  Size (RW Data + ZI Data)             19592 (  19.13kB)
    Total ROM Size (Code + RO Data + RW Data)      10232 (   9.99kB)

==============================================================================

